<?xml version="1.0" encoding="ISO-8859-1" ?>
<link_info>
   <banner>TI ARM Linker PC v20.2.5.LTS</banner>
   <copyright>Copyright (c) 1996-2018 Texas Instruments Incorporated</copyright>
   <link_time>0x639714d3</link_time>
   <link_errors>0x0</link_errors>
   <output_file>RTOSDemo.out</output_file>
   <entry_point>
      <name>_c_int00_noargs</name>
      <address>0x35b9</address>
   </entry_point>
   <input_file_list>
      <input_file id="fl-2">
         <path>.\</path>
         <kind>object</kind>
         <file>main.obj</file>
         <name>main.obj</name>
      </input_file>
      <input_file id="fl-3">
         <path>.\FreeRTOS_Source\</path>
         <kind>object</kind>
         <file>croutine.obj</file>
         <name>croutine.obj</name>
      </input_file>
      <input_file id="fl-4">
         <path>.\FreeRTOS_Source\</path>
         <kind>object</kind>
         <file>event_groups.obj</file>
         <name>event_groups.obj</name>
      </input_file>
      <input_file id="fl-5">
         <path>.\FreeRTOS_Source\</path>
         <kind>object</kind>
         <file>list.obj</file>
         <name>list.obj</name>
      </input_file>
      <input_file id="fl-6">
         <path>.\FreeRTOS_Source\</path>
         <kind>object</kind>
         <file>queue.obj</file>
         <name>queue.obj</name>
      </input_file>
      <input_file id="fl-7">
         <path>.\FreeRTOS_Source\</path>
         <kind>object</kind>
         <file>stream_buffer.obj</file>
         <name>stream_buffer.obj</name>
      </input_file>
      <input_file id="fl-8">
         <path>.\FreeRTOS_Source\</path>
         <kind>object</kind>
         <file>tasks.obj</file>
         <name>tasks.obj</name>
      </input_file>
      <input_file id="fl-9">
         <path>.\FreeRTOS_Source\</path>
         <kind>object</kind>
         <file>timers.obj</file>
         <name>timers.obj</name>
      </input_file>
      <input_file id="fl-a">
         <path>.\FreeRTOS_Source\portable\CCS\ARM_CM4F\</path>
         <kind>object</kind>
         <file>port.obj</file>
         <name>port.obj</name>
      </input_file>
      <input_file id="fl-b">
         <path>.\FreeRTOS_Source\portable\CCS\ARM_CM4F\</path>
         <kind>object</kind>
         <file>portasm.obj</file>
         <name>portasm.obj</name>
      </input_file>
      <input_file id="fl-c">
         <path>.\FreeRTOS_Source\portable\MemMang\</path>
         <kind>object</kind>
         <file>heap_4.obj</file>
         <name>heap_4.obj</name>
      </input_file>
      <input_file id="fl-d">
         <path>.\MainProgram\</path>
         <kind>object</kind>
         <file>main_program.obj</file>
         <name>main_program.obj</name>
      </input_file>
      <input_file id="fl-e">
         <path>.\driverlib\</path>
         <kind>object</kind>
         <file>cpu.obj</file>
         <name>cpu.obj</name>
      </input_file>
      <input_file id="fl-f">
         <path>.\driverlib\</path>
         <kind>object</kind>
         <file>cs.obj</file>
         <name>cs.obj</name>
      </input_file>
      <input_file id="fl-10">
         <path>.\driverlib\</path>
         <kind>object</kind>
         <file>flash.obj</file>
         <name>flash.obj</name>
      </input_file>
      <input_file id="fl-11">
         <path>.\driverlib\</path>
         <kind>object</kind>
         <file>fpu.obj</file>
         <name>fpu.obj</name>
      </input_file>
      <input_file id="fl-12">
         <path>.\driverlib\</path>
         <kind>object</kind>
         <file>gpio.obj</file>
         <name>gpio.obj</name>
      </input_file>
      <input_file id="fl-13">
         <path>.\driverlib\</path>
         <kind>object</kind>
         <file>interrupt.obj</file>
         <name>interrupt.obj</name>
      </input_file>
      <input_file id="fl-14">
         <path>.\driverlib\</path>
         <kind>object</kind>
         <file>pcm.obj</file>
         <name>pcm.obj</name>
      </input_file>
      <input_file id="fl-15">
         <path>.\driverlib\</path>
         <kind>object</kind>
         <file>sysctl.obj</file>
         <name>sysctl.obj</name>
      </input_file>
      <input_file id="fl-16">
         <path>.\driverlib\</path>
         <kind>object</kind>
         <file>timer32.obj</file>
         <name>timer32.obj</name>
      </input_file>
      <input_file id="fl-17">
         <path>.\driverlib\</path>
         <kind>object</kind>
         <file>uart.obj</file>
         <name>uart.obj</name>
      </input_file>
      <input_file id="fl-18">
         <path>.\driverlib\</path>
         <kind>object</kind>
         <file>wdt_a.obj</file>
         <name>wdt_a.obj</name>
      </input_file>
      <input_file id="fl-19">
         <path>.\inc\</path>
         <kind>object</kind>
         <file>Clock.obj</file>
         <name>Clock.obj</name>
      </input_file>
      <input_file id="fl-1a">
         <path>.\inc\</path>
         <kind>object</kind>
         <file>CortexM.obj</file>
         <name>CortexM.obj</name>
      </input_file>
      <input_file id="fl-1b">
         <path>.\inc\</path>
         <kind>object</kind>
         <file>SysTick.obj</file>
         <name>SysTick.obj</name>
      </input_file>
      <input_file id="fl-1c">
         <path>.\inc\</path>
         <kind>object</kind>
         <file>bumpSwitch.obj</file>
         <name>bumpSwitch.obj</name>
      </input_file>
      <input_file id="fl-1d">
         <path>.\inc\</path>
         <kind>object</kind>
         <file>dcMotor.obj</file>
         <name>dcMotor.obj</name>
      </input_file>
      <input_file id="fl-1e">
         <path>.\inc\</path>
         <kind>object</kind>
         <file>outputLED.obj</file>
         <name>outputLED.obj</name>
      </input_file>
      <input_file id="fl-1f">
         <path>.\inc\</path>
         <kind>object</kind>
         <file>songFile.obj</file>
         <name>songFile.obj</name>
      </input_file>
      <input_file id="fl-20">
         <path>.\system\CCS\</path>
         <kind>object</kind>
         <file>msp432_startup_ccs.obj</file>
         <name>msp432_startup_ccs.obj</name>
      </input_file>
      <input_file id="fl-21">
         <path>.\system\CCS\</path>
         <kind>object</kind>
         <file>printf-stdarg.obj</file>
         <name>printf-stdarg.obj</name>
      </input_file>
      <input_file id="fl-22">
         <path>.\system\CCS\</path>
         <kind>object</kind>
         <file>system_msp432p401r.obj</file>
         <name>system_msp432p401r.obj</name>
      </input_file>
      <input_file id="fl-26">
         <kind>object</kind>
         <file>&lt;internal&gt;</file>
         <name>&lt;internal&gt;</name>
      </input_file>
      <input_file id="fl-dc">
         <path>C:\TI\ccs\tools\compiler\ti-cgt-arm_20.2.5.LTS\lib\</path>
         <kind>archive</kind>
         <file>rtsv7M4_T_le_v4SPD16_eabi.lib</file>
         <name>memcpy_t2.asm.obj</name>
      </input_file>
      <input_file id="fl-dd">
         <path>C:\TI\ccs\tools\compiler\ti-cgt-arm_20.2.5.LTS\lib\</path>
         <kind>archive</kind>
         <file>rtsv7M4_T_le_v4SPD16_eabi.lib</file>
         <name>u_divt2.asm.obj</name>
      </input_file>
      <input_file id="fl-de">
         <path>C:\TI\ccs\tools\compiler\ti-cgt-arm_20.2.5.LTS\lib\</path>
         <kind>archive</kind>
         <file>rtsv7M4_T_le_v4SPD16_eabi.lib</file>
         <name>memset_t2.asm.obj</name>
      </input_file>
      <input_file id="fl-df">
         <path>C:\TI\ccs\tools\compiler\ti-cgt-arm_20.2.5.LTS\lib\</path>
         <kind>archive</kind>
         <file>rtsv7M4_T_le_v4SPD16_eabi.lib</file>
         <name>copy_zero_init.c.obj</name>
      </input_file>
      <input_file id="fl-e0">
         <path>C:\TI\ccs\tools\compiler\ti-cgt-arm_20.2.5.LTS\lib\</path>
         <kind>archive</kind>
         <file>rtsv7M4_T_le_v4SPD16_eabi.lib</file>
         <name>copy_decompress_none.c.obj</name>
      </input_file>
      <input_file id="fl-e1">
         <path>C:\TI\ccs\tools\compiler\ti-cgt-arm_20.2.5.LTS\lib\</path>
         <kind>archive</kind>
         <file>rtsv7M4_T_le_v4SPD16_eabi.lib</file>
         <name>copy_decompress_lzss.c.obj</name>
      </input_file>
      <input_file id="fl-e2">
         <path>C:\TI\ccs\tools\compiler\ti-cgt-arm_20.2.5.LTS\lib\</path>
         <kind>archive</kind>
         <file>rtsv7M4_T_le_v4SPD16_eabi.lib</file>
         <name>strcpy.c.obj</name>
      </input_file>
      <input_file id="fl-e3">
         <path>C:\TI\ccs\tools\compiler\ti-cgt-arm_20.2.5.LTS\lib\</path>
         <kind>archive</kind>
         <file>rtsv7M4_T_le_v4SPD16_eabi.lib</file>
         <name>strlen.c.obj</name>
      </input_file>
      <input_file id="fl-e4">
         <path>C:\TI\ccs\tools\compiler\ti-cgt-arm_20.2.5.LTS\lib\</path>
         <kind>archive</kind>
         <file>rtsv7M4_T_le_v4SPD16_eabi.lib</file>
         <name>boot_cortex_m.c.obj</name>
      </input_file>
      <input_file id="fl-e5">
         <path>C:\TI\ccs\tools\compiler\ti-cgt-arm_20.2.5.LTS\lib\</path>
         <kind>archive</kind>
         <file>rtsv7M4_T_le_v4SPD16_eabi.lib</file>
         <name>div0.asm.obj</name>
      </input_file>
      <input_file id="fl-e6">
         <path>C:\TI\ccs\tools\compiler\ti-cgt-arm_20.2.5.LTS\lib\</path>
         <kind>archive</kind>
         <file>rtsv7M4_T_le_v4SPD16_eabi.lib</file>
         <name>autoinit.c.obj</name>
      </input_file>
      <input_file id="fl-e7">
         <path>C:\TI\ccs\tools\compiler\ti-cgt-arm_20.2.5.LTS\lib\</path>
         <kind>archive</kind>
         <file>rtsv7M4_T_le_v4SPD16_eabi.lib</file>
         <name>pre_init.c.obj</name>
      </input_file>
      <input_file id="fl-e8">
         <path>C:\TI\ccs\tools\compiler\ti-cgt-arm_20.2.5.LTS\lib\</path>
         <kind>archive</kind>
         <file>rtsv7M4_T_le_v4SPD16_eabi.lib</file>
         <name>cpy_tbl.c.obj</name>
      </input_file>
      <input_file id="fl-e9">
         <path>C:\TI\ccs\tools\compiler\ti-cgt-arm_20.2.5.LTS\lib\</path>
         <kind>archive</kind>
         <file>rtsv7M4_T_le_v4SPD16_eabi.lib</file>
         <name>exit.c.obj</name>
      </input_file>
      <input_file id="fl-ea">
         <path>C:\TI\ccs\tools\compiler\ti-cgt-arm_20.2.5.LTS\lib\</path>
         <kind>archive</kind>
         <file>rtsv7M4_T_le_v4SPD16_eabi.lib</file>
         <name>_lock.c.obj</name>
      </input_file>
      <input_file id="fl-eb">
         <path>C:\TI\ccs\tools\compiler\ti-cgt-arm_20.2.5.LTS\lib\</path>
         <kind>archive</kind>
         <file>rtsv7M4_T_le_v4SPD16_eabi.lib</file>
         <name>args_main.c.obj</name>
      </input_file>
   </input_file_list>
   <object_component_list>
      <object_component id="oc-13">
         <name>.intvecs:retain</name>
         <load_address>0x0</load_address>
         <run_address>0x0</run_address>
         <size>0x144</size>
         <input_file_ref idref="fl-20"/>
      </object_component>
      <object_component id="oc-334">
         <name>.text:play_song</name>
         <load_address>0x148</load_address>
         <run_address>0x148</run_address>
         <size>0x2de</size>
         <input_file_ref idref="fl-1f"/>
      </object_component>
      <object_component id="oc-59e">
         <name>.text:xQueueGenericSend</name>
         <load_address>0x428</load_address>
         <run_address>0x428</run_address>
         <size>0x194</size>
         <input_file_ref idref="fl-6"/>
      </object_component>
      <object_component id="oc-f2">
         <name>.text:_system_pre_init</name>
         <load_address>0x5bc</load_address>
         <run_address>0x5bc</run_address>
         <size>0x4</size>
         <input_file_ref idref="fl-e7"/>
      </object_component>
      <object_component id="oc-562">
         <name>.text:xQueueReceive</name>
         <load_address>0x5c0</load_address>
         <run_address>0x5c0</run_address>
         <size>0x164</size>
         <input_file_ref idref="fl-6"/>
      </object_component>
      <object_component id="oc-1a7">
         <name>.text:abort:abort</name>
         <load_address>0x724</load_address>
         <run_address>0x724</run_address>
         <size>0x4</size>
         <input_file_ref idref="fl-e9"/>
      </object_component>
      <object_component id="oc-5ca">
         <name>.text:CS_getDCOFrequency</name>
         <load_address>0x728</load_address>
         <run_address>0x728</run_address>
         <size>0x148</size>
         <input_file_ref idref="fl-f"/>
      </object_component>
      <object_component id="oc-a8">
         <name>.text:xTaskIncrementTick</name>
         <load_address>0x870</load_address>
         <run_address>0x870</run_address>
         <size>0x148</size>
         <input_file_ref idref="fl-8"/>
      </object_component>
      <object_component id="oc-40d">
         <name>.text:vPortSuppressTicksAndSleep</name>
         <load_address>0x9b8</load_address>
         <run_address>0x9b8</run_address>
         <size>0x134</size>
         <input_file_ref idref="fl-a"/>
      </object_component>
      <object_component id="oc-2c8">
         <name>.text:pvPortMalloc</name>
         <load_address>0xaf0</load_address>
         <run_address>0xaf0</run_address>
         <size>0x12c</size>
         <input_file_ref idref="fl-c"/>
      </object_component>
      <object_component id="oc-2bf">
         <name>.text:CS_initClockSignal</name>
         <load_address>0xc20</load_address>
         <run_address>0xc20</run_address>
         <size>0x11c</size>
         <input_file_ref idref="fl-f"/>
      </object_component>
      <object_component id="oc-569">
         <name>.text:_CSComputeCLKFrequency</name>
         <load_address>0xd40</load_address>
         <run_address>0xd40</run_address>
         <size>0x114</size>
         <input_file_ref idref="fl-f"/>
      </object_component>
      <object_component id="oc-3b8">
         <name>.text:xTaskResumeAll</name>
         <load_address>0xe58</load_address>
         <run_address>0xe58</run_address>
         <size>0x10c</size>
         <input_file_ref idref="fl-8"/>
      </object_component>
      <object_component id="oc-531">
         <name>.text:__PCM_setPowerModeAdvanced</name>
         <load_address>0xf68</load_address>
         <run_address>0xf68</run_address>
         <size>0x108</size>
         <input_file_ref idref="fl-14"/>
      </object_component>
      <object_component id="oc-341">
         <name>.text:dcMotor_response</name>
         <load_address>0x1070</load_address>
         <run_address>0x1070</run_address>
         <size>0x106</size>
         <input_file_ref idref="fl-1d"/>
      </object_component>
      <object_component id="oc-4e3">
         <name>.text:prvProcessReceivedCommands</name>
         <load_address>0x1178</load_address>
         <run_address>0x1178</run_address>
         <size>0x100</size>
         <input_file_ref idref="fl-9"/>
      </object_component>
      <object_component id="oc-354">
         <name>.text:vTaskSuspend</name>
         <load_address>0x1278</load_address>
         <run_address>0x1278</run_address>
         <size>0xf0</size>
         <input_file_ref idref="fl-8"/>
      </object_component>
      <object_component id="oc-1a0">
         <name>.text:main_program</name>
         <load_address>0x1368</load_address>
         <run_address>0x1368</run_address>
         <size>0xec</size>
         <input_file_ref idref="fl-d"/>
      </object_component>
      <object_component id="oc-2e7">
         <name>.text:xPortStartScheduler</name>
         <load_address>0x1458</load_address>
         <run_address>0x1458</run_address>
         <size>0xdc</size>
         <input_file_ref idref="fl-a"/>
      </object_component>
      <object_component id="oc-40">
         <name>.text</name>
         <load_address>0x1534</load_address>
         <run_address>0x1534</run_address>
         <size>0xda</size>
         <input_file_ref idref="fl-b"/>
      </object_component>
      <object_component id="oc-326">
         <name>.text:interrupt_response</name>
         <load_address>0x1610</load_address>
         <run_address>0x1610</run_address>
         <size>0xd6</size>
         <input_file_ref idref="fl-1d"/>
      </object_component>
      <object_component id="oc-306">
         <name>.text:vTaskDelete</name>
         <load_address>0x16e8</load_address>
         <run_address>0x16e8</run_address>
         <size>0xd4</size>
         <input_file_ref idref="fl-8"/>
      </object_component>
      <object_component id="oc-39d">
         <name>.text:__PCM_setCoreVoltageLevelAdvanced</name>
         <load_address>0x17c0</load_address>
         <run_address>0x17c0</run_address>
         <size>0xd0</size>
         <input_file_ref idref="fl-14"/>
      </object_component>
      <object_component id="oc-5a4">
         <name>.text:xQueueGenericSendFromISR</name>
         <load_address>0x1890</load_address>
         <run_address>0x1890</run_address>
         <size>0xce</size>
         <input_file_ref idref="fl-6"/>
      </object_component>
      <object_component id="oc-60c">
         <name>.text:xTaskPriorityDisinherit</name>
         <load_address>0x1960</load_address>
         <run_address>0x1960</run_address>
         <size>0xc8</size>
         <input_file_ref idref="fl-8"/>
      </object_component>
      <object_component id="oc-2d4">
         <name>.text:prvInitialiseNewTask</name>
         <load_address>0x1a28</load_address>
         <run_address>0x1a28</run_address>
         <size>0xc6</size>
         <input_file_ref idref="fl-8"/>
      </object_component>
      <object_component id="oc-a1">
         <name>.text:vTaskSwitchContext</name>
         <load_address>0x1af0</load_address>
         <run_address>0x1af0</run_address>
         <size>0xb8</size>
         <input_file_ref idref="fl-8"/>
      </object_component>
      <object_component id="oc-2da">
         <name>.text:prvAddNewTaskToReadyList</name>
         <load_address>0x1ba8</load_address>
         <run_address>0x1ba8</run_address>
         <size>0xb4</size>
         <input_file_ref idref="fl-8"/>
      </object_component>
      <object_component id="oc-b5">
         <name>.text:xQueueGiveFromISR</name>
         <load_address>0x1c60</load_address>
         <run_address>0x1c60</run_address>
         <size>0xb4</size>
         <input_file_ref idref="fl-6"/>
      </object_component>
      <object_component id="oc-24e">
         <name>.text:taskMasterThread</name>
         <load_address>0x1d18</load_address>
         <run_address>0x1d18</run_address>
         <size>0xa0</size>
         <input_file_ref idref="fl-d"/>
      </object_component>
      <object_component id="oc-320">
         <name>.text:xQueueReceiveFromISR</name>
         <load_address>0x1db8</load_address>
         <run_address>0x1db8</run_address>
         <size>0x9e</size>
         <input_file_ref idref="fl-6"/>
      </object_component>
      <object_component id="oc-5f">
         <name>.text</name>
         <load_address>0x1e56</load_address>
         <run_address>0x1e56</run_address>
         <size>0x9c</size>
         <input_file_ref idref="fl-dc"/>
      </object_component>
      <object_component id="oc-148">
         <name>.text:xTaskRemoveFromEventList</name>
         <load_address>0x1ef8</load_address>
         <run_address>0x1ef8</run_address>
         <size>0x9c</size>
         <input_file_ref idref="fl-8"/>
      </object_component>
      <object_component id="oc-583">
         <name>.text:prvSwitchTimerLists</name>
         <load_address>0x1f98</load_address>
         <run_address>0x1f98</run_address>
         <size>0x94</size>
         <input_file_ref idref="fl-9"/>
      </object_component>
      <object_component id="oc-5bd">
         <name>.text:xTaskCheckForTimeOut</name>
         <load_address>0x2030</load_address>
         <run_address>0x2030</run_address>
         <size>0x94</size>
         <input_file_ref idref="fl-8"/>
      </object_component>
      <object_component id="oc-50b">
         <name>.text:xQueueGenericReset</name>
         <load_address>0x20c8</load_address>
         <run_address>0x20c8</run_address>
         <size>0x90</size>
         <input_file_ref idref="fl-6"/>
      </object_component>
      <object_component id="oc-34e">
         <name>.text:vTaskResume</name>
         <load_address>0x2158</load_address>
         <run_address>0x2158</run_address>
         <size>0x8c</size>
         <input_file_ref idref="fl-8"/>
      </object_component>
      <object_component id="oc-522">
         <name>.text:prvAddCurrentTaskToDelayedList</name>
         <load_address>0x21e8</load_address>
         <run_address>0x21e8</run_address>
         <size>0x88</size>
         <input_file_ref idref="fl-8"/>
      </object_component>
      <object_component id="oc-247">
         <name>.text:vTaskStartScheduler</name>
         <load_address>0x2270</load_address>
         <run_address>0x2270</run_address>
         <size>0x84</size>
         <input_file_ref idref="fl-8"/>
      </object_component>
      <object_component id="oc-35b">
         <name>.text:outputLED_response</name>
         <load_address>0x22f8</load_address>
         <run_address>0x22f8</run_address>
         <size>0x7c</size>
         <input_file_ref idref="fl-1e"/>
      </object_component>
      <object_component id="oc-2ed">
         <name>.text:prvIdleTask</name>
         <load_address>0x2378</load_address>
         <run_address>0x2378</run_address>
         <size>0x7c</size>
         <input_file_ref idref="fl-8"/>
      </object_component>
      <object_component id="oc-2ce">
         <name>.text:vPortFree</name>
         <load_address>0x23f8</load_address>
         <run_address>0x23f8</run_address>
         <size>0x7c</size>
         <input_file_ref idref="fl-c"/>
      </object_component>
      <object_component id="oc-ec">
         <name>.text</name>
         <load_address>0x2474</load_address>
         <run_address>0x2474</run_address>
         <size>0x7a</size>
         <input_file_ref idref="fl-de"/>
      </object_component>
      <object_component id="oc-31a">
         <name>.text:BumpEdgeTrigger_Init</name>
         <load_address>0x24f0</load_address>
         <run_address>0x24f0</run_address>
         <size>0x74</size>
         <input_file_ref idref="fl-d"/>
      </object_component>
      <object_component id="oc-55c">
         <name>.text:xTimerGenericCommand</name>
         <load_address>0x2568</load_address>
         <run_address>0x2568</run_address>
         <size>0x74</size>
         <input_file_ref idref="fl-9"/>
      </object_component>
      <object_component id="oc-361">
         <name>.text:outputLED_response_interrupt</name>
         <load_address>0x25e0</load_address>
         <run_address>0x25e0</run_address>
         <size>0x70</size>
         <input_file_ref idref="fl-1e"/>
      </object_component>
      <object_component id="oc-5ec">
         <name>.text:prvCopyDataToQueue</name>
         <load_address>0x2650</load_address>
         <run_address>0x2650</run_address>
         <size>0x70</size>
         <input_file_ref idref="fl-6"/>
      </object_component>
      <object_component id="oc-3ac">
         <name>.text:prvHeapInit</name>
         <load_address>0x26c0</load_address>
         <run_address>0x26c0</run_address>
         <size>0x70</size>
         <input_file_ref idref="fl-c"/>
      </object_component>
      <object_component id="oc-3e0">
         <name>.text:prvInitialiseTaskLists</name>
         <load_address>0x2730</load_address>
         <run_address>0x2730</run_address>
         <size>0x70</size>
         <input_file_ref idref="fl-8"/>
      </object_component>
      <object_component id="oc-4dd">
         <name>.text:prvProcessTimerOrBlockTask</name>
         <load_address>0x27a0</load_address>
         <run_address>0x27a0</run_address>
         <size>0x70</size>
         <input_file_ref idref="fl-9"/>
      </object_component>
      <object_component id="oc-58f">
         <name>.text:prvUnlockQueue</name>
         <load_address>0x2810</load_address>
         <run_address>0x2810</run_address>
         <size>0x6c</size>
         <input_file_ref idref="fl-6"/>
      </object_component>
      <object_component id="oc-91">
         <name>.text:SystemInit</name>
         <load_address>0x2880</load_address>
         <run_address>0x2880</run_address>
         <size>0x68</size>
         <input_file_ref idref="fl-22"/>
      </object_component>
      <object_component id="oc-16">
         <name>.text:decompress:lzss:__TI_decompress_lzss</name>
         <load_address>0x28e8</load_address>
         <run_address>0x28e8</run_address>
         <size>0x68</size>
         <input_file_ref idref="fl-e1"/>
      </object_component>
      <object_component id="oc-3b2">
         <name>.text:prvInsertBlockIntoFreeList</name>
         <load_address>0x2950</load_address>
         <run_address>0x2950</run_address>
         <size>0x68</size>
         <input_file_ref idref="fl-c"/>
      </object_component>
      <object_component id="oc-400">
         <name>.text:vPortSetupTimerInterrupt</name>
         <load_address>0x29b8</load_address>
         <run_address>0x29b8</run_address>
         <size>0x68</size>
         <input_file_ref idref="fl-a"/>
      </object_component>
      <object_component id="oc-241">
         <name>.text:xTaskCreate</name>
         <load_address>0x2a20</load_address>
         <run_address>0x2a20</run_address>
         <size>0x68</size>
         <input_file_ref idref="fl-8"/>
      </object_component>
      <object_component id="oc-26a">
         <name>.text:taskReadInputSwitch</name>
         <load_address>0x2a88</load_address>
         <run_address>0x2a88</run_address>
         <size>0x64</size>
         <input_file_ref idref="fl-d"/>
      </object_component>
      <object_component id="oc-142">
         <name>.text:vPortValidateInterruptPriority</name>
         <load_address>0x2af0</load_address>
         <run_address>0x2af0</run_address>
         <size>0x64</size>
         <input_file_ref idref="fl-a"/>
      </object_component>
      <object_component id="oc-54f">
         <name>.text:prvProcessExpiredTimer</name>
         <load_address>0x2b58</load_address>
         <run_address>0x2b58</run_address>
         <size>0x60</size>
         <input_file_ref idref="fl-9"/>
      </object_component>
      <object_component id="oc-255">
         <name>.text:taskBumpSwitch</name>
         <load_address>0x2bb8</load_address>
         <run_address>0x2bb8</run_address>
         <size>0x5c</size>
         <input_file_ref idref="fl-d"/>
      </object_component>
      <object_component id="oc-2e1">
         <name>.text:xTimerCreateTimerTask</name>
         <load_address>0x2c18</load_address>
         <run_address>0x2c18</run_address>
         <size>0x58</size>
         <input_file_ref idref="fl-9"/>
      </object_component>
      <object_component id="oc-5ff">
         <name>.text:SysCtl_getTLVInfo</name>
         <load_address>0x2c70</load_address>
         <run_address>0x2c70</run_address>
         <size>0x54</size>
         <input_file_ref idref="fl-15"/>
      </object_component>
      <object_component id="oc-457">
         <name>.text:beep</name>
         <load_address>0x2cc8</load_address>
         <run_address>0x2cc8</run_address>
         <size>0x54</size>
         <input_file_ref idref="fl-1f"/>
      </object_component>
      <object_component id="oc-44f">
         <name>.text:dcMotor_Left</name>
         <load_address>0x2d20</load_address>
         <run_address>0x2d20</run_address>
         <size>0x54</size>
         <input_file_ref idref="fl-1d"/>
      </object_component>
      <object_component id="oc-449">
         <name>.text:dcMotor_Right</name>
         <load_address>0x2d78</load_address>
         <run_address>0x2d78</run_address>
         <size>0x54</size>
         <input_file_ref idref="fl-1d"/>
      </object_component>
      <object_component id="oc-413">
         <name>.text:prvCheckTasksWaitingTermination</name>
         <load_address>0x2dd0</load_address>
         <run_address>0x2dd0</run_address>
         <size>0x54</size>
         <input_file_ref idref="fl-8"/>
      </object_component>
      <object_component id="oc-556">
         <name>.text:prvInsertTimerInActiveList</name>
         <load_address>0x2e28</load_address>
         <run_address>0x2e28</run_address>
         <size>0x54</size>
         <input_file_ref idref="fl-9"/>
      </object_component>
      <object_component id="oc-466">
         <name>.text:vTaskDelay</name>
         <load_address>0x2e80</load_address>
         <run_address>0x2e80</run_address>
         <size>0x54</size>
         <input_file_ref idref="fl-8"/>
      </object_component>
      <object_component id="oc-5c4">
         <name>.text:_CSGetDividerValue</name>
         <load_address>0x2ed8</load_address>
         <run_address>0x2ed8</run_address>
         <size>0x52</size>
         <input_file_ref idref="fl-f"/>
      </object_component>
      <object_component id="oc-30e">
         <name>.text:BumpSwitch_Init</name>
         <load_address>0x2f30</load_address>
         <run_address>0x2f30</run_address>
         <size>0x50</size>
         <input_file_ref idref="fl-1c"/>
      </object_component>
      <object_component id="oc-490">
         <name>.text:PCM_getCoreVoltageLevel</name>
         <load_address>0x2f80</load_address>
         <run_address>0x2f80</run_address>
         <size>0x50</size>
         <input_file_ref idref="fl-14"/>
      </object_component>
      <object_component id="oc-5f9">
         <name>.text:_CSGetDOCFrequency</name>
         <load_address>0x2fd0</load_address>
         <run_address>0x2fd0</run_address>
         <size>0x50</size>
         <input_file_ref idref="fl-f"/>
      </object_component>
      <object_component id="oc-407">
         <name>.text:prvGetExpectedIdleTime</name>
         <load_address>0x3020</load_address>
         <run_address>0x3020</run_address>
         <size>0x50</size>
         <input_file_ref idref="fl-8"/>
      </object_component>
      <object_component id="oc-347">
         <name>.text:dcMotor_Forward</name>
         <load_address>0x3070</load_address>
         <run_address>0x3070</run_address>
         <size>0x4c</size>
         <input_file_ref idref="fl-1d"/>
      </object_component>
      <object_component id="oc-33b">
         <name>.text:dcMotor_Init</name>
         <load_address>0x30c0</load_address>
         <run_address>0x30c0</run_address>
         <size>0x4c</size>
         <input_file_ref idref="fl-1d"/>
      </object_component>
      <object_component id="oc-3ed">
         <name>.text:prvCheckForValidListAndQueue</name>
         <load_address>0x3110</load_address>
         <run_address>0x3110</run_address>
         <size>0x4c</size>
         <input_file_ref idref="fl-9"/>
      </object_component>
      <object_component id="oc-300">
         <name>.text:xQueueGenericCreate</name>
         <load_address>0x3160</load_address>
         <run_address>0x3160</run_address>
         <size>0x4c</size>
         <input_file_ref idref="fl-6"/>
      </object_component>
      <object_component id="oc-22f">
         <name>.text:prvConfigureClocks</name>
         <load_address>0x31b0</load_address>
         <run_address>0x31b0</run_address>
         <size>0x4a</size>
         <input_file_ref idref="fl-d"/>
      </object_component>
      <object_component id="oc-43d">
         <name>.text:dcMotor_Backward</name>
         <load_address>0x3200</load_address>
         <run_address>0x3200</run_address>
         <size>0x48</size>
         <input_file_ref idref="fl-1d"/>
      </object_component>
      <object_component id="oc-549">
         <name>.text:vQueueWaitForMessageRestricted</name>
         <load_address>0x3248</load_address>
         <run_address>0x3248</run_address>
         <size>0x48</size>
         <input_file_ref idref="fl-6"/>
      </object_component>
      <object_component id="oc-235">
         <name>.text:Switch_Init</name>
         <load_address>0x3290</load_address>
         <run_address>0x3290</run_address>
         <size>0x44</size>
         <input_file_ref idref="fl-d"/>
      </object_component>
      <object_component id="oc-1b3">
         <name>.text:__TI_auto_init_nobinit_nopinit:__TI_auto_init_nobinit_nopinit</name>
         <load_address>0x32d4</load_address>
         <run_address>0x32d4</run_address>
         <size>0x44</size>
         <input_file_ref idref="fl-e6"/>
      </object_component>
      <object_component id="oc-2f4">
         <name>.text:ColorLED_Init</name>
         <load_address>0x3318</load_address>
         <run_address>0x3318</run_address>
         <size>0x40</size>
         <input_file_ref idref="fl-1e"/>
      </object_component>
      <object_component id="oc-589">
         <name>.text:vTaskPlaceOnEventListRestricted</name>
         <load_address>0x3358</load_address>
         <run_address>0x3358</run_address>
         <size>0x40</size>
         <input_file_ref idref="fl-8"/>
      </object_component>
      <object_component id="oc-4b">
         <name>.text:PORT4_IRQHandler</name>
         <load_address>0x3398</load_address>
         <run_address>0x3398</run_address>
         <size>0x3c</size>
         <input_file_ref idref="fl-d"/>
      </object_component>
      <object_component id="oc-4f6">
         <name>.text:eTaskConfirmSleepModeStatus</name>
         <load_address>0x33d8</load_address>
         <run_address>0x33d8</run_address>
         <size>0x3c</size>
         <input_file_ref idref="fl-8"/>
      </object_component>
      <object_component id="oc-46d">
         <name>.text:prvTaskIsTaskSuspended</name>
         <load_address>0x3418</load_address>
         <run_address>0x3418</run_address>
         <size>0x3c</size>
         <input_file_ref idref="fl-8"/>
      </object_component>
      <object_component id="oc-3da">
         <name>.text:vPortEnterCritical</name>
         <load_address>0x3458</load_address>
         <run_address>0x3458</run_address>
         <size>0x3c</size>
         <input_file_ref idref="fl-a"/>
      </object_component>
      <object_component id="oc-48a">
         <name>.text:PCM_getPowerMode</name>
         <load_address>0x3498</load_address>
         <run_address>0x3498</run_address>
         <size>0x3a</size>
         <input_file_ref idref="fl-14"/>
      </object_component>
      <object_component id="oc-4b7">
         <name>.text:prvTaskExitError</name>
         <load_address>0x34d8</load_address>
         <run_address>0x34d8</run_address>
         <size>0x38</size>
         <input_file_ref idref="fl-a"/>
      </object_component>
      <object_component id="oc-271">
         <name>.text:taskDisplayOutputLED</name>
         <load_address>0x3510</load_address>
         <run_address>0x3510</run_address>
         <size>0x38</size>
         <input_file_ref idref="fl-d"/>
      </object_component>
      <object_component id="oc-263">
         <name>.text:taskdcMotor</name>
         <load_address>0x3548</load_address>
         <run_address>0x3548</run_address>
         <size>0x38</size>
         <input_file_ref idref="fl-d"/>
      </object_component>
      <object_component id="oc-5b1">
         <name>.text:vTaskPlaceOnEventList</name>
         <load_address>0x3580</load_address>
         <run_address>0x3580</run_address>
         <size>0x38</size>
         <input_file_ref idref="fl-8"/>
      </object_component>
      <object_component id="oc-7d">
         <name>.text:_c_int00_noargs:_c_int00_noargs</name>
         <load_address>0x35b8</load_address>
         <run_address>0x35b8</run_address>
         <size>0x34</size>
         <input_file_ref idref="fl-e4"/>
      </object_component>
      <object_component id="oc-575">
         <name>.text:vListInsert</name>
         <load_address>0x35f0</load_address>
         <run_address>0x35f0</run_address>
         <size>0x34</size>
         <input_file_ref idref="fl-5"/>
      </object_component>
      <object_component id="oc-502">
         <name>.text:vTaskStepTick</name>
         <load_address>0x3628</load_address>
         <run_address>0x3628</run_address>
         <size>0x34</size>
         <input_file_ref idref="fl-8"/>
      </object_component>
      <object_component id="oc-2ad">
         <name>.text:FlashCtl_setWaitState</name>
         <load_address>0x3660</load_address>
         <run_address>0x3660</run_address>
         <size>0x30</size>
         <input_file_ref idref="fl-10"/>
      </object_component>
      <object_component id="oc-125">
         <name>.text:prvResetNextTaskUnblockTime</name>
         <load_address>0x3690</load_address>
         <run_address>0x3690</run_address>
         <size>0x30</size>
         <input_file_ref idref="fl-8"/>
      </object_component>
      <object_component id="oc-3e6">
         <name>.text:vPortExitCritical</name>
         <load_address>0x36c0</load_address>
         <run_address>0x36c0</run_address>
         <size>0x30</size>
         <input_file_ref idref="fl-a"/>
      </object_component>
      <object_component id="oc-2b9">
         <name>.text:CS_setDCOCenteredFrequency</name>
         <load_address>0x36f0</load_address>
         <run_address>0x36f0</run_address>
         <size>0x2c</size>
         <input_file_ref idref="fl-f"/>
      </object_component>
      <object_component id="oc-547">
         <name>.text:prvSampleTimeNow</name>
         <load_address>0x3720</load_address>
         <run_address>0x3720</run_address>
         <size>0x2c</size>
         <input_file_ref idref="fl-9"/>
      </object_component>
      <object_component id="oc-3d3">
         <name>.text:pxPortInitialiseStack</name>
         <load_address>0x3750</load_address>
         <run_address>0x3750</run_address>
         <size>0x2c</size>
         <input_file_ref idref="fl-a"/>
      </object_component>
      <object_component id="oc-45">
         <name>.text:xPortSysTickHandler</name>
         <load_address>0x3780</load_address>
         <run_address>0x3780</run_address>
         <size>0x2c</size>
         <input_file_ref idref="fl-a"/>
      </object_component>
      <object_component id="oc-2fa">
         <name>.text:RedLED_Init</name>
         <load_address>0x37b0</load_address>
         <run_address>0x37b0</run_address>
         <size>0x28</size>
         <input_file_ref idref="fl-1e"/>
      </object_component>
      <object_component id="oc-436">
         <name>.text:prvCopyDataFromQueue</name>
         <load_address>0x37d8</load_address>
         <run_address>0x37d8</run_address>
         <size>0x28</size>
         <input_file_ref idref="fl-6"/>
      </object_component>
      <object_component id="oc-12b">
         <name>.text:uxListRemove</name>
         <load_address>0x3800</load_address>
         <run_address>0x3800</run_address>
         <size>0x26</size>
         <input_file_ref idref="fl-5"/>
      </object_component>
      <object_component id="oc-5d0">
         <name>.text:CS_clearInterruptFlag</name>
         <load_address>0x3828</load_address>
         <run_address>0x3828</run_address>
         <size>0x24</size>
         <input_file_ref idref="fl-f"/>
      </object_component>
      <object_component id="oc-443">
         <name>.text:dcMotor_Stop</name>
         <load_address>0x3850</load_address>
         <run_address>0x3850</run_address>
         <size>0x24</size>
         <input_file_ref idref="fl-1d"/>
      </object_component>
      <object_component id="oc-32e">
         <name>.text:init_song_pwm</name>
         <load_address>0x3878</load_address>
         <run_address>0x3878</run_address>
         <size>0x24</size>
         <input_file_ref idref="fl-1f"/>
      </object_component>
      <object_component id="oc-4d7">
         <name>.text:prvGetNextExpireTime</name>
         <load_address>0x38a0</load_address>
         <run_address>0x38a0</run_address>
         <size>0x24</size>
         <input_file_ref idref="fl-9"/>
      </object_component>
      <object_component id="oc-598">
         <name>.text:xTaskGetSchedulerState</name>
         <load_address>0x38c8</load_address>
         <run_address>0x38c8</run_address>
         <size>0x20</size>
         <input_file_ref idref="fl-8"/>
      </object_component>
      <object_component id="oc-422">
         <name>.text:prvInitialiseNewQueue</name>
         <load_address>0x38e8</load_address>
         <run_address>0x38e8</run_address>
         <size>0x1e</size>
         <input_file_ref idref="fl-6"/>
      </object_component>
      <object_component id="oc-5e6">
         <name>.text:prvIsQueueFull</name>
         <load_address>0x3908</load_address>
         <run_address>0x3908</run_address>
         <size>0x1e</size>
         <input_file_ref idref="fl-6"/>
      </object_component>
      <object_component id="oc-4bf">
         <name>.text:vListInitialise</name>
         <load_address>0x3928</load_address>
         <run_address>0x3928</run_address>
         <size>0x1e</size>
         <input_file_ref idref="fl-5"/>
      </object_component>
      <object_component id="oc-45d">
         <name>.text:delay_ms</name>
         <load_address>0x3948</load_address>
         <run_address>0x3948</run_address>
         <size>0x1a</size>
         <input_file_ref idref="fl-1f"/>
      </object_component>
      <object_component id="oc-5ab">
         <name>.text:prvIsQueueEmpty</name>
         <load_address>0x3968</load_address>
         <run_address>0x3968</run_address>
         <size>0x1a</size>
         <input_file_ref idref="fl-6"/>
      </object_component>
      <object_component id="oc-3f3">
         <name>.text:prvTimerTask</name>
         <load_address>0x3988</load_address>
         <run_address>0x3988</run_address>
         <size>0x1a</size>
         <input_file_ref idref="fl-9"/>
      </object_component>
      <object_component id="oc-4ee">
         <name>.text:CS_getMCLK</name>
         <load_address>0x39a8</load_address>
         <run_address>0x39a8</run_address>
         <size>0x18</size>
         <input_file_ref idref="fl-f"/>
      </object_component>
      <object_component id="oc-23b">
         <name>.text:SysTick_Init</name>
         <load_address>0x39c0</load_address>
         <run_address>0x39c0</run_address>
         <size>0x18</size>
         <input_file_ref idref="fl-1b"/>
      </object_component>
      <object_component id="oc-28">
         <name>.text:resetISR</name>
         <load_address>0x39d8</load_address>
         <run_address>0x39d8</run_address>
         <size>0x18</size>
         <input_file_ref idref="fl-20"/>
      </object_component>
      <object_component id="oc-131">
         <name>.text:vListInsertEnd</name>
         <load_address>0x39f0</load_address>
         <run_address>0x39f0</run_address>
         <size>0x18</size>
         <input_file_ref idref="fl-5"/>
      </object_component>
      <object_component id="oc-5b7">
         <name>.text:vTaskInternalSetTimeOutState</name>
         <load_address>0x3a08</load_address>
         <run_address>0x3a08</run_address>
         <size>0x18</size>
         <input_file_ref idref="fl-8"/>
      </object_component>
      <object_component id="oc-af">
         <name>.text:Port2_Output2</name>
         <load_address>0x3a20</load_address>
         <run_address>0x3a20</run_address>
         <size>0x14</size>
         <input_file_ref idref="fl-1e"/>
      </object_component>
      <object_component id="oc-51a">
         <name>.text:delay_us</name>
         <load_address>0x3a38</load_address>
         <run_address>0x3a38</run_address>
         <size>0x14</size>
         <input_file_ref idref="fl-1f"/>
      </object_component>
      <object_component id="oc-19a">
         <name>.text:prvSetupHardware</name>
         <load_address>0x3a50</load_address>
         <run_address>0x3a50</run_address>
         <size>0x14</size>
         <input_file_ref idref="fl-2"/>
      </object_component>
      <object_component id="oc-429">
         <name>.text:prvDeleteTCB</name>
         <load_address>0x3a68</load_address>
         <run_address>0x3a68</run_address>
         <size>0x12</size>
         <input_file_ref idref="fl-8"/>
      </object_component>
      <object_component id="oc-3be">
         <name>.text:vApplicationMallocFailedHook</name>
         <load_address>0x3a80</load_address>
         <run_address>0x3a80</run_address>
         <size>0x12</size>
         <input_file_ref idref="fl-2"/>
      </object_component>
      <object_component id="oc-11b">
         <name>.text:vApplicationStackOverflowHook</name>
         <load_address>0x3a98</load_address>
         <run_address>0x3a98</run_address>
         <size>0x12</size>
         <input_file_ref idref="fl-2"/>
      </object_component>
      <object_component id="oc-314">
         <name>.text:Bump_Read_Input</name>
         <load_address>0x3ab0</load_address>
         <run_address>0x3ab0</run_address>
         <size>0x10</size>
         <input_file_ref idref="fl-1c"/>
      </object_component>
      <object_component id="oc-228">
         <name>.text:FPU_enableModule</name>
         <load_address>0x3ac0</load_address>
         <run_address>0x3ac0</run_address>
         <size>0x10</size>
         <input_file_ref idref="fl-11"/>
      </object_component>
      <object_component id="oc-3a6">
         <name>.text:vTaskSuspendAll</name>
         <load_address>0x3ad0</load_address>
         <run_address>0x3ad0</run_address>
         <size>0x10</size>
         <input_file_ref idref="fl-8"/>
      </object_component>
      <object_component id="oc-1c">
         <name>.text:decompress:none:__TI_decompress_none</name>
         <load_address>0x3ae0</load_address>
         <run_address>0x3ae0</run_address>
         <size>0xe</size>
         <input_file_ref idref="fl-e0"/>
      </object_component>
      <object_component id="oc-f8">
         <name>.text:main</name>
         <load_address>0x3af0</load_address>
         <run_address>0x3af0</run_address>
         <size>0xe</size>
         <input_file_ref idref="fl-2"/>
      </object_component>
      <object_component id="oc-25c">
         <name>.text:taskPlaySong</name>
         <load_address>0x3b00</load_address>
         <run_address>0x3b00</run_address>
         <size>0xe</size>
         <input_file_ref idref="fl-d"/>
      </object_component>
      <object_component id="oc-496">
         <name>.text:PCM_getPowerState</name>
         <load_address>0x3b10</load_address>
         <run_address>0x3b10</run_address>
         <size>0xc</size>
         <input_file_ref idref="fl-14"/>
      </object_component>
      <object_component id="oc-71">
         <name>.text:decompress:ZI:__TI_zero_init</name>
         <load_address>0x3b1c</load_address>
         <run_address>0x3b1c</run_address>
         <size>0xc</size>
         <input_file_ref idref="fl-df"/>
      </object_component>
      <object_component id="oc-5de">
         <name>.text:vTaskMissedYield</name>
         <load_address>0x3b28</load_address>
         <run_address>0x3b28</run_address>
         <size>0xc</size>
         <input_file_ref idref="fl-8"/>
      </object_component>
      <object_component id="oc-57d">
         <name>.text:xTaskGetTickCount</name>
         <load_address>0x3b38</load_address>
         <run_address>0x3b38</run_address>
         <size>0xc</size>
         <input_file_ref idref="fl-8"/>
      </object_component>
      <object_component id="oc-2b3">
         <name>.text:PCM_setCoreVoltageLevel</name>
         <load_address>0x3b48</load_address>
         <run_address>0x3b48</run_address>
         <size>0x8</size>
         <input_file_ref idref="fl-14"/>
      </object_component>
      <object_component id="oc-49c">
         <name>.text:PCM_setPowerMode</name>
         <load_address>0x3b50</load_address>
         <run_address>0x3b50</run_address>
         <size>0x8</size>
         <input_file_ref idref="fl-14"/>
      </object_component>
      <object_component id="oc-3cd">
         <name>.text:vListInitialiseItem</name>
         <load_address>0x3b58</load_address>
         <run_address>0x3b58</run_address>
         <size>0x6</size>
         <input_file_ref idref="fl-5"/>
      </object_component>
      <object_component id="oc-3a">
         <name>.text:defaultISR</name>
         <load_address>0x3b60</load_address>
         <run_address>0x3b60</run_address>
         <size>0x2</size>
         <input_file_ref idref="fl-20"/>
      </object_component>
      <object_component id="oc-34">
         <name>.text:faultISR</name>
         <load_address>0x3b68</load_address>
         <run_address>0x3b68</run_address>
         <size>0x2</size>
         <input_file_ref idref="fl-20"/>
      </object_component>
      <object_component id="oc-2e">
         <name>.text:nmiISR</name>
         <load_address>0x3b70</load_address>
         <run_address>0x3b70</run_address>
         <size>0x2</size>
         <input_file_ref idref="fl-20"/>
      </object_component>
      <object_component id="oc-419">
         <name>.text:vApplicationIdleHook</name>
         <load_address>0x3b78</load_address>
         <run_address>0x3b78</run_address>
         <size>0x2</size>
         <input_file_ref idref="fl-2"/>
      </object_component>
      <object_component id="oc-137">
         <name>.text:vApplicationTickHook</name>
         <load_address>0x3b80</load_address>
         <run_address>0x3b80</run_address>
         <size>0x2</size>
         <input_file_ref idref="fl-d"/>
      </object_component>
      <object_component id="oc-4fc">
         <name>.text:vPreSleepProcessing</name>
         <load_address>0x3b88</load_address>
         <run_address>0x3b88</run_address>
         <size>0x2</size>
         <input_file_ref idref="fl-d"/>
      </object_component>
      <object_component id="oc-9e">
         <name>.const</name>
         <load_address>0x3b8c</load_address>
         <run_address>0x3b8c</run_address>
         <size>0x8</size>
         <input_file_ref idref="fl-a"/>
      </object_component>
      <object_component id="oc-64b">
         <name>.cinit..data.load</name>
         <load_address>0x3b98</load_address>
         <run_address>0x3b98</run_address>
         <size>0x14</size>
      </object_component>
      <object_component id="oc-649">
         <name>__TI_handler_table</name>
         <load_address>0x3bac</load_address>
         <run_address>0x3bac</run_address>
         <size>0xc</size>
      </object_component>
      <object_component id="oc-64c">
         <name>.cinit..bss.load</name>
         <load_address>0x3bb8</load_address>
         <run_address>0x3bb8</run_address>
         <size>0x8</size>
      </object_component>
      <object_component id="oc-64a">
         <name>__TI_cinit_table</name>
         <load_address>0x3bc0</load_address>
         <run_address>0x3bc0</run_address>
         <size>0x10</size>
      </object_component>
      <object_component id="oc-9b">
         <name>.data</name>
         <load_address>0x2000c938</load_address>
         <run_address>0x2000c938</run_address>
         <size>0x34</size>
         <input_file_ref idref="fl-8"/>
      </object_component>
      <object_component id="oc-3f9">
         <name>.data</name>
         <load_address>0x2000c994</load_address>
         <run_address>0x2000c994</run_address>
         <size>0xc</size>
         <input_file_ref idref="fl-9"/>
      </object_component>
      <object_component id="oc-216">
         <name>.data</name>
         <load_address>0x2000c96c</load_address>
         <run_address>0x2000c96c</run_address>
         <size>0x18</size>
         <input_file_ref idref="fl-a"/>
      </object_component>
      <object_component id="oc-3c4">
         <name>.data</name>
         <load_address>0x2000c984</load_address>
         <run_address>0x2000c984</run_address>
         <size>0x10</size>
         <input_file_ref idref="fl-c"/>
      </object_component>
      <object_component id="oc-121">
         <name>.bss:pxReadyTasksLists</name>
         <uninitialized>true</uninitialized>
         <run_address>0x2000c800</run_address>
         <size>0x64</size>
         <input_file_ref idref="fl-8"/>
      </object_component>
      <object_component id="oc-4c5">
         <name>.bss:xDelayedTaskList1</name>
         <uninitialized>true</uninitialized>
         <run_address>0x2000c88c</run_address>
         <size>0x14</size>
         <input_file_ref idref="fl-8"/>
      </object_component>
      <object_component id="oc-4c8">
         <name>.bss:xDelayedTaskList2</name>
         <uninitialized>true</uninitialized>
         <run_address>0x2000c8a0</run_address>
         <size>0x14</size>
         <input_file_ref idref="fl-8"/>
      </object_component>
      <object_component id="oc-13d">
         <name>.bss</name>
         <uninitialized>true</uninitialized>
         <run_address>0x2000c8f8</run_address>
         <size>0x8</size>
         <input_file_ref idref="fl-8"/>
      </object_component>
      <object_component id="oc-21a">
         <name>.bss:xPendingReadyList</name>
         <uninitialized>true</uninitialized>
         <run_address>0x2000c8b4</run_address>
         <size>0x14</size>
         <input_file_ref idref="fl-8"/>
      </object_component>
      <object_component id="oc-42f">
         <name>.bss:xTasksWaitingTermination</name>
         <uninitialized>true</uninitialized>
         <run_address>0x2000c8dc</run_address>
         <size>0x14</size>
         <input_file_ref idref="fl-8"/>
      </object_component>
      <object_component id="oc-474">
         <name>.bss:xSuspendedTaskList</name>
         <uninitialized>true</uninitialized>
         <run_address>0x2000c8c8</run_address>
         <size>0x14</size>
         <input_file_ref idref="fl-8"/>
      </object_component>
      <object_component id="oc-4cd">
         <name>.bss:xActiveTimerList1</name>
         <uninitialized>true</uninitialized>
         <run_address>0x2000c864</run_address>
         <size>0x14</size>
         <input_file_ref idref="fl-9"/>
      </object_component>
      <object_component id="oc-4d0">
         <name>.bss:xActiveTimerList2</name>
         <uninitialized>true</uninitialized>
         <run_address>0x2000c878</run_address>
         <size>0x14</size>
         <input_file_ref idref="fl-9"/>
      </object_component>
      <object_component id="oc-4d3">
         <name>.bss</name>
         <uninitialized>true</uninitialized>
         <run_address>0x2000c900</run_address>
         <size>0x8</size>
         <input_file_ref idref="fl-9"/>
      </object_component>
      <object_component id="oc-4a4">
         <name>.bss:ucHeap</name>
         <uninitialized>true</uninitialized>
         <run_address>0x20000000</run_address>
         <size>0xc800</size>
         <input_file_ref idref="fl-c"/>
      </object_component>
      <object_component id="oc-3c7">
         <name>.bss:xStart</name>
         <uninitialized>true</uninitialized>
         <run_address>0x2000c908</run_address>
         <size>0x8</size>
         <input_file_ref idref="fl-c"/>
      </object_component>
      <object_component id="oc-5d6">
         <name>.bss</name>
         <uninitialized>true</uninitialized>
         <run_address>0x2000c8f0</run_address>
         <size>0x8</size>
         <input_file_ref idref="fl-f"/>
      </object_component>
      <object_component id="oc-32c">
         <name>.common:bumpSwitch_status</name>
         <uninitialized>true</uninitialized>
         <run_address>0x2000c934</run_address>
         <size>0x1</size>
      </object_component>
      <object_component id="oc-be">
         <name>.common:status</name>
         <uninitialized>true</uninitialized>
         <run_address>0x2000c935</run_address>
         <size>0x1</size>
      </object_component>
      <object_component id="oc-30c">
         <name>.common:mode</name>
         <uninitialized>true</uninitialized>
         <run_address>0x2000c910</run_address>
         <size>0x4</size>
      </object_component>
      <object_component id="oc-bf">
         <name>.common:xSemaphore</name>
         <uninitialized>true</uninitialized>
         <run_address>0x2000c930</run_address>
         <size>0x4</size>
      </object_component>
      <object_component id="oc-bb">
         <name>.common:xHigherPriorityTaskWoken</name>
         <uninitialized>true</uninitialized>
         <run_address>0x2000c92c</run_address>
         <size>0x4</size>
      </object_component>
      <object_component id="oc-24d">
         <name>.common:taskHandle_BlinkRedLED</name>
         <uninitialized>true</uninitialized>
         <run_address>0x2000c914</run_address>
         <size>0x4</size>
      </object_component>
      <object_component id="oc-254">
         <name>.common:taskHandle_BumpSwitch</name>
         <uninitialized>true</uninitialized>
         <run_address>0x2000c918</run_address>
         <size>0x4</size>
      </object_component>
      <object_component id="oc-25b">
         <name>.common:taskHandle_PlaySong</name>
         <uninitialized>true</uninitialized>
         <run_address>0x2000c924</run_address>
         <size>0x4</size>
      </object_component>
      <object_component id="oc-262">
         <name>.common:taskHandle_dcMotor</name>
         <uninitialized>true</uninitialized>
         <run_address>0x2000c928</run_address>
         <size>0x4</size>
      </object_component>
      <object_component id="oc-269">
         <name>.common:taskHandle_InputSwitch</name>
         <uninitialized>true</uninitialized>
         <run_address>0x2000c91c</run_address>
         <size>0x4</size>
      </object_component>
      <object_component id="oc-270">
         <name>.common:taskHandle_OutputLED</name>
         <uninitialized>true</uninitialized>
         <run_address>0x2000c920</run_address>
         <size>0x4</size>
      </object_component>
      <object_component id="oc-25">
         <name>.stack</name>
         <uninitialized>true</uninitialized>
         <run_address>0x2000fce0</run_address>
         <size>0x4</size>
         <input_file_ref idref="fl-e4"/>
      </object_component>
      <object_component id="oc-64e">
         <name>.stack</name>
         <uninitialized>true</uninitialized>
         <run_address>0x2000fce0</run_address>
         <size>0x0</size>
      </object_component>
      <object_component id="oc-184">
         <name>.debug_info</name>
         <load_address>0x0</load_address>
         <run_address>0x0</run_address>
         <size>0x736</size>
         <input_file_ref idref="fl-2"/>
      </object_component>
      <object_component id="oc-11c">
         <name>.debug_info</name>
         <load_address>0x736</load_address>
         <run_address>0x736</run_address>
         <size>0x18a</size>
         <input_file_ref idref="fl-2"/>
      </object_component>
      <object_component id="oc-3bf">
         <name>.debug_info</name>
         <load_address>0x8c0</load_address>
         <run_address>0x8c0</run_address>
         <size>0x151</size>
         <input_file_ref idref="fl-2"/>
      </object_component>
      <object_component id="oc-41a">
         <name>.debug_info</name>
         <load_address>0xa11</load_address>
         <run_address>0xa11</run_address>
         <size>0x14c</size>
         <input_file_ref idref="fl-2"/>
      </object_component>
      <object_component id="oc-19b">
         <name>.debug_info</name>
         <load_address>0xb5d</load_address>
         <run_address>0xb5d</run_address>
         <size>0x161</size>
         <input_file_ref idref="fl-2"/>
      </object_component>
      <object_component id="oc-f9">
         <name>.debug_info</name>
         <load_address>0xcbe</load_address>
         <run_address>0xcbe</run_address>
         <size>0x15a</size>
         <input_file_ref idref="fl-2"/>
      </object_component>
      <object_component id="oc-166">
         <name>.debug_info</name>
         <load_address>0xe18</load_address>
         <run_address>0xe18</run_address>
         <size>0x315</size>
         <input_file_ref idref="fl-2"/>
      </object_component>
      <object_component id="oc-d2">
         <name>.debug_info</name>
         <load_address>0x112d</load_address>
         <run_address>0x112d</run_address>
         <size>0x26b</size>
         <input_file_ref idref="fl-2"/>
      </object_component>
      <object_component id="oc-c8">
         <name>.debug_info</name>
         <load_address>0x1398</load_address>
         <run_address>0x1398</run_address>
         <size>0x1055</size>
         <input_file_ref idref="fl-2"/>
      </object_component>
      <object_component id="oc-c3">
         <name>.debug_info</name>
         <load_address>0x23ed</load_address>
         <run_address>0x23ed</run_address>
         <size>0x37e2</size>
         <input_file_ref idref="fl-2"/>
      </object_component>
      <object_component id="oc-618">
         <name>.debug_info</name>
         <load_address>0x5bcf</load_address>
         <run_address>0x5bcf</run_address>
         <size>0x1b5</size>
         <input_file_ref idref="fl-2"/>
      </object_component>
      <object_component id="oc-170">
         <name>.debug_info</name>
         <load_address>0x5d84</load_address>
         <run_address>0x5d84</run_address>
         <size>0x461</size>
         <input_file_ref idref="fl-2"/>
      </object_component>
      <object_component id="oc-15c">
         <name>.debug_info</name>
         <load_address>0x61e5</load_address>
         <run_address>0x61e5</run_address>
         <size>0x8b</size>
         <input_file_ref idref="fl-2"/>
      </object_component>
      <object_component id="oc-17a">
         <name>.debug_info</name>
         <load_address>0x6270</load_address>
         <run_address>0x6270</run_address>
         <size>0x2c</size>
         <input_file_ref idref="fl-2"/>
      </object_component>
      <object_component id="oc-185">
         <name>.debug_info</name>
         <load_address>0x629c</load_address>
         <run_address>0x629c</run_address>
         <size>0x2a4</size>
         <input_file_ref idref="fl-2"/>
      </object_component>
      <object_component id="oc-17f">
         <name>.debug_info</name>
         <load_address>0x6540</load_address>
         <run_address>0x6540</run_address>
         <size>0xef</size>
         <input_file_ref idref="fl-2"/>
      </object_component>
      <object_component id="oc-cd">
         <name>.debug_info</name>
         <load_address>0x662f</load_address>
         <run_address>0x662f</run_address>
         <size>0xbb</size>
         <input_file_ref idref="fl-2"/>
      </object_component>
      <object_component id="oc-10e">
         <name>.debug_info</name>
         <load_address>0x66ea</load_address>
         <run_address>0x66ea</run_address>
         <size>0x53</size>
         <input_file_ref idref="fl-2"/>
      </object_component>
      <object_component id="oc-161">
         <name>.debug_info</name>
         <load_address>0x673d</load_address>
         <run_address>0x673d</run_address>
         <size>0xcc</size>
         <input_file_ref idref="fl-2"/>
      </object_component>
      <object_component id="oc-16b">
         <name>.debug_info</name>
         <load_address>0x6809</load_address>
         <run_address>0x6809</run_address>
         <size>0x14c</size>
         <input_file_ref idref="fl-2"/>
      </object_component>
      <object_component id="oc-299">
         <name>.debug_info</name>
         <load_address>0x6955</load_address>
         <run_address>0x6955</run_address>
         <size>0x543</size>
         <input_file_ref idref="fl-3"/>
      </object_component>
      <object_component id="oc-207">
         <name>.debug_info</name>
         <load_address>0x6e98</load_address>
         <run_address>0x6e98</run_address>
         <size>0x461</size>
         <input_file_ref idref="fl-3"/>
      </object_component>
      <object_component id="oc-5a">
         <name>.debug_info</name>
         <load_address>0x72f9</load_address>
         <run_address>0x72f9</run_address>
         <size>0x84</size>
         <input_file_ref idref="fl-3"/>
      </object_component>
      <object_component id="oc-397">
         <name>.debug_info</name>
         <load_address>0x737d</load_address>
         <run_address>0x737d</run_address>
         <size>0xcc</size>
         <input_file_ref idref="fl-3"/>
      </object_component>
      <object_component id="oc-202">
         <name>.debug_info</name>
         <load_address>0x7449</load_address>
         <run_address>0x7449</run_address>
         <size>0x53</size>
         <input_file_ref idref="fl-3"/>
      </object_component>
      <object_component id="oc-298">
         <name>.debug_info</name>
         <load_address>0x749c</load_address>
         <run_address>0x749c</run_address>
         <size>0xa6e</size>
         <input_file_ref idref="fl-4"/>
      </object_component>
      <object_component id="oc-1e7">
         <name>.debug_info</name>
         <load_address>0x7f0a</load_address>
         <run_address>0x7f0a</run_address>
         <size>0x110</size>
         <input_file_ref idref="fl-4"/>
      </object_component>
      <object_component id="oc-1fb">
         <name>.debug_info</name>
         <load_address>0x801a</load_address>
         <run_address>0x801a</run_address>
         <size>0x461</size>
         <input_file_ref idref="fl-4"/>
      </object_component>
      <object_component id="oc-38b">
         <name>.debug_info</name>
         <load_address>0x847b</load_address>
         <run_address>0x847b</run_address>
         <size>0x76</size>
         <input_file_ref idref="fl-4"/>
      </object_component>
      <object_component id="oc-390">
         <name>.debug_info</name>
         <load_address>0x84f1</load_address>
         <run_address>0x84f1</run_address>
         <size>0x39</size>
         <input_file_ref idref="fl-4"/>
      </object_component>
      <object_component id="oc-1ec">
         <name>.debug_info</name>
         <load_address>0x852a</load_address>
         <run_address>0x852a</run_address>
         <size>0x4f</size>
         <input_file_ref idref="fl-4"/>
      </object_component>
      <object_component id="oc-211">
         <name>.debug_info</name>
         <load_address>0x8579</load_address>
         <run_address>0x8579</run_address>
         <size>0x6c5</size>
         <input_file_ref idref="fl-5"/>
      </object_component>
      <object_component id="oc-132">
         <name>.debug_info</name>
         <load_address>0x8c3e</load_address>
         <run_address>0x8c3e</run_address>
         <size>0x2d8</size>
         <input_file_ref idref="fl-5"/>
      </object_component>
      <object_component id="oc-576">
         <name>.debug_info</name>
         <load_address>0x8f16</load_address>
         <run_address>0x8f16</run_address>
         <size>0x303</size>
         <input_file_ref idref="fl-5"/>
      </object_component>
      <object_component id="oc-3ce">
         <name>.debug_info</name>
         <load_address>0x9219</load_address>
         <run_address>0x9219</run_address>
         <size>0x285</size>
         <input_file_ref idref="fl-5"/>
      </object_component>
      <object_component id="oc-4c0">
         <name>.debug_info</name>
         <load_address>0x949e</load_address>
         <run_address>0x949e</run_address>
         <size>0x27d</size>
         <input_file_ref idref="fl-5"/>
      </object_component>
      <object_component id="oc-12c">
         <name>.debug_info</name>
         <load_address>0x971b</load_address>
         <run_address>0x971b</run_address>
         <size>0x2b0</size>
         <input_file_ref idref="fl-5"/>
      </object_component>
      <object_component id="oc-154">
         <name>.debug_info</name>
         <load_address>0x99cb</load_address>
         <run_address>0x99cb</run_address>
         <size>0xc72</size>
         <input_file_ref idref="fl-6"/>
      </object_component>
      <object_component id="oc-5ad">
         <name>.debug_info</name>
         <load_address>0xa63d</load_address>
         <run_address>0xa63d</run_address>
         <size>0x2d2</size>
         <input_file_ref idref="fl-6"/>
      </object_component>
      <object_component id="oc-591">
         <name>.debug_info</name>
         <load_address>0xa90f</load_address>
         <run_address>0xa90f</run_address>
         <size>0x380</size>
         <input_file_ref idref="fl-6"/>
      </object_component>
      <object_component id="oc-438">
         <name>.debug_info</name>
         <load_address>0xac8f</load_address>
         <run_address>0xac8f</run_address>
         <size>0x2cf</size>
         <input_file_ref idref="fl-6"/>
      </object_component>
      <object_component id="oc-322">
         <name>.debug_info</name>
         <load_address>0xaf5e</load_address>
         <run_address>0xaf5e</run_address>
         <size>0x43d</size>
         <input_file_ref idref="fl-6"/>
      </object_component>
      <object_component id="oc-564">
         <name>.debug_info</name>
         <load_address>0xb39b</load_address>
         <run_address>0xb39b</run_address>
         <size>0x57a</size>
         <input_file_ref idref="fl-6"/>
      </object_component>
      <object_component id="oc-5e8">
         <name>.debug_info</name>
         <load_address>0xb915</load_address>
         <run_address>0xb915</run_address>
         <size>0x2d0</size>
         <input_file_ref idref="fl-6"/>
      </object_component>
      <object_component id="oc-5ee">
         <name>.debug_info</name>
         <load_address>0xbbe5</load_address>
         <run_address>0xbbe5</run_address>
         <size>0x363</size>
         <input_file_ref idref="fl-6"/>
      </object_component>
      <object_component id="oc-5a0">
         <name>.debug_info</name>
         <load_address>0xbf48</load_address>
         <run_address>0xbf48</run_address>
         <size>0x5bd</size>
         <input_file_ref idref="fl-6"/>
      </object_component>
      <object_component id="oc-b7">
         <name>.debug_info</name>
         <load_address>0xc505</load_address>
         <run_address>0xc505</run_address>
         <size>0x3ea</size>
         <input_file_ref idref="fl-6"/>
      </object_component>
      <object_component id="oc-5a6">
         <name>.debug_info</name>
         <load_address>0xc8ef</load_address>
         <run_address>0xc8ef</run_address>
         <size>0x472</size>
         <input_file_ref idref="fl-6"/>
      </object_component>
      <object_component id="oc-50d">
         <name>.debug_info</name>
         <load_address>0xcd61</load_address>
         <run_address>0xcd61</run_address>
         <size>0x354</size>
         <input_file_ref idref="fl-6"/>
      </object_component>
      <object_component id="oc-424">
         <name>.debug_info</name>
         <load_address>0xd0b5</load_address>
         <run_address>0xd0b5</run_address>
         <size>0x39d</size>
         <input_file_ref idref="fl-6"/>
      </object_component>
      <object_component id="oc-302">
         <name>.debug_info</name>
         <load_address>0xd452</load_address>
         <run_address>0xd452</run_address>
         <size>0x3c1</size>
         <input_file_ref idref="fl-6"/>
      </object_component>
      <object_component id="oc-54b">
         <name>.debug_info</name>
         <load_address>0xd813</load_address>
         <run_address>0xd813</run_address>
         <size>0x3bc</size>
         <input_file_ref idref="fl-6"/>
      </object_component>
      <object_component id="oc-220">
         <name>.debug_info</name>
         <load_address>0xdbcf</load_address>
         <run_address>0xdbcf</run_address>
         <size>0x1ef</size>
         <input_file_ref idref="fl-6"/>
      </object_component>
      <object_component id="oc-14f">
         <name>.debug_info</name>
         <load_address>0xddbe</load_address>
         <run_address>0xddbe</run_address>
         <size>0x46</size>
         <input_file_ref idref="fl-6"/>
      </object_component>
      <object_component id="oc-1f1">
         <name>.debug_info</name>
         <load_address>0xde04</load_address>
         <run_address>0xde04</run_address>
         <size>0x35</size>
         <input_file_ref idref="fl-6"/>
      </object_component>
      <object_component id="oc-191">
         <name>.debug_info</name>
         <load_address>0xde39</load_address>
         <run_address>0xde39</run_address>
         <size>0x2c</size>
         <input_file_ref idref="fl-7"/>
      </object_component>
      <object_component id="oc-10d">
         <name>.debug_info</name>
         <load_address>0xde65</load_address>
         <run_address>0xde65</run_address>
         <size>0xccc</size>
         <input_file_ref idref="fl-8"/>
      </object_component>
      <object_component id="oc-9c">
         <name>.debug_info</name>
         <load_address>0xeb31</load_address>
         <run_address>0xeb31</run_address>
         <size>0x3d1</size>
         <input_file_ref idref="fl-8"/>
      </object_component>
      <object_component id="oc-122">
         <name>.debug_info</name>
         <load_address>0xef02</load_address>
         <run_address>0xef02</run_address>
         <size>0x178</size>
         <input_file_ref idref="fl-8"/>
      </object_component>
      <object_component id="oc-4c6">
         <name>.debug_info</name>
         <load_address>0xf07a</load_address>
         <run_address>0xf07a</run_address>
         <size>0x178</size>
         <input_file_ref idref="fl-8"/>
      </object_component>
      <object_component id="oc-4c9">
         <name>.debug_info</name>
         <load_address>0xf1f2</load_address>
         <run_address>0xf1f2</run_address>
         <size>0x178</size>
         <input_file_ref idref="fl-8"/>
      </object_component>
      <object_component id="oc-13e">
         <name>.debug_info</name>
         <load_address>0xf36a</load_address>
         <run_address>0xf36a</run_address>
         <size>0x1bb</size>
         <input_file_ref idref="fl-8"/>
      </object_component>
      <object_component id="oc-21b">
         <name>.debug_info</name>
         <load_address>0xf525</load_address>
         <run_address>0xf525</run_address>
         <size>0x178</size>
         <input_file_ref idref="fl-8"/>
      </object_component>
      <object_component id="oc-430">
         <name>.debug_info</name>
         <load_address>0xf69d</load_address>
         <run_address>0xf69d</run_address>
         <size>0x186</size>
         <input_file_ref idref="fl-8"/>
      </object_component>
      <object_component id="oc-475">
         <name>.debug_info</name>
         <load_address>0xf823</load_address>
         <run_address>0xf823</run_address>
         <size>0x17a</size>
         <input_file_ref idref="fl-8"/>
      </object_component>
      <object_component id="oc-126">
         <name>.debug_info</name>
         <load_address>0xf99d</load_address>
         <run_address>0xf99d</run_address>
         <size>0x283</size>
         <input_file_ref idref="fl-8"/>
      </object_component>
      <object_component id="oc-a9">
         <name>.debug_info</name>
         <load_address>0xfc20</load_address>
         <run_address>0xfc20</run_address>
         <size>0x389</size>
         <input_file_ref idref="fl-8"/>
      </object_component>
      <object_component id="oc-3b9">
         <name>.debug_info</name>
         <load_address>0xffa9</load_address>
         <run_address>0xffa9</run_address>
         <size>0x361</size>
         <input_file_ref idref="fl-8"/>
      </object_component>
      <object_component id="oc-149">
         <name>.debug_info</name>
         <load_address>0x1030a</load_address>
         <run_address>0x1030a</run_address>
         <size>0x35b</size>
         <input_file_ref idref="fl-8"/>
      </object_component>
      <object_component id="oc-60d">
         <name>.debug_info</name>
         <load_address>0x10665</load_address>
         <run_address>0x10665</run_address>
         <size>0x305</size>
         <input_file_ref idref="fl-8"/>
      </object_component>
      <object_component id="oc-523">
         <name>.debug_info</name>
         <load_address>0x1096a</load_address>
         <run_address>0x1096a</run_address>
         <size>0x3b0</size>
         <input_file_ref idref="fl-8"/>
      </object_component>
      <object_component id="oc-57e">
         <name>.debug_info</name>
         <load_address>0x10d1a</load_address>
         <run_address>0x10d1a</run_address>
         <size>0x276</size>
         <input_file_ref idref="fl-8"/>
      </object_component>
      <object_component id="oc-599">
         <name>.debug_info</name>
         <load_address>0x10f90</load_address>
         <run_address>0x10f90</run_address>
         <size>0x282</size>
         <input_file_ref idref="fl-8"/>
      </object_component>
      <object_component id="oc-2d5">
         <name>.debug_info</name>
         <load_address>0x11212</load_address>
         <run_address>0x11212</run_address>
         <size>0x4a2</size>
         <input_file_ref idref="fl-8"/>
      </object_component>
      <object_component id="oc-3e1">
         <name>.debug_info</name>
         <load_address>0x116b4</load_address>
         <run_address>0x116b4</run_address>
         <size>0x307</size>
         <input_file_ref idref="fl-8"/>
      </object_component>
      <object_component id="oc-2db">
         <name>.debug_info</name>
         <load_address>0x119bb</load_address>
         <run_address>0x119bb</run_address>
         <size>0x2ff</size>
         <input_file_ref idref="fl-8"/>
      </object_component>
      <object_component id="oc-242">
         <name>.debug_info</name>
         <load_address>0x11cba</load_address>
         <run_address>0x11cba</run_address>
         <size>0x436</size>
         <input_file_ref idref="fl-8"/>
      </object_component>
      <object_component id="oc-5b8">
         <name>.debug_info</name>
         <load_address>0x120f0</load_address>
         <run_address>0x120f0</run_address>
         <size>0x2a9</size>
         <input_file_ref idref="fl-8"/>
      </object_component>
      <object_component id="oc-5be">
         <name>.debug_info</name>
         <load_address>0x12399</load_address>
         <run_address>0x12399</run_address>
         <size>0x396</size>
         <input_file_ref idref="fl-8"/>
      </object_component>
      <object_component id="oc-a2">
         <name>.debug_info</name>
         <load_address>0x1272f</load_address>
         <run_address>0x1272f</run_address>
         <size>0x2de</size>
         <input_file_ref idref="fl-8"/>
      </object_component>
      <object_component id="oc-3a7">
         <name>.debug_info</name>
         <load_address>0x12a0d</load_address>
         <run_address>0x12a0d</run_address>
         <size>0x259</size>
         <input_file_ref idref="fl-8"/>
      </object_component>
      <object_component id="oc-355">
         <name>.debug_info</name>
         <load_address>0x12c66</load_address>
         <run_address>0x12c66</run_address>
         <size>0x388</size>
         <input_file_ref idref="fl-8"/>
      </object_component>
      <object_component id="oc-503">
         <name>.debug_info</name>
         <load_address>0x12fee</load_address>
         <run_address>0x12fee</run_address>
         <size>0x297</size>
         <input_file_ref idref="fl-8"/>
      </object_component>
      <object_component id="oc-248">
         <name>.debug_info</name>
         <load_address>0x13285</load_address>
         <run_address>0x13285</run_address>
         <size>0x2c0</size>
         <input_file_ref idref="fl-8"/>
      </object_component>
      <object_component id="oc-46e">
         <name>.debug_info</name>
         <load_address>0x13545</load_address>
         <run_address>0x13545</run_address>
         <size>0x2ba</size>
         <input_file_ref idref="fl-8"/>
      </object_component>
      <object_component id="oc-34f">
         <name>.debug_info</name>
         <load_address>0x137ff</load_address>
         <run_address>0x137ff</run_address>
         <size>0x320</size>
         <input_file_ref idref="fl-8"/>
      </object_component>
      <object_component id="oc-58a">
         <name>.debug_info</name>
         <load_address>0x13b1f</load_address>
         <run_address>0x13b1f</run_address>
         <size>0x389</size>
[...]
         <value>0x3801</value>
         <object_component_ref idref="oc-12b"/>
      </symbol>
      <symbol id="sm-108">
         <name>vListInsert</name>
         <value>0x35f1</value>
         <object_component_ref idref="oc-575"/>
      </symbol>
      <symbol id="sm-109">
         <name>vListInitialiseItem</name>
         <value>0x3b59</value>
         <object_component_ref idref="oc-3cd"/>
      </symbol>
      <symbol id="sm-10a">
         <name>vListInsertEnd</name>
         <value>0x39f1</value>
         <object_component_ref idref="oc-131"/>
      </symbol>
      <symbol id="sm-10b">
         <name>vListInitialise</name>
         <value>0x3929</value>
         <object_component_ref idref="oc-4bf"/>
      </symbol>
      <symbol id="sm-207">
         <name>xQueueGenericSendFromISR</name>
         <value>0x1891</value>
         <object_component_ref idref="oc-5a4"/>
      </symbol>
      <symbol id="sm-208">
         <name>xQueueGenericCreate</name>
         <value>0x3161</value>
         <object_component_ref idref="oc-300"/>
      </symbol>
      <symbol id="sm-209">
         <name>xQueueGenericSend</name>
         <value>0x429</value>
         <object_component_ref idref="oc-59e"/>
      </symbol>
      <symbol id="sm-20a">
         <name>xQueueGenericReset</name>
         <value>0x20c9</value>
         <object_component_ref idref="oc-50b"/>
      </symbol>
      <symbol id="sm-20b">
         <name>xQueueReceiveFromISR</name>
         <value>0x1db9</value>
         <object_component_ref idref="oc-320"/>
      </symbol>
      <symbol id="sm-20c">
         <name>xQueueGiveFromISR</name>
         <value>0x1c61</value>
         <object_component_ref idref="oc-b5"/>
      </symbol>
      <symbol id="sm-20d">
         <name>vQueueWaitForMessageRestricted</name>
         <value>0x3249</value>
         <object_component_ref idref="oc-549"/>
      </symbol>
      <symbol id="sm-20e">
         <name>xQueueReceive</name>
         <value>0x5c1</value>
         <object_component_ref idref="oc-562"/>
      </symbol>
      <symbol id="sm-48c">
         <name>vTaskDelay</name>
         <value>0x2e81</value>
         <object_component_ref idref="oc-466"/>
      </symbol>
      <symbol id="sm-48d">
         <name>vTaskSuspendAll</name>
         <value>0x3ad1</value>
         <object_component_ref idref="oc-3a6"/>
      </symbol>
      <symbol id="sm-48e">
         <name>vTaskPlaceOnEventList</name>
         <value>0x3581</value>
         <object_component_ref idref="oc-5b1"/>
      </symbol>
      <symbol id="sm-48f">
         <name>xTaskCheckForTimeOut</name>
         <value>0x2031</value>
         <object_component_ref idref="oc-5bd"/>
      </symbol>
      <symbol id="sm-490">
         <name>xTaskPriorityDisinherit</name>
         <value>0x1961</value>
         <object_component_ref idref="oc-60c"/>
      </symbol>
      <symbol id="sm-491">
         <name>vTaskStartScheduler</name>
         <value>0x2271</value>
         <object_component_ref idref="oc-247"/>
      </symbol>
      <symbol id="sm-492">
         <name>vTaskInternalSetTimeOutState</name>
         <value>0x3a09</value>
         <object_component_ref idref="oc-5b7"/>
      </symbol>
      <symbol id="sm-493">
         <name>xTaskCreate</name>
         <value>0x2a21</value>
         <object_component_ref idref="oc-241"/>
      </symbol>
      <symbol id="sm-494">
         <name>vTaskMissedYield</name>
         <value>0x3b29</value>
         <object_component_ref idref="oc-5de"/>
      </symbol>
      <symbol id="sm-495">
         <name>vTaskStepTick</name>
         <value>0x3629</value>
         <object_component_ref idref="oc-502"/>
      </symbol>
      <symbol id="sm-496">
         <name>xTaskResumeAll</name>
         <value>0xe59</value>
         <object_component_ref idref="oc-3b8"/>
      </symbol>
      <symbol id="sm-497">
         <name>xTaskGetTickCount</name>
         <value>0x3b39</value>
         <object_component_ref idref="oc-57d"/>
      </symbol>
      <symbol id="sm-498">
         <name>vTaskDelete</name>
         <value>0x16e9</value>
         <object_component_ref idref="oc-306"/>
      </symbol>
      <symbol id="sm-499">
         <name>pxCurrentTCB</name>
         <value>0x2000c938</value>
         <object_component_ref idref="oc-9b"/>
      </symbol>
      <symbol id="sm-49a">
         <name>vTaskSuspend</name>
         <value>0x1279</value>
         <object_component_ref idref="oc-354"/>
      </symbol>
      <symbol id="sm-49b">
         <name>vTaskResume</name>
         <value>0x2159</value>
         <object_component_ref idref="oc-34e"/>
      </symbol>
      <symbol id="sm-49c">
         <name>vTaskPlaceOnEventListRestricted</name>
         <value>0x3359</value>
         <object_component_ref idref="oc-589"/>
      </symbol>
      <symbol id="sm-49d">
         <name>xTaskIncrementTick</name>
         <value>0x871</value>
         <object_component_ref idref="oc-a8"/>
      </symbol>
      <symbol id="sm-49e">
         <name>vTaskSwitchContext</name>
         <value>0x1af1</value>
         <object_component_ref idref="oc-a1"/>
      </symbol>
      <symbol id="sm-49f">
         <name>xTaskGetSchedulerState</name>
         <value>0x38c9</value>
         <object_component_ref idref="oc-598"/>
      </symbol>
      <symbol id="sm-4a0">
         <name>xTaskRemoveFromEventList</name>
         <value>0x1ef9</value>
         <object_component_ref idref="oc-148"/>
      </symbol>
      <symbol id="sm-4a1">
         <name>eTaskConfirmSleepModeStatus</name>
         <value>0x33d9</value>
         <object_component_ref idref="oc-4f6"/>
      </symbol>
      <symbol id="sm-582">
         <name>xTimerCreateTimerTask</name>
         <value>0x2c19</value>
         <object_component_ref idref="oc-2e1"/>
      </symbol>
      <symbol id="sm-583">
         <name>xTimerGenericCommand</name>
         <value>0x2569</value>
         <object_component_ref idref="oc-55c"/>
      </symbol>
      <symbol id="sm-62a">
         <name>ulMaxSyscallInterruptPriority</name>
         <value>0x3b8c</value>
         <object_component_ref idref="oc-9e"/>
      </symbol>
      <symbol id="sm-62b">
         <name>vPortSetupTimerInterrupt</name>
         <value>0x29b9</value>
         <object_component_ref idref="oc-400"/>
      </symbol>
      <symbol id="sm-62c">
         <name>vPortSuppressTicksAndSleep</name>
         <value>0x9b9</value>
         <object_component_ref idref="oc-40d"/>
      </symbol>
      <symbol id="sm-62d">
         <name>xPortSysTickHandler</name>
         <value>0x3781</value>
         <object_component_ref idref="oc-45"/>
      </symbol>
      <symbol id="sm-62e">
         <name>vPortValidateInterruptPriority</name>
         <value>0x2af1</value>
         <object_component_ref idref="oc-142"/>
      </symbol>
      <symbol id="sm-62f">
         <name>pxPortInitialiseStack</name>
         <value>0x3751</value>
         <object_component_ref idref="oc-3d3"/>
      </symbol>
      <symbol id="sm-630">
         <name>vPortExitCritical</name>
         <value>0x36c1</value>
         <object_component_ref idref="oc-3e6"/>
      </symbol>
      <symbol id="sm-631">
         <name>xPortStartScheduler</name>
         <value>0x1459</value>
         <object_component_ref idref="oc-2e7"/>
      </symbol>
      <symbol id="sm-632">
         <name>vPortEnterCritical</name>
         <value>0x3459</value>
         <object_component_ref idref="oc-3da"/>
      </symbol>
      <symbol id="sm-641">
         <name>vPortStartFirstTask</name>
         <value>0x15dd</value>
         <object_component_ref idref="oc-40"/>
      </symbol>
      <symbol id="sm-642">
         <name>ulPortGetIPSR</name>
         <value>0x1545</value>
         <object_component_ref idref="oc-40"/>
      </symbol>
      <symbol id="sm-643">
         <name>vPortEnableVFP</name>
         <value>0x1601</value>
         <object_component_ref idref="oc-40"/>
      </symbol>
      <symbol id="sm-644">
         <name>xPortPendSVHandler</name>
         <value>0x155d</value>
         <object_component_ref idref="oc-40"/>
      </symbol>
      <symbol id="sm-645">
         <name>vPortSVCHandler</name>
         <value>0x15bd</value>
         <object_component_ref idref="oc-40"/>
      </symbol>
      <symbol id="sm-6ba">
         <name>pvPortMalloc</name>
         <value>0xaf1</value>
         <object_component_ref idref="oc-2c8"/>
      </symbol>
      <symbol id="sm-6bb">
         <name>vPortFree</name>
         <value>0x23f9</value>
         <object_component_ref idref="oc-2ce"/>
      </symbol>
      <symbol id="sm-78a">
         <name>bumpSwitch_status</name>
         <value>0x2000c934</value>
      </symbol>
      <symbol id="sm-78b">
         <name>status</name>
         <value>0x2000c935</value>
      </symbol>
      <symbol id="sm-78c">
         <name>mode</name>
         <value>0x2000c910</value>
      </symbol>
      <symbol id="sm-78d">
         <name>xSemaphore</name>
         <value>0x2000c930</value>
      </symbol>
      <symbol id="sm-78e">
         <name>xHigherPriorityTaskWoken</name>
         <value>0x2000c92c</value>
      </symbol>
      <symbol id="sm-78f">
         <name>taskHandle_BlinkRedLED</name>
         <value>0x2000c914</value>
      </symbol>
      <symbol id="sm-790">
         <name>taskHandle_BumpSwitch</name>
         <value>0x2000c918</value>
      </symbol>
      <symbol id="sm-791">
         <name>taskHandle_PlaySong</name>
         <value>0x2000c924</value>
      </symbol>
      <symbol id="sm-792">
         <name>taskHandle_dcMotor</name>
         <value>0x2000c928</value>
      </symbol>
      <symbol id="sm-793">
         <name>taskHandle_InputSwitch</name>
         <value>0x2000c91c</value>
      </symbol>
      <symbol id="sm-794">
         <name>taskHandle_OutputLED</name>
         <value>0x2000c920</value>
      </symbol>
      <symbol id="sm-795">
         <name>PORT4_IRQHandler</name>
         <value>0x3399</value>
         <object_component_ref idref="oc-4b"/>
      </symbol>
      <symbol id="sm-796">
         <name>vPreSleepProcessing</name>
         <value>0x3b89</value>
         <object_component_ref idref="oc-4fc"/>
      </symbol>
      <symbol id="sm-797">
         <name>main_program</name>
         <value>0x1369</value>
         <object_component_ref idref="oc-1a0"/>
      </symbol>
      <symbol id="sm-798">
         <name>vApplicationTickHook</name>
         <value>0x3b81</value>
         <object_component_ref idref="oc-137"/>
      </symbol>
      <symbol id="sm-799">
         <name>BumpEdgeTrigger_Init</name>
         <value>0x24f1</value>
         <object_component_ref idref="oc-31a"/>
      </symbol>
      <symbol id="sm-849">
         <name>CS_getMCLK</name>
         <value>0x39a9</value>
         <object_component_ref idref="oc-4ee"/>
      </symbol>
      <symbol id="sm-84a">
         <name>CS_clearInterruptFlag</name>
         <value>0x3829</value>
         <object_component_ref idref="oc-5d0"/>
      </symbol>
      <symbol id="sm-84b">
         <name>CS_getDCOFrequency</name>
         <value>0x729</value>
         <object_component_ref idref="oc-5ca"/>
      </symbol>
      <symbol id="sm-84c">
         <name>CS_setDCOCenteredFrequency</name>
         <value>0x36f1</value>
         <object_component_ref idref="oc-2b9"/>
      </symbol>
      <symbol id="sm-84d">
         <name>CS_initClockSignal</name>
         <value>0xc21</value>
         <object_component_ref idref="oc-2bf"/>
      </symbol>
      <symbol id="sm-85c">
         <name>FlashCtl_setWaitState</name>
         <value>0x3661</value>
         <object_component_ref idref="oc-2ad"/>
      </symbol>
      <symbol id="sm-868">
         <name>FPU_enableModule</name>
         <value>0x3ac1</value>
         <object_component_ref idref="oc-228"/>
      </symbol>
      <symbol id="sm-8d7">
         <name>PCM_setCoreVoltageLevel</name>
         <value>0x3b49</value>
         <object_component_ref idref="oc-2b3"/>
      </symbol>
      <symbol id="sm-8d8">
         <name>PCM_getCoreVoltageLevel</name>
         <value>0x2f81</value>
         <object_component_ref idref="oc-490"/>
      </symbol>
      <symbol id="sm-8d9">
         <name>PCM_getPowerMode</name>
         <value>0x3499</value>
         <object_component_ref idref="oc-48a"/>
      </symbol>
      <symbol id="sm-8da">
         <name>PCM_getPowerState</name>
         <value>0x3b11</value>
         <object_component_ref idref="oc-496"/>
      </symbol>
      <symbol id="sm-8db">
         <name>PCM_setPowerMode</name>
         <value>0x3b51</value>
         <object_component_ref idref="oc-49c"/>
      </symbol>
      <symbol id="sm-8f1">
         <name>SysCtl_getTLVInfo</name>
         <value>0x2c71</value>
         <object_component_ref idref="oc-5ff"/>
      </symbol>
      <symbol id="sm-902">
         <name>SysTick_Init</name>
         <value>0x39c1</value>
         <object_component_ref idref="oc-23b"/>
      </symbol>
      <symbol id="sm-918">
         <name>Bump_Read_Input</name>
         <value>0x3ab1</value>
         <object_component_ref idref="oc-314"/>
      </symbol>
      <symbol id="sm-919">
         <name>BumpSwitch_Init</name>
         <value>0x2f31</value>
         <object_component_ref idref="oc-30e"/>
      </symbol>
      <symbol id="sm-982">
         <name>interrupt_response</name>
         <value>0x1611</value>
         <object_component_ref idref="oc-326"/>
      </symbol>
      <symbol id="sm-983">
         <name>dcMotor_Forward</name>
         <value>0x3071</value>
         <object_component_ref idref="oc-347"/>
      </symbol>
      <symbol id="sm-984">
         <name>dcMotor_Left</name>
         <value>0x2d21</value>
         <object_component_ref idref="oc-44f"/>
      </symbol>
      <symbol id="sm-985">
         <name>dcMotor_Init</name>
         <value>0x30c1</value>
         <object_component_ref idref="oc-33b"/>
      </symbol>
      <symbol id="sm-986">
         <name>dcMotor_Right</name>
         <value>0x2d79</value>
         <object_component_ref idref="oc-449"/>
      </symbol>
      <symbol id="sm-987">
         <name>dcMotor_Stop</name>
         <value>0x3851</value>
         <object_component_ref idref="oc-443"/>
      </symbol>
      <symbol id="sm-988">
         <name>dcMotor_Backward</name>
         <value>0x3201</value>
         <object_component_ref idref="oc-43d"/>
      </symbol>
      <symbol id="sm-989">
         <name>dcMotor_response</name>
         <value>0x1071</value>
         <object_component_ref idref="oc-341"/>
      </symbol>
      <symbol id="sm-9d2">
         <name>Port2_Output2</name>
         <value>0x3a21</value>
         <object_component_ref idref="oc-af"/>
      </symbol>
      <symbol id="sm-9d3">
         <name>RedLED_Init</name>
         <value>0x37b1</value>
         <object_component_ref idref="oc-2fa"/>
      </symbol>
      <symbol id="sm-9d4">
         <name>ColorLED_Init</name>
         <value>0x3319</value>
         <object_component_ref idref="oc-2f4"/>
      </symbol>
      <symbol id="sm-9d5">
         <name>outputLED_response</name>
         <value>0x22f9</value>
         <object_component_ref idref="oc-35b"/>
      </symbol>
      <symbol id="sm-9d6">
         <name>outputLED_response_interrupt</name>
         <value>0x25e1</value>
         <object_component_ref idref="oc-361"/>
      </symbol>
      <symbol id="sm-a0c">
         <name>delay_us</name>
         <value>0x3a39</value>
         <object_component_ref idref="oc-51a"/>
      </symbol>
      <symbol id="sm-a0d">
         <name>play_song</name>
         <value>0x149</value>
         <object_component_ref idref="oc-334"/>
      </symbol>
      <symbol id="sm-a0e">
         <name>beep</name>
         <value>0x2cc9</value>
         <object_component_ref idref="oc-457"/>
      </symbol>
      <symbol id="sm-a0f">
         <name>init_song_pwm</name>
         <value>0x3879</value>
         <object_component_ref idref="oc-32e"/>
      </symbol>
      <symbol id="sm-a10">
         <name>delay_ms</name>
         <value>0x3949</value>
         <object_component_ref idref="oc-45d"/>
      </symbol>
      <symbol id="sm-a44">
         <name>interruptVectors</name>
         <value>0x0</value>
         <object_component_ref idref="oc-13"/>
      </symbol>
      <symbol id="sm-a56">
         <name>SystemInit</name>
         <value>0x2881</value>
         <object_component_ref idref="oc-91"/>
      </symbol>
      <symbol id="sm-a71">
         <name>memcpy</name>
         <value>0x1e57</value>
         <object_component_ref idref="oc-5f"/>
      </symbol>
      <symbol id="sm-a72">
         <name>__aeabi_memcpy</name>
         <value>0x1e57</value>
         <object_component_ref idref="oc-5f"/>
      </symbol>
      <symbol id="sm-a73">
         <name>__aeabi_memcpy8</name>
         <value>0x1e57</value>
         <object_component_ref idref="oc-5f"/>
      </symbol>
      <symbol id="sm-a74">
         <name>__aeabi_memcpy4</name>
         <value>0x1e57</value>
         <object_component_ref idref="oc-5f"/>
      </symbol>
      <symbol id="sm-a84">
         <name>__aeabi_memset</name>
         <value>0x2477</value>
         <object_component_ref idref="oc-ec"/>
      </symbol>
      <symbol id="sm-a85">
         <name>memset</name>
         <value>0x247d</value>
         <object_component_ref idref="oc-ec"/>
      </symbol>
      <symbol id="sm-a86">
         <name>__aeabi_memset8</name>
         <value>0x2477</value>
         <object_component_ref idref="oc-ec"/>
      </symbol>
      <symbol id="sm-a87">
         <name>__aeabi_memset4</name>
         <value>0x2477</value>
         <object_component_ref idref="oc-ec"/>
      </symbol>
      <symbol id="sm-a88">
         <name>__aeabi_memclr8</name>
         <value>0x2475</value>
         <object_component_ref idref="oc-ec"/>
      </symbol>
      <symbol id="sm-a89">
         <name>__aeabi_memclr4</name>
         <value>0x2475</value>
         <object_component_ref idref="oc-ec"/>
      </symbol>
      <symbol id="sm-a8a">
         <name>__aeabi_memclr</name>
         <value>0x2475</value>
         <object_component_ref idref="oc-ec"/>
      </symbol>
      <symbol id="sm-a9c">
         <name>__TI_zero_init</name>
         <value>0x3b1d</value>
         <object_component_ref idref="oc-71"/>
      </symbol>
      <symbol id="sm-ab3">
         <name>__TI_decompress_none</name>
         <value>0x3ae1</value>
         <object_component_ref idref="oc-1c"/>
      </symbol>
      <symbol id="sm-ad6">
         <name>__TI_decompress_lzss</name>
         <value>0x28e9</value>
         <object_component_ref idref="oc-16"/>
      </symbol>
      <symbol id="sm-aeb">
         <name>__stack</name>
         <value>0x2000fce0</value>
         <object_component_ref idref="oc-25"/>
      </symbol>
      <symbol id="sm-aec">
         <name>_c_int00_noargs</name>
         <value>0x35b9</value>
         <object_component_ref idref="oc-7d"/>
      </symbol>
      <symbol id="sm-b15">
         <name>__TI_auto_init_nobinit_nopinit</name>
         <value>0x32d5</value>
         <object_component_ref idref="oc-1b3"/>
      </symbol>
      <symbol id="sm-b1f">
         <name>_system_pre_init</name>
         <value>0x5bd</value>
         <object_component_ref idref="oc-f2"/>
      </symbol>
      <symbol id="sm-b2b">
         <name>C$$EXIT</name>
         <value>0x725</value>
         <object_component_ref idref="oc-1a7"/>
      </symbol>
      <symbol id="sm-b2c">
         <name>abort</name>
         <value>0x725</value>
         <object_component_ref idref="oc-1a7"/>
      </symbol>
      <symbol id="sm-b2f">
         <name>__TI_static_base__</name>
         <value>0x0</value>
      </symbol>
      <symbol id="sm-b32">
         <name>__mpu_init</name>
         <value>0x0</value>
      </symbol>
      <symbol id="sm-b33">
         <name>_system_post_cinit</name>
         <value>0x0</value>
      </symbol>
   </symbol_table>
   <title>Link successful</title>
</link_info>
