******************************************************************************
                  TI ARM Linker PC v20.2.5                     
******************************************************************************
>> Linked Fri Dec  2 12:56:46 2022

OUTPUT FILE NAME:   <RTOSDemo.out>
ENTRY POINT SYMBOL: "_c_int00_noargs"  address: 00003121


MEMORY CONFIGURATION

         name            origin    length      used     unused   attr    fill
----------------------  --------  ---------  --------  --------  ----  --------
  MAIN                  00000000   00040000  0000378a  0003c876  R  X
  INFO                  00200000   00004000  00000000  00004000  R  X
  SRAM_CODE             01000000   00010000  00000000  00010000  RW X
  SRAM_DATA             20000000   00010000  0000ccb5  0000334b  RW  


SEGMENT ALLOCATION MAP

run origin  load origin   length   init length attrs members
----------  ----------- ---------- ----------- ----- -------
00000000    00000000    00003790   00003790    r-x
  00000000    00000000    00000138   00000138    r-- .intvecs
  00000138    00000138    00003612   00003612    r-x .text
  0000374c    0000374c    00000008   00000008    r-- .const
  00003758    00003758    00000038   00000038    r-- .cinit
20000000    20000000    0000c998   00000000    rw-
  20000000    20000000    0000c92d   00000000    rw- .bss
  2000c930    2000c930    00000068   00000000    rw- .data
2000fce0    2000fce0    00000320   00000000    rw-
  2000fce0    2000fce0    00000320   00000000    rw- .stack


SECTION ALLOCATION MAP

 output                                  attributes/
section   page    origin      length       input sections
--------  ----  ----------  ----------   ----------------
.intvecs   0    00000000    00000138     
                  00000000    00000138     msp432_startup_ccs.obj (.intvecs:retain)

.text      0    00000138    00003612     
                  00000138    000002de     songFile.obj (.text:play_song)
                  00000416    00000002     --HOLE-- [fill = 0]
                  00000418    00000194     queue.obj (.text:xQueueGenericSend)
                  000005ac    00000004     rtsv7M4_T_le_v4SPD16_eabi.lib : pre_init.c.obj (.text:_system_pre_init)
                  000005b0    00000164     queue.obj (.text:xQueueReceive)
                  00000714    00000004     rtsv7M4_T_le_v4SPD16_eabi.lib : exit.c.obj (.text:abort:abort)
                  00000718    00000148     cs.obj (.text:CS_getDCOFrequency)
                  00000860    00000148     tasks.obj (.text:xTaskIncrementTick)
                  000009a8    00000134     port.obj (.text:vPortSuppressTicksAndSleep)
                  00000adc    00000004     --HOLE-- [fill = 0]
                  00000ae0    0000012c     heap_4.obj (.text:pvPortMalloc)
                  00000c0c    00000004     --HOLE-- [fill = 0]
                  00000c10    0000011c     cs.obj (.text:CS_initClockSignal)
                  00000d2c    00000004     --HOLE-- [fill = 0]
                  00000d30    00000114     cs.obj (.text:_CSComputeCLKFrequency)
                  00000e44    00000004     --HOLE-- [fill = 0]
                  00000e48    0000010c     tasks.obj (.text:xTaskResumeAll)
                  00000f54    00000004     --HOLE-- [fill = 0]
                  00000f58    00000108     pcm.obj (.text:__PCM_setPowerModeAdvanced)
                  00001060    00000106     dcMotor.obj (.text:dcMotor_response)
                  00001166    00000002     --HOLE-- [fill = 0]
                  00001168    00000100     timers.obj (.text:prvProcessReceivedCommands)
                  00001268    000000f0     tasks.obj (.text:vTaskSuspend)
                  00001358    000000ec     main_program.obj (.text:main_program)
                  00001444    00000004     --HOLE-- [fill = 0]
                  00001448    000000dc     port.obj (.text:xPortStartScheduler)
                  00001524    000000da     portasm.obj (.text)
                  000015fe    00000002     --HOLE-- [fill = 0]
                  00001600    000000d0     pcm.obj (.text:__PCM_setCoreVoltageLevelAdvanced)
                  000016d0    000000ce     queue.obj (.text:xQueueGenericSendFromISR)
                  0000179e    00000002     --HOLE-- [fill = 0]
                  000017a0    000000c8     tasks.obj (.text:xTaskPriorityDisinherit)
                  00001868    000000c6     tasks.obj (.text:prvInitialiseNewTask)
                  0000192e    00000002     --HOLE-- [fill = 0]
                  00001930    000000b8     tasks.obj (.text:vTaskSwitchContext)
                  000019e8    000000b4     tasks.obj (.text:prvAddNewTaskToReadyList)
                  00001a9c    0000009c     rtsv7M4_T_le_v4SPD16_eabi.lib : memcpy_t2.asm.obj (.text)
                  00001b38    0000009c     tasks.obj (.text:xTaskRemoveFromEventList)
                  00001bd4    00000004     --HOLE-- [fill = 0]
                  00001bd8    00000094     timers.obj (.text:prvSwitchTimerLists)
                  00001c6c    00000004     --HOLE-- [fill = 0]
                  00001c70    00000094     tasks.obj (.text:xTaskCheckForTimeOut)
                  00001d04    00000004     --HOLE-- [fill = 0]
                  00001d08    00000090     queue.obj (.text:xQueueGenericReset)
                  00001d98    0000008c     tasks.obj (.text:vTaskResume)
                  00001e24    00000004     --HOLE-- [fill = 0]
                  00001e28    00000088     tasks.obj (.text:prvAddCurrentTaskToDelayedList)
                  00001eb0    00000084     tasks.obj (.text:vTaskStartScheduler)
                  00001f34    00000004     --HOLE-- [fill = 0]
                  00001f38    0000007c     tasks.obj (.text:prvIdleTask)
                  00001fb4    00000004     --HOLE-- [fill = 0]
                  00001fb8    0000007c     heap_4.obj (.text:vPortFree)
                  00002034    0000007a     rtsv7M4_T_le_v4SPD16_eabi.lib : memset_t2.asm.obj (.text)
                  000020ae    00000002     --HOLE-- [fill = 0]
                  000020b0    00000078     main_program.obj (.text:taskMasterThread)
                  00002128    00000074     main_program.obj (.text:BumpEdgeTrigger_Init)
                  0000219c    00000004     --HOLE-- [fill = 0]
                  000021a0    00000074     timers.obj (.text:xTimerGenericCommand)
                  00002214    00000004     --HOLE-- [fill = 0]
                  00002218    00000070     queue.obj (.text:prvCopyDataToQueue)
                  00002288    00000070     heap_4.obj (.text:prvHeapInit)
                  000022f8    00000070     tasks.obj (.text:prvInitialiseTaskLists)
                  00002368    00000070     timers.obj (.text:prvProcessTimerOrBlockTask)
                  000023d8    0000006c     outputLED.obj (.text:outputLED_response)
                  00002444    00000004     --HOLE-- [fill = 0]
                  00002448    0000006c     queue.obj (.text:prvUnlockQueue)
                  000024b4    00000004     --HOLE-- [fill = 0]
                  000024b8    00000068     system_msp432p401r.obj (.text:SystemInit)
                  00002520    00000068     rtsv7M4_T_le_v4SPD16_eabi.lib : copy_decompress_lzss.c.obj (.text:decompress:lzss:__TI_decompress_lzss)
                  00002588    00000068     heap_4.obj (.text:prvInsertBlockIntoFreeList)
                  000025f0    00000068     port.obj (.text:vPortSetupTimerInterrupt)
                  00002658    00000068     tasks.obj (.text:xTaskCreate)
                  000026c0    00000064     main_program.obj (.text:taskReadInputSwitch)
                  00002724    00000004     --HOLE-- [fill = 0]
                  00002728    00000064     port.obj (.text:vPortValidateInterruptPriority)
                  0000278c    00000004     --HOLE-- [fill = 0]
                  00002790    00000060     timers.obj (.text:prvProcessExpiredTimer)
                  000027f0    00000058     timers.obj (.text:xTimerCreateTimerTask)
                  00002848    00000054     sysctl.obj (.text:SysCtl_getTLVInfo)
                  0000289c    00000004     --HOLE-- [fill = 0]
                  000028a0    00000054     songFile.obj (.text:beep)
                  000028f4    00000004     --HOLE-- [fill = 0]
                  000028f8    00000054     dcMotor.obj (.text:dcMotor_Left)
                  0000294c    00000004     --HOLE-- [fill = 0]
                  00002950    00000054     dcMotor.obj (.text:dcMotor_Right)
                  000029a4    00000004     --HOLE-- [fill = 0]
                  000029a8    00000054     tasks.obj (.text:prvCheckTasksWaitingTermination)
                  000029fc    00000004     --HOLE-- [fill = 0]
                  00002a00    00000054     timers.obj (.text:prvInsertTimerInActiveList)
                  00002a54    00000004     --HOLE-- [fill = 0]
                  00002a58    00000054     tasks.obj (.text:vTaskDelay)
                  00002aac    00000004     --HOLE-- [fill = 0]
                  00002ab0    00000052     cs.obj (.text:_CSGetDividerValue)
                  00002b02    00000006     --HOLE-- [fill = 0]
                  00002b08    00000050     bumpSwitch.obj (.text:BumpSwitch_Init)
                  00002b58    00000050     pcm.obj (.text:PCM_getCoreVoltageLevel)
                  00002ba8    00000050     cs.obj (.text:_CSGetDOCFrequency)
                  00002bf8    00000050     tasks.obj (.text:prvGetExpectedIdleTime)
                  00002c48    0000004c     dcMotor.obj (.text:dcMotor_Forward)
                  00002c94    00000004     --HOLE-- [fill = 0]
                  00002c98    0000004c     dcMotor.obj (.text:dcMotor_Init)
                  00002ce4    00000004     --HOLE-- [fill = 0]
                  00002ce8    0000004c     timers.obj (.text:prvCheckForValidListAndQueue)
                  00002d34    00000004     --HOLE-- [fill = 0]
                  00002d38    0000004c     queue.obj (.text:xQueueGenericCreate)
                  00002d84    00000004     --HOLE-- [fill = 0]
                  00002d88    0000004a     main_program.obj (.text:prvConfigureClocks)
                  00002dd2    00000006     --HOLE-- [fill = 0]
                  00002dd8    00000048     dcMotor.obj (.text:dcMotor_Backward)
                  00002e20    00000048     queue.obj (.text:vQueueWaitForMessageRestricted)
                  00002e68    00000044     outputLED.obj (.text:ColorLED_Init)
                  00002eac    00000044     rtsv7M4_T_le_v4SPD16_eabi.lib : autoinit.c.obj (.text:__TI_auto_init_nobinit_nopinit:__TI_auto_init_nobinit_nopinit)
                  00002ef0    00000040     main_program.obj (.text:taskdcMotor)
                  00002f30    00000040     tasks.obj (.text:vTaskPlaceOnEventListRestricted)
                  00002f70    0000003c     main_program.obj (.text:Switch_Init)
                  00002fac    00000004     --HOLE-- [fill = 0]
                  00002fb0    0000003c     tasks.obj (.text:eTaskConfirmSleepModeStatus)
                  00002fec    00000004     --HOLE-- [fill = 0]
                  00002ff0    0000003c     tasks.obj (.text:prvTaskIsTaskSuspended)
                  0000302c    00000004     --HOLE-- [fill = 0]
                  00003030    0000003c     port.obj (.text:vPortEnterCritical)
                  0000306c    00000004     --HOLE-- [fill = 0]
                  00003070    0000003a     pcm.obj (.text:PCM_getPowerMode)
                  000030aa    00000006     --HOLE-- [fill = 0]
                  000030b0    00000038     port.obj (.text:prvTaskExitError)
                  000030e8    00000038     tasks.obj (.text:vTaskPlaceOnEventList)
                  00003120    00000034     rtsv7M4_T_le_v4SPD16_eabi.lib : boot_cortex_m.c.obj (.text:_c_int00_noargs:_c_int00_noargs)
                  00003154    00000004     --HOLE-- [fill = 0]
                  00003158    00000034     list.obj (.text:vListInsert)
                  0000318c    00000004     --HOLE-- [fill = 0]
                  00003190    00000034     tasks.obj (.text:vTaskStepTick)
                  000031c4    00000004     --HOLE-- [fill = 0]
                  000031c8    00000030     flash.obj (.text:FlashCtl_setWaitState)
                  000031f8    00000030     tasks.obj (.text:prvResetNextTaskUnblockTime)
                  00003228    00000030     main_program.obj (.text:taskBumpSwitch)
                  00003258    00000030     port.obj (.text:vPortExitCritical)
                  00003288    0000002c     cs.obj (.text:CS_setDCOCenteredFrequency)
                  000032b4    00000004     --HOLE-- [fill = 0]
                  000032b8    0000002c     timers.obj (.text:prvSampleTimeNow)
                  000032e4    00000004     --HOLE-- [fill = 0]
                  000032e8    0000002c     port.obj (.text:pxPortInitialiseStack)
                  00003314    00000004     --HOLE-- [fill = 0]
                  00003318    0000002c     port.obj (.text:xPortSysTickHandler)
                  00003344    00000004     --HOLE-- [fill = 0]
                  00003348    00000028     outputLED.obj (.text:RedLED_Init)
                  00003370    00000028     queue.obj (.text:prvCopyDataFromQueue)
                  00003398    00000026     list.obj (.text:uxListRemove)
                  000033be    00000002     --HOLE-- [fill = 0]
                  000033c0    00000024     cs.obj (.text:CS_clearInterruptFlag)
                  000033e4    00000004     --HOLE-- [fill = 0]
                  000033e8    00000024     dcMotor.obj (.text:dcMotor_Stop)
                  0000340c    00000004     --HOLE-- [fill = 0]
                  00003410    00000024     songFile.obj (.text:init_song_pwm)
                  00003434    00000004     --HOLE-- [fill = 0]
                  00003438    00000024     timers.obj (.text:prvGetNextExpireTime)
                  0000345c    00000004     --HOLE-- [fill = 0]
                  00003460    00000024     main_program.obj (.text:taskDisplayOutputLED)
                  00003484    00000004     --HOLE-- [fill = 0]
                  00003488    00000020     tasks.obj (.text:xTaskGetSchedulerState)
                  000034a8    0000001e     queue.obj (.text:prvInitialiseNewQueue)
                  000034c6    00000002     --HOLE-- [fill = 0]
                  000034c8    0000001e     queue.obj (.text:prvIsQueueFull)
                  000034e6    00000002     --HOLE-- [fill = 0]
                  000034e8    0000001e     list.obj (.text:vListInitialise)
                  00003506    00000002     --HOLE-- [fill = 0]
                  00003508    0000001a     songFile.obj (.text:delay_ms)
                  00003522    00000006     --HOLE-- [fill = 0]
                  00003528    0000001a     queue.obj (.text:prvIsQueueEmpty)
                  00003542    00000006     --HOLE-- [fill = 0]
                  00003548    0000001a     timers.obj (.text:prvTimerTask)
                  00003562    00000006     --HOLE-- [fill = 0]
                  00003568    00000018     cs.obj (.text:CS_getMCLK)
                  00003580    00000018     SysTick.obj (.text:SysTick_Init)
                  00003598    00000018     msp432_startup_ccs.obj (.text:resetISR)
                  000035b0    00000018     list.obj (.text:vListInsertEnd)
                  000035c8    00000018     tasks.obj (.text:vTaskInternalSetTimeOutState)
                  000035e0    00000014     outputLED.obj (.text:Port2_Output2)
                  000035f4    00000004     --HOLE-- [fill = 0]
                  000035f8    00000014     songFile.obj (.text:delay_us)
                  0000360c    00000004     --HOLE-- [fill = 0]
                  00003610    00000014     main.obj (.text:prvSetupHardware)
                  00003624    00000004     --HOLE-- [fill = 0]
                  00003628    00000012     tasks.obj (.text:prvDeleteTCB)
                  0000363a    00000006     --HOLE-- [fill = 0]
                  00003640    00000012     main.obj (.text:vApplicationMallocFailedHook)
                  00003652    00000006     --HOLE-- [fill = 0]
                  00003658    00000012     main.obj (.text:vApplicationStackOverflowHook)
                  0000366a    00000006     --HOLE-- [fill = 0]
                  00003670    00000010     bumpSwitch.obj (.text:Bump_Read_Input)
                  00003680    00000010     fpu.obj (.text:FPU_enableModule)
                  00003690    00000010     tasks.obj (.text:vTaskSuspendAll)
                  000036a0    0000000e     rtsv7M4_T_le_v4SPD16_eabi.lib : copy_decompress_none.c.obj (.text:decompress:none:__TI_decompress_none)
                  000036ae    00000002     --HOLE-- [fill = 0]
                  000036b0    0000000e     main.obj (.text:main)
                  000036be    00000002     --HOLE-- [fill = 0]
                  000036c0    0000000e     main_program.obj (.text:taskPlaySong)
                  000036ce    00000002     --HOLE-- [fill = 0]
                  000036d0    0000000c     pcm.obj (.text:PCM_getPowerState)
                  000036dc    0000000c     rtsv7M4_T_le_v4SPD16_eabi.lib : copy_zero_init.c.obj (.text:decompress:ZI:__TI_zero_init)
                  000036e8    0000000c     tasks.obj (.text:vTaskMissedYield)
                  000036f4    00000004     --HOLE-- [fill = 0]
                  000036f8    0000000c     tasks.obj (.text:xTaskGetTickCount)
                  00003704    00000004     --HOLE-- [fill = 0]
                  00003708    00000008     pcm.obj (.text:PCM_setCoreVoltageLevel)
                  00003710    00000008     pcm.obj (.text:PCM_setPowerMode)
                  00003718    00000006     list.obj (.text:vListInitialiseItem)
                  0000371e    00000002     --HOLE-- [fill = 0]
                  00003720    00000002     msp432_startup_ccs.obj (.text:defaultISR)
                  00003722    00000006     --HOLE-- [fill = 0]
                  00003728    00000002     msp432_startup_ccs.obj (.text:faultISR)
                  0000372a    00000006     --HOLE-- [fill = 0]
                  00003730    00000002     msp432_startup_ccs.obj (.text:nmiISR)
                  00003732    00000006     --HOLE-- [fill = 0]
                  00003738    00000002     main.obj (.text:vApplicationIdleHook)
                  0000373a    00000006     --HOLE-- [fill = 0]
                  00003740    00000002     main_program.obj (.text:vApplicationTickHook)
                  00003742    00000006     --HOLE-- [fill = 0]
                  00003748    00000002     main_program.obj (.text:vPreSleepProcessing)

.const     0    0000374c    00000008     
                  0000374c    00000008     port.obj (.const)

.cinit     0    00003758    00000038     
                  00003758    00000014     (.cinit..data.load) [load image, compression = lzss]
                  0000376c    0000000c     (__TI_handler_table)
                  00003778    00000008     (.cinit..bss.load) [load image, compression = zero_init]
                  00003780    00000010     (__TI_cinit_table)

.bss       0    20000000    0000c92d     UNINITIALIZED
                  20000000    0000c800     heap_4.obj (.bss:ucHeap)
                  2000c800    00000064     tasks.obj (.bss:pxReadyTasksLists)
                  2000c864    00000014     timers.obj (.bss:xActiveTimerList1)
                  2000c878    00000014     timers.obj (.bss:xActiveTimerList2)
                  2000c88c    00000014     tasks.obj (.bss:xDelayedTaskList1)
                  2000c8a0    00000014     tasks.obj (.bss:xDelayedTaskList2)
                  2000c8b4    00000014     tasks.obj (.bss:xPendingReadyList)
                  2000c8c8    00000014     tasks.obj (.bss:xSuspendedTaskList)
                  2000c8dc    00000014     tasks.obj (.bss:xTasksWaitingTermination)
                  2000c8f0    00000008     cs.obj (.bss)
                  2000c8f8    00000008     tasks.obj (.bss)
                  2000c900    00000008     timers.obj (.bss)
                  2000c908    00000008     heap_4.obj (.bss:xStart)
                  2000c910    00000004     (.common:mode)
                  2000c914    00000004     (.common:taskHandle_BlinkRedLED)
                  2000c918    00000004     (.common:taskHandle_BumpSwitch)
                  2000c91c    00000004     (.common:taskHandle_InputSwitch)
                  2000c920    00000004     (.common:taskHandle_OutputLED)
                  2000c924    00000004     (.common:taskHandle_PlaySong)
                  2000c928    00000004     (.common:taskHandle_dcMotor)
                  2000c92c    00000001     (.common:bumpSwitch_status)

.data      0    2000c930    00000068     UNINITIALIZED
                  2000c930    00000034     tasks.obj (.data)
                  2000c964    00000018     port.obj (.data)
                  2000c97c    00000010     heap_4.obj (.data)
                  2000c98c    0000000c     timers.obj (.data)

.stack     0    2000fce0    00000320     UNINITIALIZED
                  2000fce0    00000004     rtsv7M4_T_le_v4SPD16_eabi.lib : boot_cortex_m.c.obj (.stack)
                  2000fce4    0000031c     --HOLE--

__llvm_prf_cnts 
*          0    20000000    00000000     UNINITIALIZED

MODULE SUMMARY

       Module                       code    ro data   rw data
       ------                       ----    -------   -------
    .\
       main.obj                     72      0         0      
    +--+----------------------------+-------+---------+---------+
       Total:                       72      0         0      
                                                             
    .\FreeRTOS_Source\
       tasks.obj                    3352    0         260    
       queue.obj                    1604    0         0      
       timers.obj                   1082    0         60     
       list.obj                     150     0         0      
    +--+----------------------------+-------+---------+---------+
       Total:                       6188    0         320    
                                                             
    .\FreeRTOS_Source\portable\CCS\ARM_CM4F\
       port.obj                     984     8         24     
       portasm.obj                  218     0         0      
    +--+----------------------------+-------+---------+---------+
       Total:                       1202    8         24     
                                                             
    .\FreeRTOS_Source\portable\MemMang\
       heap_4.obj                   640     0         51224  
    +--+----------------------------+-------+---------+---------+
       Total:                       640     0         51224  
                                                             
    .\MainProgram\
       main_program.obj             872     0         29     
    +--+----------------------------+-------+---------+---------+
       Total:                       872     0         29     
                                                             
    .\driverlib\
       cs.obj                       1154    0         8      
       pcm.obj                      638     0         0      
       sysctl.obj                   84      0         0      
       flash.obj                    48      0         0      
       fpu.obj                      16      0         0      
    +--+----------------------------+-------+---------+---------+
       Total:                       1940    0         8      
                                                             
    .\inc\
       songFile.obj                 900     0         0      
       dcMotor.obj                  690     0         0      
       outputLED.obj                236     0         0      
       bumpSwitch.obj               96      0         0      
       SysTick.obj                  24      0         0      
    +--+----------------------------+-------+---------+---------+
       Total:                       1946    0         0      
                                                             
    .\system\CCS\
       msp432_startup_ccs.obj       30      312       0      
       system_msp432p401r.obj       104     0         0      
    +--+----------------------------+-------+---------+---------+
       Total:                       134     312       0      
                                                             
    C:\TI\ccs\tools\compiler\ti-cgt-arm_20.2.5.LTS\lib\rtsv7M4_T_le_v4SPD16_eabi.lib
       memcpy_t2.asm.obj            156     0         0      
       memset_t2.asm.obj            122     0         0      
       copy_decompress_lzss.c.obj   104     0         0      
       autoinit.c.obj               68      0         0      
       boot_cortex_m.c.obj          52      0         0      
       copy_decompress_none.c.obj   14      0         0      
       copy_zero_init.c.obj         12      0         0      
       exit.c.obj                   4       0         0      
       pre_init.c.obj               4       0         0      
    +--+----------------------------+-------+---------+---------+
       Total:                       536     0         0      
                                                             
       Stack:                       0       0         800    
       Linker Generated:            0       56        0      
    +--+----------------------------+-------+---------+---------+
       Grand Total:                 13530   376       52405  


LINKER GENERATED COPY TABLES

__TI_cinit_table @ 00003780 records: 2, size/record: 8, table size: 16
	.data: load addr=00003758, load size=00000014 bytes, run addr=2000c930, run size=00000068 bytes, compression=lzss
	.bss: load addr=00003778, load size=00000008 bytes, run addr=20000000, run size=0000c92d bytes, compression=zero_init


LINKER GENERATED HANDLER TABLE

__TI_handler_table @ 0000376c records: 3, size/record: 4, table size: 12
	index: 0, handler: __TI_decompress_lzss
	index: 1, handler: __TI_decompress_none
	index: 2, handler: __TI_zero_init


GLOBAL SYMBOLS: SORTED ALPHABETICALLY BY Name 

address   name                           
-------   ----                           
00002129  BumpEdgeTrigger_Init           
00002b09  BumpSwitch_Init                
00003671  Bump_Read_Input                
00000715  C$$EXIT                        
000033c1  CS_clearInterruptFlag          
00000719  CS_getDCOFrequency             
00003569  CS_getMCLK                     
00000c11  CS_initClockSignal             
00003289  CS_setDCOCenteredFrequency     
00002e69  ColorLED_Init                  
00003681  FPU_enableModule               
000031c9  FlashCtl_setWaitState          
00002b59  PCM_getCoreVoltageLevel        
00003071  PCM_getPowerMode               
000036d1  PCM_getPowerState              
00003709  PCM_setCoreVoltageLevel        
00003711  PCM_setPowerMode               
000035e1  Port2_Output2                  
00003349  RedLED_Init                    
00002849  SysCtl_getTLVInfo              
00003581  SysTick_Init                   
000024b9  SystemInit                     
4000480c  WDTCTL_SYM                     
20010000  __STACK_END                    
00000320  __STACK_SIZE                   
00003780  __TI_CINIT_Base                
00003790  __TI_CINIT_Limit               
0000376c  __TI_Handler_Table_Base        
00003778  __TI_Handler_Table_Limit       
00002ead  __TI_auto_init_nobinit_nopinit 
00002521  __TI_decompress_lzss           
000036a1  __TI_decompress_none           
ffffffff  __TI_pprof_out_hndl            
ffffffff  __TI_prof_data_size            
ffffffff  __TI_prof_data_start           
00000000  __TI_static_base__             
000036dd  __TI_zero_init                 
00002035  __aeabi_memclr                 
00002035  __aeabi_memclr4                
00002035  __aeabi_memclr8                
00001a9d  __aeabi_memcpy                 
00001a9d  __aeabi_memcpy4                
00001a9d  __aeabi_memcpy8                
00002037  __aeabi_memset                 
00002037  __aeabi_memset4                
00002037  __aeabi_memset8                
ffffffff  __binit__                      
ffffffff  __c_args__                     
UNDEFED   __mpu_init                     
2000fce0  __stack                        
20000000  __start___llvm_prf_cnts        
20000000  __stop___llvm_prf_cnts         
00003121  _c_int00_noargs                
UNDEFED   _system_post_cinit             
000005ad  _system_pre_init               
00000715  abort                          
000028a1  beep                           
ffffffff  binit                          
2000c92c  bumpSwitch_status              
00002dd9  dcMotor_Backward               
00002c49  dcMotor_Forward                
00002c99  dcMotor_Init                   
000028f9  dcMotor_Left                   
00002951  dcMotor_Right                  
000033e9  dcMotor_Stop                   
00001061  dcMotor_response               
00003509  delay_ms                       
000035f9  delay_us                       
00002fb1  eTaskConfirmSleepModeStatus    
00003411  init_song_pwm                  
00000000  interruptVectors               
000036b1  main                           
00001359  main_program                   
00001a9d  memcpy                         
0000203d  memset                         
2000c910  mode                           
000023d9  outputLED_response             
00000139  play_song                      
00000ae1  pvPortMalloc                   
2000c930  pxCurrentTCB                   
000032e9  pxPortInitialiseStack          
2000c914  taskHandle_BlinkRedLED         
2000c918  taskHandle_BumpSwitch          
2000c91c  taskHandle_InputSwitch         
2000c920  taskHandle_OutputLED           
2000c924  taskHandle_PlaySong            
2000c928  taskHandle_dcMotor             
0000374c  ulMaxSyscallInterruptPriority  
00001535  ulPortGetIPSR                  
00003399  uxListRemove                   
00003739  vApplicationIdleHook           
00003641  vApplicationMallocFailedHook   
00003659  vApplicationStackOverflowHook  
00003741  vApplicationTickHook           
000034e9  vListInitialise                
00003719  vListInitialiseItem            
00003159  vListInsert                    
000035b1  vListInsertEnd                 
000015f1  vPortEnableVFP                 
00003031  vPortEnterCritical             
00003259  vPortExitCritical              
00001fb9  vPortFree                      
000015ad  vPortSVCHandler                
000025f1  vPortSetupTimerInterrupt       
000015cd  vPortStartFirstTask            
000009a9  vPortSuppressTicksAndSleep     
00002729  vPortValidateInterruptPriority 
00003749  vPreSleepProcessing            
00002e21  vQueueWaitForMessageRestricted 
00002a59  vTaskDelay                     
000035c9  vTaskInternalSetTimeOutState   
000036e9  vTaskMissedYield               
000030e9  vTaskPlaceOnEventList          
00002f31  vTaskPlaceOnEventListRestricted
00001d99  vTaskResume                    
00001eb1  vTaskStartScheduler            
00003191  vTaskStepTick                  
00001269  vTaskSuspend                   
00003691  vTaskSuspendAll                
00001931  vTaskSwitchContext             
0000154d  xPortPendSVHandler             
00001449  xPortStartScheduler            
00003319  xPortSysTickHandler            
00002d39  xQueueGenericCreate            
00001d09  xQueueGenericReset             
00000419  xQueueGenericSend              
000016d1  xQueueGenericSendFromISR       
000005b1  xQueueReceive                  
00001c71  xTaskCheckForTimeOut           
00002659  xTaskCreate                    
00003489  xTaskGetSchedulerState         
000036f9  xTaskGetTickCount              
00000861  xTaskIncrementTick             
000017a1  xTaskPriorityDisinherit        
00001b39  xTaskRemoveFromEventList       
00000e49  xTaskResumeAll                 
000027f1  xTimerCreateTimerTask          
000021a1  xTimerGenericCommand           


GLOBAL SYMBOLS: SORTED BY Symbol Address 

address   name                           
-------   ----                           
00000000  __TI_static_base__             
00000000  interruptVectors               
00000139  play_song                      
00000320  __STACK_SIZE                   
00000419  xQueueGenericSend              
000005ad  _system_pre_init               
000005b1  xQueueReceive                  
00000715  C$$EXIT                        
00000715  abort                          
00000719  CS_getDCOFrequency             
00000861  xTaskIncrementTick             
000009a9  vPortSuppressTicksAndSleep     
00000ae1  pvPortMalloc                   
00000c11  CS_initClockSignal             
00000e49  xTaskResumeAll                 
00001061  dcMotor_response               
00001269  vTaskSuspend                   
00001359  main_program                   
00001449  xPortStartScheduler            
00001535  ulPortGetIPSR                  
0000154d  xPortPendSVHandler             
000015ad  vPortSVCHandler                
000015cd  vPortStartFirstTask            
000015f1  vPortEnableVFP                 
000016d1  xQueueGenericSendFromISR       
000017a1  xTaskPriorityDisinherit        
00001931  vTaskSwitchContext             
00001a9d  __aeabi_memcpy                 
00001a9d  __aeabi_memcpy4                
00001a9d  __aeabi_memcpy8                
00001a9d  memcpy                         
00001b39  xTaskRemoveFromEventList       
00001c71  xTaskCheckForTimeOut           
00001d09  xQueueGenericReset             
00001d99  vTaskResume                    
00001eb1  vTaskStartScheduler            
00001fb9  vPortFree                      
00002035  __aeabi_memclr                 
00002035  __aeabi_memclr4                
00002035  __aeabi_memclr8                
00002037  __aeabi_memset                 
00002037  __aeabi_memset4                
00002037  __aeabi_memset8                
0000203d  memset                         
00002129  BumpEdgeTrigger_Init           
000021a1  xTimerGenericCommand           
000023d9  outputLED_response             
000024b9  SystemInit                     
00002521  __TI_decompress_lzss           
000025f1  vPortSetupTimerInterrupt       
00002659  xTaskCreate                    
00002729  vPortValidateInterruptPriority 
000027f1  xTimerCreateTimerTask          
00002849  SysCtl_getTLVInfo              
000028a1  beep                           
000028f9  dcMotor_Left                   
00002951  dcMotor_Right                  
00002a59  vTaskDelay                     
00002b09  BumpSwitch_Init                
00002b59  PCM_getCoreVoltageLevel        
00002c49  dcMotor_Forward                
00002c99  dcMotor_Init                   
00002d39  xQueueGenericCreate            
00002dd9  dcMotor_Backward               
00002e21  vQueueWaitForMessageRestricted 
00002e69  ColorLED_Init                  
00002ead  __TI_auto_init_nobinit_nopinit 
00002f31  vTaskPlaceOnEventListRestricted
00002fb1  eTaskConfirmSleepModeStatus    
00003031  vPortEnterCritical             
00003071  PCM_getPowerMode               
000030e9  vTaskPlaceOnEventList          
00003121  _c_int00_noargs                
00003159  vListInsert                    
00003191  vTaskStepTick                  
000031c9  FlashCtl_setWaitState          
00003259  vPortExitCritical              
00003289  CS_setDCOCenteredFrequency     
000032e9  pxPortInitialiseStack          
00003319  xPortSysTickHandler            
00003349  RedLED_Init                    
00003399  uxListRemove                   
000033c1  CS_clearInterruptFlag          
000033e9  dcMotor_Stop                   
00003411  init_song_pwm                  
00003489  xTaskGetSchedulerState         
000034e9  vListInitialise                
00003509  delay_ms                       
00003569  CS_getMCLK                     
00003581  SysTick_Init                   
000035b1  vListInsertEnd                 
000035c9  vTaskInternalSetTimeOutState   
000035e1  Port2_Output2                  
000035f9  delay_us                       
00003641  vApplicationMallocFailedHook   
00003659  vApplicationStackOverflowHook  
00003671  Bump_Read_Input                
00003681  FPU_enableModule               
00003691  vTaskSuspendAll                
000036a1  __TI_decompress_none           
000036b1  main                           
000036d1  PCM_getPowerState              
000036dd  __TI_zero_init                 
000036e9  vTaskMissedYield               
000036f9  xTaskGetTickCount              
00003709  PCM_setCoreVoltageLevel        
00003711  PCM_setPowerMode               
00003719  vListInitialiseItem            
00003739  vApplicationIdleHook           
00003741  vApplicationTickHook           
00003749  vPreSleepProcessing            
0000374c  ulMaxSyscallInterruptPriority  
0000376c  __TI_Handler_Table_Base        
00003778  __TI_Handler_Table_Limit       
00003780  __TI_CINIT_Base                
00003790  __TI_CINIT_Limit               
20000000  __start___llvm_prf_cnts        
20000000  __stop___llvm_prf_cnts         
2000c910  mode                           
2000c914  taskHandle_BlinkRedLED         
2000c918  taskHandle_BumpSwitch          
2000c91c  taskHandle_InputSwitch         
2000c920  taskHandle_OutputLED           
2000c924  taskHandle_PlaySong            
2000c928  taskHandle_dcMotor             
2000c92c  bumpSwitch_status              
2000c930  pxCurrentTCB                   
2000fce0  __stack                        
20010000  __STACK_END                    
4000480c  WDTCTL_SYM                     
ffffffff  __TI_pprof_out_hndl            
ffffffff  __TI_prof_data_size            
ffffffff  __TI_prof_data_start           
ffffffff  __binit__                      
ffffffff  __c_args__                     
ffffffff  binit                          
UNDEFED   __mpu_init                     
UNDEFED   _system_post_cinit             

[138 symbols]
