******************************************************************************
                  TI ARM Linker PC v20.2.5                     
******************************************************************************
>> Linked Mon Dec 12 11:47:31 2022

OUTPUT FILE NAME:   <RTOSDemo.out>
ENTRY POINT SYMBOL: "_c_int00_noargs"  address: 000035b9


MEMORY CONFIGURATION

         name            origin    length      used     unused   attr    fill
----------------------  --------  ---------  --------  --------  ----  --------
  MAIN                  00000000   00040000  00003bc6  0003c43a  R  X
  INFO                  00200000   00004000  00000000  00004000  R  X
  SRAM_CODE             01000000   00010000  00000000  00010000  RW X
  SRAM_DATA             20000000   00010000  0000ccbe  00003342  RW  


SEGMENT ALLOCATION MAP

run origin  load origin   length   init length attrs members
----------  ----------- ---------- ----------- ----- -------
00000000    00000000    00003bd0   00003bd0    r-x
  00000000    00000000    00000144   00000144    r-- .intvecs
  00000148    00000148    00003a42   00003a42    r-x .text
  00003b8c    00003b8c    00000008   00000008    r-- .const
  00003b98    00003b98    00000038   00000038    r-- .cinit
20000000    20000000    0000c9a0   00000000    rw-
  20000000    20000000    0000c936   00000000    rw- .bss
  2000c938    2000c938    00000068   00000000    rw- .data
2000fce0    2000fce0    00000320   00000000    rw-
  2000fce0    2000fce0    00000320   00000000    rw- .stack


SECTION ALLOCATION MAP

 output                                  attributes/
section   page    origin      length       input sections
--------  ----  ----------  ----------   ----------------
.intvecs   0    00000000    00000144     
                  00000000    00000144     msp432_startup_ccs.obj (.intvecs:retain)

.text      0    00000148    00003a42     
                  00000148    000002de     songFile.obj (.text:play_song)
                  00000426    00000002     --HOLE-- [fill = 0]
                  00000428    00000194     queue.obj (.text:xQueueGenericSend)
                  000005bc    00000004     rtsv7M4_T_le_v4SPD16_eabi.lib : pre_init.c.obj (.text:_system_pre_init)
                  000005c0    00000164     queue.obj (.text:xQueueReceive)
                  00000724    00000004     rtsv7M4_T_le_v4SPD16_eabi.lib : exit.c.obj (.text:abort:abort)
                  00000728    00000148     cs.obj (.text:CS_getDCOFrequency)
                  00000870    00000148     tasks.obj (.text:xTaskIncrementTick)
                  000009b8    00000134     port.obj (.text:vPortSuppressTicksAndSleep)
                  00000aec    00000004     --HOLE-- [fill = 0]
                  00000af0    0000012c     heap_4.obj (.text:pvPortMalloc)
                  00000c1c    00000004     --HOLE-- [fill = 0]
                  00000c20    0000011c     cs.obj (.text:CS_initClockSignal)
                  00000d3c    00000004     --HOLE-- [fill = 0]
                  00000d40    00000114     cs.obj (.text:_CSComputeCLKFrequency)
                  00000e54    00000004     --HOLE-- [fill = 0]
                  00000e58    0000010c     tasks.obj (.text:xTaskResumeAll)
                  00000f64    00000004     --HOLE-- [fill = 0]
                  00000f68    00000108     pcm.obj (.text:__PCM_setPowerModeAdvanced)
                  00001070    00000106     dcMotor.obj (.text:dcMotor_response)
                  00001176    00000002     --HOLE-- [fill = 0]
                  00001178    00000100     timers.obj (.text:prvProcessReceivedCommands)
                  00001278    000000f0     tasks.obj (.text:vTaskSuspend)
                  00001368    000000ec     main_program.obj (.text:main_program)
                  00001454    00000004     --HOLE-- [fill = 0]
                  00001458    000000dc     port.obj (.text:xPortStartScheduler)
                  00001534    000000da     portasm.obj (.text)
                  0000160e    00000002     --HOLE-- [fill = 0]
                  00001610    000000d6     dcMotor.obj (.text:interrupt_response)
                  000016e6    00000002     --HOLE-- [fill = 0]
                  000016e8    000000d4     tasks.obj (.text:vTaskDelete)
                  000017bc    00000004     --HOLE-- [fill = 0]
                  000017c0    000000d0     pcm.obj (.text:__PCM_setCoreVoltageLevelAdvanced)
                  00001890    000000ce     queue.obj (.text:xQueueGenericSendFromISR)
                  0000195e    00000002     --HOLE-- [fill = 0]
                  00001960    000000c8     tasks.obj (.text:xTaskPriorityDisinherit)
                  00001a28    000000c6     tasks.obj (.text:prvInitialiseNewTask)
                  00001aee    00000002     --HOLE-- [fill = 0]
                  00001af0    000000b8     tasks.obj (.text:vTaskSwitchContext)
                  00001ba8    000000b4     tasks.obj (.text:prvAddNewTaskToReadyList)
                  00001c5c    00000004     --HOLE-- [fill = 0]
                  00001c60    000000b4     queue.obj (.text:xQueueGiveFromISR)
                  00001d14    00000004     --HOLE-- [fill = 0]
                  00001d18    000000a0     main_program.obj (.text:taskMasterThread)
                  00001db8    0000009e     queue.obj (.text:xQueueReceiveFromISR)
                  00001e56    0000009c     rtsv7M4_T_le_v4SPD16_eabi.lib : memcpy_t2.asm.obj (.text)
                  00001ef2    00000006     --HOLE-- [fill = 0]
                  00001ef8    0000009c     tasks.obj (.text:xTaskRemoveFromEventList)
                  00001f94    00000004     --HOLE-- [fill = 0]
                  00001f98    00000094     timers.obj (.text:prvSwitchTimerLists)
                  0000202c    00000004     --HOLE-- [fill = 0]
                  00002030    00000094     tasks.obj (.text:xTaskCheckForTimeOut)
                  000020c4    00000004     --HOLE-- [fill = 0]
                  000020c8    00000090     queue.obj (.text:xQueueGenericReset)
                  00002158    0000008c     tasks.obj (.text:vTaskResume)
                  000021e4    00000004     --HOLE-- [fill = 0]
                  000021e8    00000088     tasks.obj (.text:prvAddCurrentTaskToDelayedList)
                  00002270    00000084     tasks.obj (.text:vTaskStartScheduler)
                  000022f4    00000004     --HOLE-- [fill = 0]
                  000022f8    0000007c     outputLED.obj (.text:outputLED_response)
                  00002374    00000004     --HOLE-- [fill = 0]
                  00002378    0000007c     tasks.obj (.text:prvIdleTask)
                  000023f4    00000004     --HOLE-- [fill = 0]
                  000023f8    0000007c     heap_4.obj (.text:vPortFree)
                  00002474    0000007a     rtsv7M4_T_le_v4SPD16_eabi.lib : memset_t2.asm.obj (.text)
                  000024ee    00000002     --HOLE-- [fill = 0]
                  000024f0    00000074     main_program.obj (.text:BumpEdgeTrigger_Init)
                  00002564    00000004     --HOLE-- [fill = 0]
                  00002568    00000074     timers.obj (.text:xTimerGenericCommand)
                  000025dc    00000004     --HOLE-- [fill = 0]
                  000025e0    00000070     outputLED.obj (.text:outputLED_response_interrupt)
                  00002650    00000070     queue.obj (.text:prvCopyDataToQueue)
                  000026c0    00000070     heap_4.obj (.text:prvHeapInit)
                  00002730    00000070     tasks.obj (.text:prvInitialiseTaskLists)
                  000027a0    00000070     timers.obj (.text:prvProcessTimerOrBlockTask)
                  00002810    0000006c     queue.obj (.text:prvUnlockQueue)
                  0000287c    00000004     --HOLE-- [fill = 0]
                  00002880    00000068     system_msp432p401r.obj (.text:SystemInit)
                  000028e8    00000068     rtsv7M4_T_le_v4SPD16_eabi.lib : copy_decompress_lzss.c.obj (.text:decompress:lzss:__TI_decompress_lzss)
                  00002950    00000068     heap_4.obj (.text:prvInsertBlockIntoFreeList)
                  000029b8    00000068     port.obj (.text:vPortSetupTimerInterrupt)
                  00002a20    00000068     tasks.obj (.text:xTaskCreate)
                  00002a88    00000064     main_program.obj (.text:taskReadInputSwitch)
                  00002aec    00000004     --HOLE-- [fill = 0]
                  00002af0    00000064     port.obj (.text:vPortValidateInterruptPriority)
                  00002b54    00000004     --HOLE-- [fill = 0]
                  00002b58    00000060     timers.obj (.text:prvProcessExpiredTimer)
                  00002bb8    0000005c     main_program.obj (.text:taskBumpSwitch)
                  00002c14    00000004     --HOLE-- [fill = 0]
                  00002c18    00000058     timers.obj (.text:xTimerCreateTimerTask)
                  00002c70    00000054     sysctl.obj (.text:SysCtl_getTLVInfo)
                  00002cc4    00000004     --HOLE-- [fill = 0]
                  00002cc8    00000054     songFile.obj (.text:beep)
                  00002d1c    00000004     --HOLE-- [fill = 0]
                  00002d20    00000054     dcMotor.obj (.text:dcMotor_Left)
                  00002d74    00000004     --HOLE-- [fill = 0]
                  00002d78    00000054     dcMotor.obj (.text:dcMotor_Right)
                  00002dcc    00000004     --HOLE-- [fill = 0]
                  00002dd0    00000054     tasks.obj (.text:prvCheckTasksWaitingTermination)
                  00002e24    00000004     --HOLE-- [fill = 0]
                  00002e28    00000054     timers.obj (.text:prvInsertTimerInActiveList)
                  00002e7c    00000004     --HOLE-- [fill = 0]
                  00002e80    00000054     tasks.obj (.text:vTaskDelay)
                  00002ed4    00000004     --HOLE-- [fill = 0]
                  00002ed8    00000052     cs.obj (.text:_CSGetDividerValue)
                  00002f2a    00000006     --HOLE-- [fill = 0]
                  00002f30    00000050     bumpSwitch.obj (.text:BumpSwitch_Init)
                  00002f80    00000050     pcm.obj (.text:PCM_getCoreVoltageLevel)
                  00002fd0    00000050     cs.obj (.text:_CSGetDOCFrequency)
                  00003020    00000050     tasks.obj (.text:prvGetExpectedIdleTime)
                  00003070    0000004c     dcMotor.obj (.text:dcMotor_Forward)
                  000030bc    00000004     --HOLE-- [fill = 0]
                  000030c0    0000004c     dcMotor.obj (.text:dcMotor_Init)
                  0000310c    00000004     --HOLE-- [fill = 0]
                  00003110    0000004c     timers.obj (.text:prvCheckForValidListAndQueue)
                  0000315c    00000004     --HOLE-- [fill = 0]
                  00003160    0000004c     queue.obj (.text:xQueueGenericCreate)
                  000031ac    00000004     --HOLE-- [fill = 0]
                  000031b0    0000004a     main_program.obj (.text:prvConfigureClocks)
                  000031fa    00000006     --HOLE-- [fill = 0]
                  00003200    00000048     dcMotor.obj (.text:dcMotor_Backward)
                  00003248    00000048     queue.obj (.text:vQueueWaitForMessageRestricted)
                  00003290    00000044     main_program.obj (.text:Switch_Init)
                  000032d4    00000044     rtsv7M4_T_le_v4SPD16_eabi.lib : autoinit.c.obj (.text:__TI_auto_init_nobinit_nopinit:__TI_auto_init_nobinit_nopinit)
                  00003318    00000040     outputLED.obj (.text:ColorLED_Init)
                  00003358    00000040     tasks.obj (.text:vTaskPlaceOnEventListRestricted)
                  00003398    0000003c     main_program.obj (.text:PORT4_IRQHandler)
                  000033d4    00000004     --HOLE-- [fill = 0]
                  000033d8    0000003c     tasks.obj (.text:eTaskConfirmSleepModeStatus)
                  00003414    00000004     --HOLE-- [fill = 0]
                  00003418    0000003c     tasks.obj (.text:prvTaskIsTaskSuspended)
                  00003454    00000004     --HOLE-- [fill = 0]
                  00003458    0000003c     port.obj (.text:vPortEnterCritical)
                  00003494    00000004     --HOLE-- [fill = 0]
                  00003498    0000003a     pcm.obj (.text:PCM_getPowerMode)
                  000034d2    00000006     --HOLE-- [fill = 0]
                  000034d8    00000038     port.obj (.text:prvTaskExitError)
                  00003510    00000038     main_program.obj (.text:taskDisplayOutputLED)
                  00003548    00000038     main_program.obj (.text:taskdcMotor)
                  00003580    00000038     tasks.obj (.text:vTaskPlaceOnEventList)
                  000035b8    00000034     rtsv7M4_T_le_v4SPD16_eabi.lib : boot_cortex_m.c.obj (.text:_c_int00_noargs:_c_int00_noargs)
                  000035ec    00000004     --HOLE-- [fill = 0]
                  000035f0    00000034     list.obj (.text:vListInsert)
                  00003624    00000004     --HOLE-- [fill = 0]
                  00003628    00000034     tasks.obj (.text:vTaskStepTick)
                  0000365c    00000004     --HOLE-- [fill = 0]
                  00003660    00000030     flash.obj (.text:FlashCtl_setWaitState)
                  00003690    00000030     tasks.obj (.text:prvResetNextTaskUnblockTime)
                  000036c0    00000030     port.obj (.text:vPortExitCritical)
                  000036f0    0000002c     cs.obj (.text:CS_setDCOCenteredFrequency)
                  0000371c    00000004     --HOLE-- [fill = 0]
                  00003720    0000002c     timers.obj (.text:prvSampleTimeNow)
                  0000374c    00000004     --HOLE-- [fill = 0]
                  00003750    0000002c     port.obj (.text:pxPortInitialiseStack)
                  0000377c    00000004     --HOLE-- [fill = 0]
                  00003780    0000002c     port.obj (.text:xPortSysTickHandler)
                  000037ac    00000004     --HOLE-- [fill = 0]
                  000037b0    00000028     outputLED.obj (.text:RedLED_Init)
                  000037d8    00000028     queue.obj (.text:prvCopyDataFromQueue)
                  00003800    00000026     list.obj (.text:uxListRemove)
                  00003826    00000002     --HOLE-- [fill = 0]
                  00003828    00000024     cs.obj (.text:CS_clearInterruptFlag)
                  0000384c    00000004     --HOLE-- [fill = 0]
                  00003850    00000024     dcMotor.obj (.text:dcMotor_Stop)
                  00003874    00000004     --HOLE-- [fill = 0]
                  00003878    00000024     songFile.obj (.text:init_song_pwm)
                  0000389c    00000004     --HOLE-- [fill = 0]
                  000038a0    00000024     timers.obj (.text:prvGetNextExpireTime)
                  000038c4    00000004     --HOLE-- [fill = 0]
                  000038c8    00000020     tasks.obj (.text:xTaskGetSchedulerState)
                  000038e8    0000001e     queue.obj (.text:prvInitialiseNewQueue)
                  00003906    00000002     --HOLE-- [fill = 0]
                  00003908    0000001e     queue.obj (.text:prvIsQueueFull)
                  00003926    00000002     --HOLE-- [fill = 0]
                  00003928    0000001e     list.obj (.text:vListInitialise)
                  00003946    00000002     --HOLE-- [fill = 0]
                  00003948    0000001a     songFile.obj (.text:delay_ms)
                  00003962    00000006     --HOLE-- [fill = 0]
                  00003968    0000001a     queue.obj (.text:prvIsQueueEmpty)
                  00003982    00000006     --HOLE-- [fill = 0]
                  00003988    0000001a     timers.obj (.text:prvTimerTask)
                  000039a2    00000006     --HOLE-- [fill = 0]
                  000039a8    00000018     cs.obj (.text:CS_getMCLK)
                  000039c0    00000018     SysTick.obj (.text:SysTick_Init)
                  000039d8    00000018     msp432_startup_ccs.obj (.text:resetISR)
                  000039f0    00000018     list.obj (.text:vListInsertEnd)
                  00003a08    00000018     tasks.obj (.text:vTaskInternalSetTimeOutState)
                  00003a20    00000014     outputLED.obj (.text:Port2_Output2)
                  00003a34    00000004     --HOLE-- [fill = 0]
                  00003a38    00000014     songFile.obj (.text:delay_us)
                  00003a4c    00000004     --HOLE-- [fill = 0]
                  00003a50    00000014     main.obj (.text:prvSetupHardware)
                  00003a64    00000004     --HOLE-- [fill = 0]
                  00003a68    00000012     tasks.obj (.text:prvDeleteTCB)
                  00003a7a    00000006     --HOLE-- [fill = 0]
                  00003a80    00000012     main.obj (.text:vApplicationMallocFailedHook)
                  00003a92    00000006     --HOLE-- [fill = 0]
                  00003a98    00000012     main.obj (.text:vApplicationStackOverflowHook)
                  00003aaa    00000006     --HOLE-- [fill = 0]
                  00003ab0    00000010     bumpSwitch.obj (.text:Bump_Read_Input)
                  00003ac0    00000010     fpu.obj (.text:FPU_enableModule)
                  00003ad0    00000010     tasks.obj (.text:vTaskSuspendAll)
                  00003ae0    0000000e     rtsv7M4_T_le_v4SPD16_eabi.lib : copy_decompress_none.c.obj (.text:decompress:none:__TI_decompress_none)
                  00003aee    00000002     --HOLE-- [fill = 0]
                  00003af0    0000000e     main.obj (.text:main)
                  00003afe    00000002     --HOLE-- [fill = 0]
                  00003b00    0000000e     main_program.obj (.text:taskPlaySong)
                  00003b0e    00000002     --HOLE-- [fill = 0]
                  00003b10    0000000c     pcm.obj (.text:PCM_getPowerState)
                  00003b1c    0000000c     rtsv7M4_T_le_v4SPD16_eabi.lib : copy_zero_init.c.obj (.text:decompress:ZI:__TI_zero_init)
                  00003b28    0000000c     tasks.obj (.text:vTaskMissedYield)
                  00003b34    00000004     --HOLE-- [fill = 0]
                  00003b38    0000000c     tasks.obj (.text:xTaskGetTickCount)
                  00003b44    00000004     --HOLE-- [fill = 0]
                  00003b48    00000008     pcm.obj (.text:PCM_setCoreVoltageLevel)
                  00003b50    00000008     pcm.obj (.text:PCM_setPowerMode)
                  00003b58    00000006     list.obj (.text:vListInitialiseItem)
                  00003b5e    00000002     --HOLE-- [fill = 0]
                  00003b60    00000002     msp432_startup_ccs.obj (.text:defaultISR)
                  00003b62    00000006     --HOLE-- [fill = 0]
                  00003b68    00000002     msp432_startup_ccs.obj (.text:faultISR)
                  00003b6a    00000006     --HOLE-- [fill = 0]
                  00003b70    00000002     msp432_startup_ccs.obj (.text:nmiISR)
                  00003b72    00000006     --HOLE-- [fill = 0]
                  00003b78    00000002     main.obj (.text:vApplicationIdleHook)
                  00003b7a    00000006     --HOLE-- [fill = 0]
                  00003b80    00000002     main_program.obj (.text:vApplicationTickHook)
                  00003b82    00000006     --HOLE-- [fill = 0]
                  00003b88    00000002     main_program.obj (.text:vPreSleepProcessing)

.const     0    00003b8c    00000008     
                  00003b8c    00000008     port.obj (.const)

.cinit     0    00003b98    00000038     
                  00003b98    00000014     (.cinit..data.load) [load image, compression = lzss]
                  00003bac    0000000c     (__TI_handler_table)
                  00003bb8    00000008     (.cinit..bss.load) [load image, compression = zero_init]
                  00003bc0    00000010     (__TI_cinit_table)

.bss       0    20000000    0000c936     UNINITIALIZED
                  20000000    0000c800     heap_4.obj (.bss:ucHeap)
                  2000c800    00000064     tasks.obj (.bss:pxReadyTasksLists)
                  2000c864    00000014     timers.obj (.bss:xActiveTimerList1)
                  2000c878    00000014     timers.obj (.bss:xActiveTimerList2)
                  2000c88c    00000014     tasks.obj (.bss:xDelayedTaskList1)
                  2000c8a0    00000014     tasks.obj (.bss:xDelayedTaskList2)
                  2000c8b4    00000014     tasks.obj (.bss:xPendingReadyList)
                  2000c8c8    00000014     tasks.obj (.bss:xSuspendedTaskList)
                  2000c8dc    00000014     tasks.obj (.bss:xTasksWaitingTermination)
                  2000c8f0    00000008     cs.obj (.bss)
                  2000c8f8    00000008     tasks.obj (.bss)
                  2000c900    00000008     timers.obj (.bss)
                  2000c908    00000008     heap_4.obj (.bss:xStart)
                  2000c910    00000004     (.common:mode)
                  2000c914    00000004     (.common:taskHandle_BlinkRedLED)
                  2000c918    00000004     (.common:taskHandle_BumpSwitch)
                  2000c91c    00000004     (.common:taskHandle_InputSwitch)
                  2000c920    00000004     (.common:taskHandle_OutputLED)
                  2000c924    00000004     (.common:taskHandle_PlaySong)
                  2000c928    00000004     (.common:taskHandle_dcMotor)
                  2000c92c    00000004     (.common:xHigherPriorityTaskWoken)
                  2000c930    00000004     (.common:xSemaphore)
                  2000c934    00000001     (.common:bumpSwitch_status)
                  2000c935    00000001     (.common:status)

.data      0    2000c938    00000068     UNINITIALIZED
                  2000c938    00000034     tasks.obj (.data)
                  2000c96c    00000018     port.obj (.data)
                  2000c984    00000010     heap_4.obj (.data)
                  2000c994    0000000c     timers.obj (.data)

.stack     0    2000fce0    00000320     UNINITIALIZED
                  2000fce0    00000004     rtsv7M4_T_le_v4SPD16_eabi.lib : boot_cortex_m.c.obj (.stack)
                  2000fce4    0000031c     --HOLE--

__llvm_prf_cnts 
*          0    20000000    00000000     UNINITIALIZED

MODULE SUMMARY

       Module                       code    ro data   rw data
       ------                       ----    -------   -------
    .\
       main.obj                     72      0         0      
    +--+----------------------------+-------+---------+---------+
       Total:                       72      0         0      
                                                             
    .\FreeRTOS_Source\
       tasks.obj                    3564    0         260    
       queue.obj                    1942    0         0      
       timers.obj                   1082    0         60     
       list.obj                     150     0         0      
    +--+----------------------------+-------+---------+---------+
       Total:                       6738    0         320    
                                                             
    .\FreeRTOS_Source\portable\CCS\ARM_CM4F\
       port.obj                     984     8         24     
       portasm.obj                  218     0         0      
    +--+----------------------------+-------+---------+---------+
       Total:                       1202    8         24     
                                                             
    .\FreeRTOS_Source\portable\MemMang\
       heap_4.obj                   640     0         51224  
    +--+----------------------------+-------+---------+---------+
       Total:                       640     0         51224  
                                                             
    .\MainProgram\
       main_program.obj             1036    0         38     
    +--+----------------------------+-------+---------+---------+
       Total:                       1036    0         38     
                                                             
    .\driverlib\
       cs.obj                       1154    0         8      
       pcm.obj                      638     0         0      
       sysctl.obj                   84      0         0      
       flash.obj                    48      0         0      
       fpu.obj                      16      0         0      
    +--+----------------------------+-------+---------+---------+
       Total:                       1940    0         8      
                                                             
    .\inc\
       dcMotor.obj                  904     0         0      
       songFile.obj                 900     0         0      
       outputLED.obj                360     0         0      
       bumpSwitch.obj               96      0         0      
       SysTick.obj                  24      0         0      
    +--+----------------------------+-------+---------+---------+
       Total:                       2284    0         0      
                                                             
    .\system\CCS\
       msp432_startup_ccs.obj       30      324       0      
       system_msp432p401r.obj       104     0         0      
    +--+----------------------------+-------+---------+---------+
       Total:                       134     324       0      
                                                             
    C:\TI\ccs\tools\compiler\ti-cgt-arm_20.2.5.LTS\lib\rtsv7M4_T_le_v4SPD16_eabi.lib
       memcpy_t2.asm.obj            156     0         0      
       memset_t2.asm.obj            122     0         0      
       copy_decompress_lzss.c.obj   104     0         0      
       autoinit.c.obj               68      0         0      
       boot_cortex_m.c.obj          52      0         0      
       copy_decompress_none.c.obj   14      0         0      
       copy_zero_init.c.obj         12      0         0      
       exit.c.obj                   4       0         0      
       pre_init.c.obj               4       0         0      
    +--+----------------------------+-------+---------+---------+
       Total:                       536     0         0      
                                                             
       Stack:                       0       0         800    
       Linker Generated:            0       56        0      
    +--+----------------------------+-------+---------+---------+
       Grand Total:                 14582   388       52414  


LINKER GENERATED COPY TABLES

__TI_cinit_table @ 00003bc0 records: 2, size/record: 8, table size: 16
	.data: load addr=00003b98, load size=00000014 bytes, run addr=2000c938, run size=00000068 bytes, compression=lzss
	.bss: load addr=00003bb8, load size=00000008 bytes, run addr=20000000, run size=0000c936 bytes, compression=zero_init


LINKER GENERATED HANDLER TABLE

__TI_handler_table @ 00003bac records: 3, size/record: 4, table size: 12
	index: 0, handler: __TI_decompress_lzss
	index: 1, handler: __TI_decompress_none
	index: 2, handler: __TI_zero_init


GLOBAL SYMBOLS: SORTED ALPHABETICALLY BY Name 

address   name                           
-------   ----                           
000024f1  BumpEdgeTrigger_Init           
00002f31  BumpSwitch_Init                
00003ab1  Bump_Read_Input                
00000725  C$$EXIT                        
00003829  CS_clearInterruptFlag          
00000729  CS_getDCOFrequency             
000039a9  CS_getMCLK                     
00000c21  CS_initClockSignal             
000036f1  CS_setDCOCenteredFrequency     
00003319  ColorLED_Init                  
00003ac1  FPU_enableModule               
00003661  FlashCtl_setWaitState          
00002f81  PCM_getCoreVoltageLevel        
00003499  PCM_getPowerMode               
00003b11  PCM_getPowerState              
00003b49  PCM_setCoreVoltageLevel        
00003b51  PCM_setPowerMode               
00003399  PORT4_IRQHandler               
00003a21  Port2_Output2                  
000037b1  RedLED_Init                    
00002c71  SysCtl_getTLVInfo              
000039c1  SysTick_Init                   
00002881  SystemInit                     
4000480c  WDTCTL_SYM                     
20010000  __STACK_END                    
00000320  __STACK_SIZE                   
00003bc0  __TI_CINIT_Base                
00003bd0  __TI_CINIT_Limit               
00003bac  __TI_Handler_Table_Base        
00003bb8  __TI_Handler_Table_Limit       
000032d5  __TI_auto_init_nobinit_nopinit 
000028e9  __TI_decompress_lzss           
00003ae1  __TI_decompress_none           
ffffffff  __TI_pprof_out_hndl            
ffffffff  __TI_prof_data_size            
ffffffff  __TI_prof_data_start           
00000000  __TI_static_base__             
00003b1d  __TI_zero_init                 
00002475  __aeabi_memclr                 
00002475  __aeabi_memclr4                
00002475  __aeabi_memclr8                
00001e57  __aeabi_memcpy                 
00001e57  __aeabi_memcpy4                
00001e57  __aeabi_memcpy8                
00002477  __aeabi_memset                 
00002477  __aeabi_memset4                
00002477  __aeabi_memset8                
ffffffff  __binit__                      
ffffffff  __c_args__                     
UNDEFED   __mpu_init                     
2000fce0  __stack                        
20000000  __start___llvm_prf_cnts        
20000000  __stop___llvm_prf_cnts         
000035b9  _c_int00_noargs                
UNDEFED   _system_post_cinit             
000005bd  _system_pre_init               
00000725  abort                          
00002cc9  beep                           
ffffffff  binit                          
2000c934  bumpSwitch_status              
00003201  dcMotor_Backward               
00003071  dcMotor_Forward                
000030c1  dcMotor_Init                   
00002d21  dcMotor_Left                   
00002d79  dcMotor_Right                  
00003851  dcMotor_Stop                   
00001071  dcMotor_response               
00003949  delay_ms                       
00003a39  delay_us                       
000033d9  eTaskConfirmSleepModeStatus    
00003879  init_song_pwm                  
00000000  interruptVectors               
00001611  interrupt_response             
00003af1  main                           
00001369  main_program                   
00001e57  memcpy                         
0000247d  memset                         
2000c910  mode                           
000022f9  outputLED_response             
000025e1  outputLED_response_interrupt   
00000149  play_song                      
00000af1  pvPortMalloc                   
2000c938  pxCurrentTCB                   
00003751  pxPortInitialiseStack          
2000c935  status                         
2000c914  taskHandle_BlinkRedLED         
2000c918  taskHandle_BumpSwitch          
2000c91c  taskHandle_InputSwitch         
2000c920  taskHandle_OutputLED           
2000c924  taskHandle_PlaySong            
2000c928  taskHandle_dcMotor             
00003b8c  ulMaxSyscallInterruptPriority  
00001545  ulPortGetIPSR                  
00003801  uxListRemove                   
00003b79  vApplicationIdleHook           
00003a81  vApplicationMallocFailedHook   
00003a99  vApplicationStackOverflowHook  
00003b81  vApplicationTickHook           
00003929  vListInitialise                
00003b59  vListInitialiseItem            
000035f1  vListInsert                    
000039f1  vListInsertEnd                 
00001601  vPortEnableVFP                 
00003459  vPortEnterCritical             
000036c1  vPortExitCritical              
000023f9  vPortFree                      
000015bd  vPortSVCHandler                
000029b9  vPortSetupTimerInterrupt       
000015dd  vPortStartFirstTask            
000009b9  vPortSuppressTicksAndSleep     
00002af1  vPortValidateInterruptPriority 
00003b89  vPreSleepProcessing            
00003249  vQueueWaitForMessageRestricted 
00002e81  vTaskDelay                     
000016e9  vTaskDelete                    
00003a09  vTaskInternalSetTimeOutState   
00003b29  vTaskMissedYield               
00003581  vTaskPlaceOnEventList          
00003359  vTaskPlaceOnEventListRestricted
00002159  vTaskResume                    
00002271  vTaskStartScheduler            
00003629  vTaskStepTick                  
00001279  vTaskSuspend                   
00003ad1  vTaskSuspendAll                
00001af1  vTaskSwitchContext             
2000c92c  xHigherPriorityTaskWoken       
0000155d  xPortPendSVHandler             
00001459  xPortStartScheduler            
00003781  xPortSysTickHandler            
00003161  xQueueGenericCreate            
000020c9  xQueueGenericReset             
00000429  xQueueGenericSend              
00001891  xQueueGenericSendFromISR       
00001c61  xQueueGiveFromISR              
000005c1  xQueueReceive                  
00001db9  xQueueReceiveFromISR           
2000c930  xSemaphore                     
00002031  xTaskCheckForTimeOut           
00002a21  xTaskCreate                    
000038c9  xTaskGetSchedulerState         
00003b39  xTaskGetTickCount              
00000871  xTaskIncrementTick             
00001961  xTaskPriorityDisinherit        
00001ef9  xTaskRemoveFromEventList       
00000e59  xTaskResumeAll                 
00002c19  xTimerCreateTimerTask          
00002569  xTimerGenericCommand           


GLOBAL SYMBOLS: SORTED BY Symbol Address 

address   name                           
-------   ----                           
00000000  __TI_static_base__             
00000000  interruptVectors               
00000149  play_song                      
00000320  __STACK_SIZE                   
00000429  xQueueGenericSend              
000005bd  _system_pre_init               
000005c1  xQueueReceive                  
00000725  C$$EXIT                        
00000725  abort                          
00000729  CS_getDCOFrequency             
00000871  xTaskIncrementTick             
000009b9  vPortSuppressTicksAndSleep     
00000af1  pvPortMalloc                   
00000c21  CS_initClockSignal             
00000e59  xTaskResumeAll                 
00001071  dcMotor_response               
00001279  vTaskSuspend                   
00001369  main_program                   
00001459  xPortStartScheduler            
00001545  ulPortGetIPSR                  
0000155d  xPortPendSVHandler             
000015bd  vPortSVCHandler                
000015dd  vPortStartFirstTask            
00001601  vPortEnableVFP                 
00001611  interrupt_response             
000016e9  vTaskDelete                    
00001891  xQueueGenericSendFromISR       
00001961  xTaskPriorityDisinherit        
00001af1  vTaskSwitchContext             
00001c61  xQueueGiveFromISR              
00001db9  xQueueReceiveFromISR           
00001e57  __aeabi_memcpy                 
00001e57  __aeabi_memcpy4                
00001e57  __aeabi_memcpy8                
00001e57  memcpy                         
00001ef9  xTaskRemoveFromEventList       
00002031  xTaskCheckForTimeOut           
000020c9  xQueueGenericReset             
00002159  vTaskResume                    
00002271  vTaskStartScheduler            
000022f9  outputLED_response             
000023f9  vPortFree                      
00002475  __aeabi_memclr                 
00002475  __aeabi_memclr4                
00002475  __aeabi_memclr8                
00002477  __aeabi_memset                 
00002477  __aeabi_memset4                
00002477  __aeabi_memset8                
0000247d  memset                         
000024f1  BumpEdgeTrigger_Init           
00002569  xTimerGenericCommand           
000025e1  outputLED_response_interrupt   
00002881  SystemInit                     
000028e9  __TI_decompress_lzss           
000029b9  vPortSetupTimerInterrupt       
00002a21  xTaskCreate                    
00002af1  vPortValidateInterruptPriority 
00002c19  xTimerCreateTimerTask          
00002c71  SysCtl_getTLVInfo              
00002cc9  beep                           
00002d21  dcMotor_Left                   
00002d79  dcMotor_Right                  
00002e81  vTaskDelay                     
00002f31  BumpSwitch_Init                
00002f81  PCM_getCoreVoltageLevel        
00003071  dcMotor_Forward                
000030c1  dcMotor_Init                   
00003161  xQueueGenericCreate            
00003201  dcMotor_Backward               
00003249  vQueueWaitForMessageRestricted 
000032d5  __TI_auto_init_nobinit_nopinit 
00003319  ColorLED_Init                  
00003359  vTaskPlaceOnEventListRestricted
00003399  PORT4_IRQHandler               
000033d9  eTaskConfirmSleepModeStatus    
00003459  vPortEnterCritical             
00003499  PCM_getPowerMode               
00003581  vTaskPlaceOnEventList          
000035b9  _c_int00_noargs                
000035f1  vListInsert                    
00003629  vTaskStepTick                  
00003661  FlashCtl_setWaitState          
000036c1  vPortExitCritical              
000036f1  CS_setDCOCenteredFrequency     
00003751  pxPortInitialiseStack          
00003781  xPortSysTickHandler            
000037b1  RedLED_Init                    
00003801  uxListRemove                   
00003829  CS_clearInterruptFlag          
00003851  dcMotor_Stop                   
00003879  init_song_pwm                  
000038c9  xTaskGetSchedulerState         
00003929  vListInitialise                
00003949  delay_ms                       
000039a9  CS_getMCLK                     
000039c1  SysTick_Init                   
000039f1  vListInsertEnd                 
00003a09  vTaskInternalSetTimeOutState   
00003a21  Port2_Output2                  
00003a39  delay_us                       
00003a81  vApplicationMallocFailedHook   
00003a99  vApplicationStackOverflowHook  
00003ab1  Bump_Read_Input                
00003ac1  FPU_enableModule               
00003ad1  vTaskSuspendAll                
00003ae1  __TI_decompress_none           
00003af1  main                           
00003b11  PCM_getPowerState              
00003b1d  __TI_zero_init                 
00003b29  vTaskMissedYield               
00003b39  xTaskGetTickCount              
00003b49  PCM_setCoreVoltageLevel        
00003b51  PCM_setPowerMode               
00003b59  vListInitialiseItem            
00003b79  vApplicationIdleHook           
00003b81  vApplicationTickHook           
00003b89  vPreSleepProcessing            
00003b8c  ulMaxSyscallInterruptPriority  
00003bac  __TI_Handler_Table_Base        
00003bb8  __TI_Handler_Table_Limit       
00003bc0  __TI_CINIT_Base                
00003bd0  __TI_CINIT_Limit               
20000000  __start___llvm_prf_cnts        
20000000  __stop___llvm_prf_cnts         
2000c910  mode                           
2000c914  taskHandle_BlinkRedLED         
2000c918  taskHandle_BumpSwitch          
2000c91c  taskHandle_InputSwitch         
2000c920  taskHandle_OutputLED           
2000c924  taskHandle_PlaySong            
2000c928  taskHandle_dcMotor             
2000c92c  xHigherPriorityTaskWoken       
2000c930  xSemaphore                     
2000c934  bumpSwitch_status              
2000c935  status                         
2000c938  pxCurrentTCB                   
2000fce0  __stack                        
20010000  __STACK_END                    
4000480c  WDTCTL_SYM                     
ffffffff  __TI_pprof_out_hndl            
ffffffff  __TI_prof_data_size            
ffffffff  __TI_prof_data_start           
ffffffff  __binit__                      
ffffffff  __c_args__                     
ffffffff  binit                          
UNDEFED   __mpu_init                     
UNDEFED   _system_post_cinit             

[147 symbols]
