******************************************************************************
                  TI ARM Linker PC v20.2.5                     
******************************************************************************
>> Linked Mon Nov 28 13:06:08 2022

OUTPUT FILE NAME:   <RTOSDemo.out>
ENTRY POINT SYMBOL: "_c_int00_noargs"  address: 00002f49


MEMORY CONFIGURATION

         name            origin    length      used     unused   attr    fill
----------------------  --------  ---------  --------  --------  ----  --------
  MAIN                  00000000   00040000  000035ca  0003ca36  R  X
  INFO                  00200000   00004000  00000000  00004000  R  X
  SRAM_CODE             01000000   00010000  00000000  00010000  RW X
  SRAM_DATA             20000000   00010000  0000ccb1  0000334f  RW  


SEGMENT ALLOCATION MAP

run origin  load origin   length   init length attrs members
----------  ----------- ---------- ----------- ----- -------
00000000    00000000    000035d0   000035d0    r-x
  00000000    00000000    00000138   00000138    r-- .intvecs
  00000138    00000138    00003452   00003452    r-x .text
  0000358c    0000358c    00000008   00000008    r-- .const
  00003598    00003598    00000038   00000038    r-- .cinit
20000000    20000000    0000c994   00000000    rw-
  20000000    20000000    0000c929   00000000    rw- .bss
  2000c92c    2000c92c    00000068   00000000    rw- .data
2000fce0    2000fce0    00000320   00000000    rw-
  2000fce0    2000fce0    00000320   00000000    rw- .stack


SECTION ALLOCATION MAP

 output                                  attributes/
section   page    origin      length       input sections
--------  ----  ----------  ----------   ----------------
.intvecs   0    00000000    00000138     
                  00000000    00000138     msp432_startup_ccs.obj (.intvecs:retain)

.text      0    00000138    00003452     
                  00000138    00000308     songFile.obj (.text:play_song)
                  00000440    00000194     queue.obj (.text:xQueueGenericSend)
                  000005d4    00000004     rtsv7M4_T_le_v4SPD16_eabi.lib : pre_init.c.obj (.text:_system_pre_init)
                  000005d8    00000164     queue.obj (.text:xQueueReceive)
                  0000073c    00000004     rtsv7M4_T_le_v4SPD16_eabi.lib : exit.c.obj (.text:abort:abort)
                  00000740    00000148     cs.obj (.text:CS_getDCOFrequency)
                  00000888    00000148     tasks.obj (.text:xTaskIncrementTick)
                  000009d0    00000134     port.obj (.text:vPortSuppressTicksAndSleep)
                  00000b04    00000004     --HOLE-- [fill = 0]
                  00000b08    0000012c     heap_4.obj (.text:pvPortMalloc)
                  00000c34    00000004     --HOLE-- [fill = 0]
                  00000c38    0000011c     cs.obj (.text:CS_initClockSignal)
                  00000d54    00000004     --HOLE-- [fill = 0]
                  00000d58    00000114     cs.obj (.text:_CSComputeCLKFrequency)
                  00000e6c    00000004     --HOLE-- [fill = 0]
                  00000e70    0000010c     tasks.obj (.text:xTaskResumeAll)
                  00000f7c    00000004     --HOLE-- [fill = 0]
                  00000f80    00000108     pcm.obj (.text:__PCM_setPowerModeAdvanced)
                  00001088    00000106     dcMotor.obj (.text:dcMotor_response)
                  0000118e    00000002     --HOLE-- [fill = 0]
                  00001190    00000100     timers.obj (.text:prvProcessReceivedCommands)
                  00001290    000000f0     tasks.obj (.text:vTaskSuspend)
                  00001380    000000ec     main_program.obj (.text:main_program)
                  0000146c    00000004     --HOLE-- [fill = 0]
                  00001470    000000dc     port.obj (.text:xPortStartScheduler)
                  0000154c    000000da     portasm.obj (.text)
                  00001626    00000002     --HOLE-- [fill = 0]
                  00001628    000000d0     pcm.obj (.text:__PCM_setCoreVoltageLevelAdvanced)
                  000016f8    000000ce     queue.obj (.text:xQueueGenericSendFromISR)
                  000017c6    00000002     --HOLE-- [fill = 0]
                  000017c8    000000c8     tasks.obj (.text:xTaskPriorityDisinherit)
                  00001890    000000c6     tasks.obj (.text:prvInitialiseNewTask)
                  00001956    00000002     --HOLE-- [fill = 0]
                  00001958    000000b8     tasks.obj (.text:vTaskSwitchContext)
                  00001a10    000000b4     tasks.obj (.text:prvAddNewTaskToReadyList)
                  00001ac4    0000009c     rtsv7M4_T_le_v4SPD16_eabi.lib : memcpy_t2.asm.obj (.text)
                  00001b60    0000009c     tasks.obj (.text:xTaskRemoveFromEventList)
                  00001bfc    00000004     --HOLE-- [fill = 0]
                  00001c00    00000094     timers.obj (.text:prvSwitchTimerLists)
                  00001c94    00000004     --HOLE-- [fill = 0]
                  00001c98    00000094     tasks.obj (.text:xTaskCheckForTimeOut)
                  00001d2c    00000004     --HOLE-- [fill = 0]
                  00001d30    00000090     queue.obj (.text:xQueueGenericReset)
                  00001dc0    00000088     tasks.obj (.text:prvAddCurrentTaskToDelayedList)
                  00001e48    00000084     tasks.obj (.text:vTaskStartScheduler)
                  00001ecc    00000004     --HOLE-- [fill = 0]
                  00001ed0    0000007c     outputLED.obj (.text:outputLED_response)
                  00001f4c    00000004     --HOLE-- [fill = 0]
                  00001f50    0000007c     tasks.obj (.text:prvIdleTask)
                  00001fcc    00000004     --HOLE-- [fill = 0]
                  00001fd0    0000007c     heap_4.obj (.text:vPortFree)
                  0000204c    0000007a     rtsv7M4_T_le_v4SPD16_eabi.lib : memset_t2.asm.obj (.text)
                  000020c6    00000002     --HOLE-- [fill = 0]
                  000020c8    00000074     timers.obj (.text:xTimerGenericCommand)
                  0000213c    00000004     --HOLE-- [fill = 0]
                  00002140    00000070     queue.obj (.text:prvCopyDataToQueue)
                  000021b0    00000070     heap_4.obj (.text:prvHeapInit)
                  00002220    00000070     tasks.obj (.text:prvInitialiseTaskLists)
                  00002290    00000070     timers.obj (.text:prvProcessTimerOrBlockTask)
                  00002300    0000006c     queue.obj (.text:prvUnlockQueue)
                  0000236c    00000004     --HOLE-- [fill = 0]
                  00002370    00000068     system_msp432p401r.obj (.text:SystemInit)
                  000023d8    00000068     rtsv7M4_T_le_v4SPD16_eabi.lib : copy_decompress_lzss.c.obj (.text:decompress:lzss:__TI_decompress_lzss)
                  00002440    00000068     heap_4.obj (.text:prvInsertBlockIntoFreeList)
                  000024a8    00000068     port.obj (.text:vPortSetupTimerInterrupt)
                  00002510    00000068     tasks.obj (.text:xTaskCreate)
                  00002578    00000064     port.obj (.text:vPortValidateInterruptPriority)
                  000025dc    00000004     --HOLE-- [fill = 0]
                  000025e0    00000060     timers.obj (.text:prvProcessExpiredTimer)
                  00002640    00000058     timers.obj (.text:xTimerCreateTimerTask)
                  00002698    00000054     sysctl.obj (.text:SysCtl_getTLVInfo)
                  000026ec    00000004     --HOLE-- [fill = 0]
                  000026f0    00000054     songFile.obj (.text:beep)
                  00002744    00000004     --HOLE-- [fill = 0]
                  00002748    00000054     dcMotor.obj (.text:dcMotor_Left)
                  0000279c    00000004     --HOLE-- [fill = 0]
                  000027a0    00000054     dcMotor.obj (.text:dcMotor_Right)
                  000027f4    00000004     --HOLE-- [fill = 0]
                  000027f8    00000054     tasks.obj (.text:prvCheckTasksWaitingTermination)
                  0000284c    00000004     --HOLE-- [fill = 0]
                  00002850    00000054     timers.obj (.text:prvInsertTimerInActiveList)
                  000028a4    00000004     --HOLE-- [fill = 0]
                  000028a8    00000054     main_program.obj (.text:taskMasterThread)
                  000028fc    00000004     --HOLE-- [fill = 0]
                  00002900    00000054     tasks.obj (.text:vTaskDelay)
                  00002954    00000004     --HOLE-- [fill = 0]
                  00002958    00000052     cs.obj (.text:_CSGetDividerValue)
                  000029aa    00000006     --HOLE-- [fill = 0]
                  000029b0    00000050     bumpSwitch.obj (.text:BumpSwitch_Init)
                  00002a00    00000050     pcm.obj (.text:PCM_getCoreVoltageLevel)
                  00002a50    00000050     cs.obj (.text:_CSGetDOCFrequency)
                  00002aa0    00000050     tasks.obj (.text:prvGetExpectedIdleTime)
                  00002af0    0000004c     dcMotor.obj (.text:dcMotor_Forward)
                  00002b3c    00000004     --HOLE-- [fill = 0]
                  00002b40    0000004c     dcMotor.obj (.text:dcMotor_Init)
                  00002b8c    00000004     --HOLE-- [fill = 0]
                  00002b90    0000004c     timers.obj (.text:prvCheckForValidListAndQueue)
                  00002bdc    00000004     --HOLE-- [fill = 0]
                  00002be0    0000004c     queue.obj (.text:xQueueGenericCreate)
                  00002c2c    00000004     --HOLE-- [fill = 0]
                  00002c30    0000004a     main_program.obj (.text:prvConfigureClocks)
                  00002c7a    00000006     --HOLE-- [fill = 0]
                  00002c80    00000048     dcMotor.obj (.text:dcMotor_Backward)
                  00002cc8    00000048     queue.obj (.text:vQueueWaitForMessageRestricted)
                  00002d10    00000044     outputLED.obj (.text:ColorLED_Init)
                  00002d54    00000044     rtsv7M4_T_le_v4SPD16_eabi.lib : autoinit.c.obj (.text:__TI_auto_init_nobinit_nopinit:__TI_auto_init_nobinit_nopinit)
                  00002d98    00000040     tasks.obj (.text:vTaskPlaceOnEventListRestricted)
                  00002dd8    0000003c     main_program.obj (.text:Switch_Init)
                  00002e14    00000004     --HOLE-- [fill = 0]
                  00002e18    0000003c     tasks.obj (.text:eTaskConfirmSleepModeStatus)
                  00002e54    00000004     --HOLE-- [fill = 0]
                  00002e58    0000003c     port.obj (.text:vPortEnterCritical)
                  00002e94    00000004     --HOLE-- [fill = 0]
                  00002e98    0000003a     pcm.obj (.text:PCM_getPowerMode)
                  00002ed2    00000006     --HOLE-- [fill = 0]
                  00002ed8    00000038     port.obj (.text:prvTaskExitError)
                  00002f10    00000038     tasks.obj (.text:vTaskPlaceOnEventList)
                  00002f48    00000034     rtsv7M4_T_le_v4SPD16_eabi.lib : boot_cortex_m.c.obj (.text:_c_int00_noargs:_c_int00_noargs)
                  00002f7c    00000004     --HOLE-- [fill = 0]
                  00002f80    00000034     list.obj (.text:vListInsert)
                  00002fb4    00000004     --HOLE-- [fill = 0]
                  00002fb8    00000034     tasks.obj (.text:vTaskStepTick)
                  00002fec    00000004     --HOLE-- [fill = 0]
                  00002ff0    00000030     flash.obj (.text:FlashCtl_setWaitState)
                  00003020    00000030     tasks.obj (.text:prvResetNextTaskUnblockTime)
                  00003050    00000030     port.obj (.text:vPortExitCritical)
                  00003080    0000002c     cs.obj (.text:CS_setDCOCenteredFrequency)
                  000030ac    00000004     --HOLE-- [fill = 0]
                  000030b0    0000002c     timers.obj (.text:prvSampleTimeNow)
                  000030dc    00000004     --HOLE-- [fill = 0]
                  000030e0    0000002c     port.obj (.text:pxPortInitialiseStack)
                  0000310c    00000004     --HOLE-- [fill = 0]
                  00003110    0000002c     port.obj (.text:xPortSysTickHandler)
                  0000313c    00000004     --HOLE-- [fill = 0]
                  00003140    00000028     outputLED.obj (.text:RedLED_Init)
                  00003168    00000028     queue.obj (.text:prvCopyDataFromQueue)
                  00003190    00000028     main_program.obj (.text:taskReadInputSwitch)
                  000031b8    00000026     list.obj (.text:uxListRemove)
                  000031de    00000002     --HOLE-- [fill = 0]
                  000031e0    00000024     cs.obj (.text:CS_clearInterruptFlag)
                  00003204    00000004     --HOLE-- [fill = 0]
                  00003208    00000024     dcMotor.obj (.text:dcMotor_Stop)
                  0000322c    00000004     --HOLE-- [fill = 0]
                  00003230    00000024     songFile.obj (.text:init_song_pwm)
                  00003254    00000004     --HOLE-- [fill = 0]
                  00003258    00000024     timers.obj (.text:prvGetNextExpireTime)
                  0000327c    00000004     --HOLE-- [fill = 0]
                  00003280    00000020     tasks.obj (.text:xTaskGetSchedulerState)
                  000032a0    0000001e     queue.obj (.text:prvInitialiseNewQueue)
                  000032be    00000002     --HOLE-- [fill = 0]
                  000032c0    0000001e     queue.obj (.text:prvIsQueueFull)
                  000032de    00000002     --HOLE-- [fill = 0]
                  000032e0    0000001e     list.obj (.text:vListInitialise)
                  000032fe    00000002     --HOLE-- [fill = 0]
                  00003300    0000001a     songFile.obj (.text:delay_ms)
                  0000331a    00000006     --HOLE-- [fill = 0]
                  00003320    0000001a     queue.obj (.text:prvIsQueueEmpty)
                  0000333a    00000006     --HOLE-- [fill = 0]
                  00003340    0000001a     timers.obj (.text:prvTimerTask)
                  0000335a    00000006     --HOLE-- [fill = 0]
                  00003360    00000018     cs.obj (.text:CS_getMCLK)
                  00003378    00000018     SysTick.obj (.text:SysTick_Init)
                  00003390    00000018     msp432_startup_ccs.obj (.text:resetISR)
                  000033a8    00000018     list.obj (.text:vListInsertEnd)
                  000033c0    00000018     tasks.obj (.text:vTaskInternalSetTimeOutState)
                  000033d8    00000014     outputLED.obj (.text:Port2_Output2)
                  000033ec    00000004     --HOLE-- [fill = 0]
                  000033f0    00000014     songFile.obj (.text:delay_us)
                  00003404    00000004     --HOLE-- [fill = 0]
                  00003408    00000014     main.obj (.text:prvSetupHardware)
                  0000341c    00000004     --HOLE-- [fill = 0]
                  00003420    00000014     main_program.obj (.text:taskBumpSwitch)
                  00003434    00000004     --HOLE-- [fill = 0]
                  00003438    00000014     main_program.obj (.text:taskDisplayOutputLED)
                  0000344c    00000004     --HOLE-- [fill = 0]
                  00003450    00000014     main_program.obj (.text:taskdcMotor)
                  00003464    00000004     --HOLE-- [fill = 0]
                  00003468    00000012     tasks.obj (.text:prvDeleteTCB)
                  0000347a    00000006     --HOLE-- [fill = 0]
                  00003480    00000012     main.obj (.text:vApplicationMallocFailedHook)
                  00003492    00000006     --HOLE-- [fill = 0]
                  00003498    00000012     main.obj (.text:vApplicationStackOverflowHook)
                  000034aa    00000006     --HOLE-- [fill = 0]
                  000034b0    00000010     bumpSwitch.obj (.text:Bump_Read_Input)
                  000034c0    00000010     fpu.obj (.text:FPU_enableModule)
                  000034d0    00000010     tasks.obj (.text:vTaskSuspendAll)
                  000034e0    0000000e     rtsv7M4_T_le_v4SPD16_eabi.lib : copy_decompress_none.c.obj (.text:decompress:none:__TI_decompress_none)
                  000034ee    00000002     --HOLE-- [fill = 0]
                  000034f0    0000000e     main.obj (.text:main)
                  000034fe    00000002     --HOLE-- [fill = 0]
                  00003500    0000000e     main_program.obj (.text:taskPlaySong)
                  0000350e    00000002     --HOLE-- [fill = 0]
                  00003510    0000000c     pcm.obj (.text:PCM_getPowerState)
                  0000351c    0000000c     rtsv7M4_T_le_v4SPD16_eabi.lib : copy_zero_init.c.obj (.text:decompress:ZI:__TI_zero_init)
                  00003528    0000000c     tasks.obj (.text:vTaskMissedYield)
                  00003534    00000004     --HOLE-- [fill = 0]
                  00003538    0000000c     tasks.obj (.text:xTaskGetTickCount)
                  00003544    00000004     --HOLE-- [fill = 0]
                  00003548    00000008     pcm.obj (.text:PCM_setCoreVoltageLevel)
                  00003550    00000008     pcm.obj (.text:PCM_setPowerMode)
                  00003558    00000006     list.obj (.text:vListInitialiseItem)
                  0000355e    00000002     --HOLE-- [fill = 0]
                  00003560    00000002     msp432_startup_ccs.obj (.text:defaultISR)
                  00003562    00000006     --HOLE-- [fill = 0]
                  00003568    00000002     msp432_startup_ccs.obj (.text:faultISR)
                  0000356a    00000006     --HOLE-- [fill = 0]
                  00003570    00000002     msp432_startup_ccs.obj (.text:nmiISR)
                  00003572    00000006     --HOLE-- [fill = 0]
                  00003578    00000002     main.obj (.text:vApplicationIdleHook)
                  0000357a    00000006     --HOLE-- [fill = 0]
                  00003580    00000002     main_program.obj (.text:vApplicationTickHook)
                  00003582    00000006     --HOLE-- [fill = 0]
                  00003588    00000002     main_program.obj (.text:vPreSleepProcessing)

.const     0    0000358c    00000008     
                  0000358c    00000008     port.obj (.const)

.cinit     0    00003598    00000038     
                  00003598    00000014     (.cinit..data.load) [load image, compression = lzss]
                  000035ac    0000000c     (__TI_handler_table)
                  000035b8    00000008     (.cinit..bss.load) [load image, compression = zero_init]
                  000035c0    00000010     (__TI_cinit_table)

.bss       0    20000000    0000c929     UNINITIALIZED
                  20000000    0000c800     heap_4.obj (.bss:ucHeap)
                  2000c800    00000064     tasks.obj (.bss:pxReadyTasksLists)
                  2000c864    00000014     timers.obj (.bss:xActiveTimerList1)
                  2000c878    00000014     timers.obj (.bss:xActiveTimerList2)
                  2000c88c    00000014     tasks.obj (.bss:xDelayedTaskList1)
                  2000c8a0    00000014     tasks.obj (.bss:xDelayedTaskList2)
                  2000c8b4    00000014     tasks.obj (.bss:xPendingReadyList)
                  2000c8c8    00000014     tasks.obj (.bss:xSuspendedTaskList)
                  2000c8dc    00000014     tasks.obj (.bss:xTasksWaitingTermination)
                  2000c8f0    00000008     cs.obj (.bss)
                  2000c8f8    00000008     tasks.obj (.bss)
                  2000c900    00000008     timers.obj (.bss)
                  2000c908    00000008     heap_4.obj (.bss:xStart)
                  2000c910    00000004     (.common:taskHandle_BlinkRedLED)
                  2000c914    00000004     (.common:taskHandle_BumpSwitch)
                  2000c918    00000004     (.common:taskHandle_InputSwitch)
                  2000c91c    00000004     (.common:taskHandle_OutputLED)
                  2000c920    00000004     (.common:taskHandle_PlaySong)
                  2000c924    00000004     (.common:taskHandle_dcMotor)
                  2000c928    00000001     (.common:bumpSwitch_status)

.data      0    2000c92c    00000068     UNINITIALIZED
                  2000c92c    00000034     tasks.obj (.data)
                  2000c960    00000018     port.obj (.data)
                  2000c978    00000010     heap_4.obj (.data)
                  2000c988    0000000c     timers.obj (.data)

.stack     0    2000fce0    00000320     UNINITIALIZED
                  2000fce0    00000004     rtsv7M4_T_le_v4SPD16_eabi.lib : boot_cortex_m.c.obj (.stack)
                  2000fce4    0000031c     --HOLE--

__llvm_prf_cnts 
*          0    20000000    00000000     UNINITIALIZED

MODULE SUMMARY

       Module                       code    ro data   rw data
       ------                       ----    -------   -------
    .\
       main.obj                     72      0         0      
    +--+----------------------------+-------+---------+---------+
       Total:                       72      0         0      
                                                             
    .\FreeRTOS_Source\
       tasks.obj                    3152    0         260    
       queue.obj                    1604    0         0      
       timers.obj                   1082    0         60     
       list.obj                     150     0         0      
    +--+----------------------------+-------+---------+---------+
       Total:                       5988    0         320    
                                                             
    .\FreeRTOS_Source\portable\CCS\ARM_CM4F\
       port.obj                     984     8         24     
       portasm.obj                  218     0         0      
    +--+----------------------------+-------+---------+---------+
       Total:                       1202    8         24     
                                                             
    .\FreeRTOS_Source\portable\MemMang\
       heap_4.obj                   640     0         51224  
    +--+----------------------------+-------+---------+---------+
       Total:                       640     0         51224  
                                                             
    .\MainProgram\
       main_program.obj             572     0         25     
    +--+----------------------------+-------+---------+---------+
       Total:                       572     0         25     
                                                             
    .\driverlib\
       cs.obj                       1154    0         8      
       pcm.obj                      638     0         0      
       sysctl.obj                   84      0         0      
       flash.obj                    48      0         0      
       fpu.obj                      16      0         0      
    +--+----------------------------+-------+---------+---------+
       Total:                       1940    0         8      
                                                             
    .\inc\
       songFile.obj                 942     0         0      
       dcMotor.obj                  690     0         0      
       outputLED.obj                252     0         0      
       bumpSwitch.obj               96      0         0      
       SysTick.obj                  24      0         0      
    +--+----------------------------+-------+---------+---------+
       Total:                       2004    0         0      
                                                             
    .\system\CCS\
       msp432_startup_ccs.obj       30      312       0      
       system_msp432p401r.obj       104     0         0      
    +--+----------------------------+-------+---------+---------+
       Total:                       134     312       0      
                                                             
    C:\TI\ccs\tools\compiler\ti-cgt-arm_20.2.5.LTS\lib\rtsv7M4_T_le_v4SPD16_eabi.lib
       memcpy_t2.asm.obj            156     0         0      
       memset_t2.asm.obj            122     0         0      
       copy_decompress_lzss.c.obj   104     0         0      
       autoinit.c.obj               68      0         0      
       boot_cortex_m.c.obj          52      0         0      
       copy_decompress_none.c.obj   14      0         0      
       copy_zero_init.c.obj         12      0         0      
       exit.c.obj                   4       0         0      
       pre_init.c.obj               4       0         0      
    +--+----------------------------+-------+---------+---------+
       Total:                       536     0         0      
                                                             
       Stack:                       0       0         800    
       Linker Generated:            0       56        0      
    +--+----------------------------+-------+---------+---------+
       Grand Total:                 13088   376       52401  


LINKER GENERATED COPY TABLES

__TI_cinit_table @ 000035c0 records: 2, size/record: 8, table size: 16
	.data: load addr=00003598, load size=00000014 bytes, run addr=2000c92c, run size=00000068 bytes, compression=lzss
	.bss: load addr=000035b8, load size=00000008 bytes, run addr=20000000, run size=0000c929 bytes, compression=zero_init


LINKER GENERATED HANDLER TABLE

__TI_handler_table @ 000035ac records: 3, size/record: 4, table size: 12
	index: 0, handler: __TI_decompress_lzss
	index: 1, handler: __TI_decompress_none
	index: 2, handler: __TI_zero_init


GLOBAL SYMBOLS: SORTED ALPHABETICALLY BY Name 

address   name                           
-------   ----                           
000029b1  BumpSwitch_Init                
000034b1  Bump_Read_Input                
0000073d  C$$EXIT                        
000031e1  CS_clearInterruptFlag          
00000741  CS_getDCOFrequency             
00003361  CS_getMCLK                     
00000c39  CS_initClockSignal             
00003081  CS_setDCOCenteredFrequency     
00002d11  ColorLED_Init                  
000034c1  FPU_enableModule               
00002ff1  FlashCtl_setWaitState          
00002a01  PCM_getCoreVoltageLevel        
00002e99  PCM_getPowerMode               
00003511  PCM_getPowerState              
00003549  PCM_setCoreVoltageLevel        
00003551  PCM_setPowerMode               
000033d9  Port2_Output2                  
00003141  RedLED_Init                    
00002699  SysCtl_getTLVInfo              
00003379  SysTick_Init                   
00002371  SystemInit                     
4000480c  WDTCTL_SYM                     
20010000  __STACK_END                    
00000320  __STACK_SIZE                   
000035c0  __TI_CINIT_Base                
000035d0  __TI_CINIT_Limit               
000035ac  __TI_Handler_Table_Base        
000035b8  __TI_Handler_Table_Limit       
00002d55  __TI_auto_init_nobinit_nopinit 
000023d9  __TI_decompress_lzss           
000034e1  __TI_decompress_none           
ffffffff  __TI_pprof_out_hndl            
ffffffff  __TI_prof_data_size            
ffffffff  __TI_prof_data_start           
00000000  __TI_static_base__             
0000351d  __TI_zero_init                 
0000204d  __aeabi_memclr                 
0000204d  __aeabi_memclr4                
0000204d  __aeabi_memclr8                
00001ac5  __aeabi_memcpy                 
00001ac5  __aeabi_memcpy4                
00001ac5  __aeabi_memcpy8                
0000204f  __aeabi_memset                 
0000204f  __aeabi_memset4                
0000204f  __aeabi_memset8                
ffffffff  __binit__                      
ffffffff  __c_args__                     
UNDEFED   __mpu_init                     
2000fce0  __stack                        
20000000  __start___llvm_prf_cnts        
20000000  __stop___llvm_prf_cnts         
00002f49  _c_int00_noargs                
UNDEFED   _system_post_cinit             
000005d5  _system_pre_init               
0000073d  abort                          
000026f1  beep                           
ffffffff  binit                          
2000c928  bumpSwitch_status              
00002c81  dcMotor_Backward               
00002af1  dcMotor_Forward                
00002b41  dcMotor_Init                   
00002749  dcMotor_Left                   
000027a1  dcMotor_Right                  
00003209  dcMotor_Stop                   
00001089  dcMotor_response               
00003301  delay_ms                       
000033f1  delay_us                       
00002e19  eTaskConfirmSleepModeStatus    
00003231  init_song_pwm                  
00000000  interruptVectors               
000034f1  main                           
00001381  main_program                   
00001ac5  memcpy                         
00002055  memset                         
00001ed1  outputLED_response             
00000139  play_song                      
00000b09  pvPortMalloc                   
2000c92c  pxCurrentTCB                   
000030e1  pxPortInitialiseStack          
2000c910  taskHandle_BlinkRedLED         
2000c914  taskHandle_BumpSwitch          
2000c918  taskHandle_InputSwitch         
2000c91c  taskHandle_OutputLED           
2000c920  taskHandle_PlaySong            
2000c924  taskHandle_dcMotor             
0000358c  ulMaxSyscallInterruptPriority  
0000155d  ulPortGetIPSR                  
000031b9  uxListRemove                   
00003579  vApplicationIdleHook           
00003481  vApplicationMallocFailedHook   
00003499  vApplicationStackOverflowHook  
00003581  vApplicationTickHook           
000032e1  vListInitialise                
00003559  vListInitialiseItem            
00002f81  vListInsert                    
000033a9  vListInsertEnd                 
00001619  vPortEnableVFP                 
00002e59  vPortEnterCritical             
00003051  vPortExitCritical              
00001fd1  vPortFree                      
000015d5  vPortSVCHandler                
000024a9  vPortSetupTimerInterrupt       
000015f5  vPortStartFirstTask            
000009d1  vPortSuppressTicksAndSleep     
00002579  vPortValidateInterruptPriority 
00003589  vPreSleepProcessing            
00002cc9  vQueueWaitForMessageRestricted 
00002901  vTaskDelay                     
000033c1  vTaskInternalSetTimeOutState   
00003529  vTaskMissedYield               
00002f11  vTaskPlaceOnEventList          
00002d99  vTaskPlaceOnEventListRestricted
00001e49  vTaskStartScheduler            
00002fb9  vTaskStepTick                  
00001291  vTaskSuspend                   
000034d1  vTaskSuspendAll                
00001959  vTaskSwitchContext             
00001575  xPortPendSVHandler             
00001471  xPortStartScheduler            
00003111  xPortSysTickHandler            
00002be1  xQueueGenericCreate            
00001d31  xQueueGenericReset             
00000441  xQueueGenericSend              
000016f9  xQueueGenericSendFromISR       
000005d9  xQueueReceive                  
00001c99  xTaskCheckForTimeOut           
00002511  xTaskCreate                    
00003281  xTaskGetSchedulerState         
00003539  xTaskGetTickCount              
00000889  xTaskIncrementTick             
000017c9  xTaskPriorityDisinherit        
00001b61  xTaskRemoveFromEventList       
00000e71  xTaskResumeAll                 
00002641  xTimerCreateTimerTask          
000020c9  xTimerGenericCommand           


GLOBAL SYMBOLS: SORTED BY Symbol Address 

address   name                           
-------   ----                           
00000000  __TI_static_base__             
00000000  interruptVectors               
00000139  play_song                      
00000320  __STACK_SIZE                   
00000441  xQueueGenericSend              
000005d5  _system_pre_init               
000005d9  xQueueReceive                  
0000073d  C$$EXIT                        
0000073d  abort                          
00000741  CS_getDCOFrequency             
00000889  xTaskIncrementTick             
000009d1  vPortSuppressTicksAndSleep     
00000b09  pvPortMalloc                   
00000c39  CS_initClockSignal             
00000e71  xTaskResumeAll                 
00001089  dcMotor_response               
00001291  vTaskSuspend                   
00001381  main_program                   
00001471  xPortStartScheduler            
0000155d  ulPortGetIPSR                  
00001575  xPortPendSVHandler             
000015d5  vPortSVCHandler                
000015f5  vPortStartFirstTask            
00001619  vPortEnableVFP                 
000016f9  xQueueGenericSendFromISR       
000017c9  xTaskPriorityDisinherit        
00001959  vTaskSwitchContext             
00001ac5  __aeabi_memcpy                 
00001ac5  __aeabi_memcpy4                
00001ac5  __aeabi_memcpy8                
00001ac5  memcpy                         
00001b61  xTaskRemoveFromEventList       
00001c99  xTaskCheckForTimeOut           
00001d31  xQueueGenericReset             
00001e49  vTaskStartScheduler            
00001ed1  outputLED_response             
00001fd1  vPortFree                      
0000204d  __aeabi_memclr                 
0000204d  __aeabi_memclr4                
0000204d  __aeabi_memclr8                
0000204f  __aeabi_memset                 
0000204f  __aeabi_memset4                
0000204f  __aeabi_memset8                
00002055  memset                         
000020c9  xTimerGenericCommand           
00002371  SystemInit                     
000023d9  __TI_decompress_lzss           
000024a9  vPortSetupTimerInterrupt       
00002511  xTaskCreate                    
00002579  vPortValidateInterruptPriority 
00002641  xTimerCreateTimerTask          
00002699  SysCtl_getTLVInfo              
000026f1  beep                           
00002749  dcMotor_Left                   
000027a1  dcMotor_Right                  
00002901  vTaskDelay                     
000029b1  BumpSwitch_Init                
00002a01  PCM_getCoreVoltageLevel        
00002af1  dcMotor_Forward                
00002b41  dcMotor_Init                   
00002be1  xQueueGenericCreate            
00002c81  dcMotor_Backward               
00002cc9  vQueueWaitForMessageRestricted 
00002d11  ColorLED_Init                  
00002d55  __TI_auto_init_nobinit_nopinit 
00002d99  vTaskPlaceOnEventListRestricted
00002e19  eTaskConfirmSleepModeStatus    
00002e59  vPortEnterCritical             
00002e99  PCM_getPowerMode               
00002f11  vTaskPlaceOnEventList          
00002f49  _c_int00_noargs                
00002f81  vListInsert                    
00002fb9  vTaskStepTick                  
00002ff1  FlashCtl_setWaitState          
00003051  vPortExitCritical              
00003081  CS_setDCOCenteredFrequency     
000030e1  pxPortInitialiseStack          
00003111  xPortSysTickHandler            
00003141  RedLED_Init                    
000031b9  uxListRemove                   
000031e1  CS_clearInterruptFlag          
00003209  dcMotor_Stop                   
00003231  init_song_pwm                  
00003281  xTaskGetSchedulerState         
000032e1  vListInitialise                
00003301  delay_ms                       
00003361  CS_getMCLK                     
00003379  SysTick_Init                   
000033a9  vListInsertEnd                 
000033c1  vTaskInternalSetTimeOutState   
000033d9  Port2_Output2                  
000033f1  delay_us                       
00003481  vApplicationMallocFailedHook   
00003499  vApplicationStackOverflowHook  
000034b1  Bump_Read_Input                
000034c1  FPU_enableModule               
000034d1  vTaskSuspendAll                
000034e1  __TI_decompress_none           
000034f1  main                           
00003511  PCM_getPowerState              
0000351d  __TI_zero_init                 
00003529  vTaskMissedYield               
00003539  xTaskGetTickCount              
00003549  PCM_setCoreVoltageLevel        
00003551  PCM_setPowerMode               
00003559  vListInitialiseItem            
00003579  vApplicationIdleHook           
00003581  vApplicationTickHook           
00003589  vPreSleepProcessing            
0000358c  ulMaxSyscallInterruptPriority  
000035ac  __TI_Handler_Table_Base        
000035b8  __TI_Handler_Table_Limit       
000035c0  __TI_CINIT_Base                
000035d0  __TI_CINIT_Limit               
20000000  __start___llvm_prf_cnts        
20000000  __stop___llvm_prf_cnts         
2000c910  taskHandle_BlinkRedLED         
2000c914  taskHandle_BumpSwitch          
2000c918  taskHandle_InputSwitch         
2000c91c  taskHandle_OutputLED           
2000c920  taskHandle_PlaySong            
2000c924  taskHandle_dcMotor             
2000c928  bumpSwitch_status              
2000c92c  pxCurrentTCB                   
2000fce0  __stack                        
20010000  __STACK_END                    
4000480c  WDTCTL_SYM                     
ffffffff  __TI_pprof_out_hndl            
ffffffff  __TI_prof_data_size            
ffffffff  __TI_prof_data_start           
ffffffff  __binit__                      
ffffffff  __c_args__                     
ffffffff  binit                          
UNDEFED   __mpu_init                     
UNDEFED   _system_post_cinit             

[135 symbols]
