<?xml version="1.0" encoding="ISO-8859-1" ?>
<link_info>
   <banner>TI ARM Linker PC v20.2.5.LTS</banner>
   <copyright>Copyright (c) 1996-2018 Texas Instruments Incorporated</copyright>
   <link_time>0x63863342</link_time>
   <link_errors>0x0</link_errors>
   <output_file>RTOSDemo.out</output_file>
   <entry_point>
      <name>_c_int00_noargs</name>
      <address>0x3081</address>
   </entry_point>
   <input_file_list>
      <input_file id="fl-2">
         <path>.\</path>
         <kind>object</kind>
         <file>main.obj</file>
         <name>main.obj</name>
      </input_file>
      <input_file id="fl-3">
         <path>.\FreeRTOS_Source\</path>
         <kind>object</kind>
         <file>croutine.obj</file>
         <name>croutine.obj</name>
      </input_file>
      <input_file id="fl-4">
         <path>.\FreeRTOS_Source\</path>
         <kind>object</kind>
         <file>event_groups.obj</file>
         <name>event_groups.obj</name>
      </input_file>
      <input_file id="fl-5">
         <path>.\FreeRTOS_Source\</path>
         <kind>object</kind>
         <file>list.obj</file>
         <name>list.obj</name>
      </input_file>
      <input_file id="fl-6">
         <path>.\FreeRTOS_Source\</path>
         <kind>object</kind>
         <file>queue.obj</file>
         <name>queue.obj</name>
      </input_file>
      <input_file id="fl-7">
         <path>.\FreeRTOS_Source\</path>
         <kind>object</kind>
         <file>stream_buffer.obj</file>
         <name>stream_buffer.obj</name>
      </input_file>
      <input_file id="fl-8">
         <path>.\FreeRTOS_Source\</path>
         <kind>object</kind>
         <file>tasks.obj</file>
         <name>tasks.obj</name>
      </input_file>
      <input_file id="fl-9">
         <path>.\FreeRTOS_Source\</path>
         <kind>object</kind>
         <file>timers.obj</file>
         <name>timers.obj</name>
      </input_file>
      <input_file id="fl-a">
         <path>.\FreeRTOS_Source\portable\CCS\ARM_CM4F\</path>
         <kind>object</kind>
         <file>port.obj</file>
         <name>port.obj</name>
      </input_file>
      <input_file id="fl-b">
         <path>.\FreeRTOS_Source\portable\CCS\ARM_CM4F\</path>
         <kind>object</kind>
         <file>portasm.obj</file>
         <name>portasm.obj</name>
      </input_file>
      <input_file id="fl-c">
         <path>.\FreeRTOS_Source\portable\MemMang\</path>
         <kind>object</kind>
         <file>heap_4.obj</file>
         <name>heap_4.obj</name>
      </input_file>
      <input_file id="fl-d">
         <path>.\MainProgram\</path>
         <kind>object</kind>
         <file>main_program.obj</file>
         <name>main_program.obj</name>
      </input_file>
      <input_file id="fl-e">
         <path>.\driverlib\</path>
         <kind>object</kind>
         <file>cpu.obj</file>
         <name>cpu.obj</name>
      </input_file>
      <input_file id="fl-f">
         <path>.\driverlib\</path>
         <kind>object</kind>
         <file>cs.obj</file>
         <name>cs.obj</name>
      </input_file>
      <input_file id="fl-10">
         <path>.\driverlib\</path>
         <kind>object</kind>
         <file>flash.obj</file>
         <name>flash.obj</name>
      </input_file>
      <input_file id="fl-11">
         <path>.\driverlib\</path>
         <kind>object</kind>
         <file>fpu.obj</file>
         <name>fpu.obj</name>
      </input_file>
      <input_file id="fl-12">
         <path>.\driverlib\</path>
         <kind>object</kind>
         <file>gpio.obj</file>
         <name>gpio.obj</name>
      </input_file>
      <input_file id="fl-13">
         <path>.\driverlib\</path>
         <kind>object</kind>
         <file>interrupt.obj</file>
         <name>interrupt.obj</name>
      </input_file>
      <input_file id="fl-14">
         <path>.\driverlib\</path>
         <kind>object</kind>
         <file>pcm.obj</file>
         <name>pcm.obj</name>
      </input_file>
      <input_file id="fl-15">
         <path>.\driverlib\</path>
         <kind>object</kind>
         <file>sysctl.obj</file>
         <name>sysctl.obj</name>
      </input_file>
      <input_file id="fl-16">
         <path>.\driverlib\</path>
         <kind>object</kind>
         <file>timer32.obj</file>
         <name>timer32.obj</name>
      </input_file>
      <input_file id="fl-17">
         <path>.\driverlib\</path>
         <kind>object</kind>
         <file>uart.obj</file>
         <name>uart.obj</name>
      </input_file>
      <input_file id="fl-18">
         <path>.\driverlib\</path>
         <kind>object</kind>
         <file>wdt_a.obj</file>
         <name>wdt_a.obj</name>
      </input_file>
      <input_file id="fl-19">
         <path>.\inc\</path>
         <kind>object</kind>
         <file>Clock.obj</file>
         <name>Clock.obj</name>
      </input_file>
      <input_file id="fl-1a">
         <path>.\inc\</path>
         <kind>object</kind>
         <file>CortexM.obj</file>
         <name>CortexM.obj</name>
      </input_file>
      <input_file id="fl-1b">
         <path>.\inc\</path>
         <kind>object</kind>
         <file>SysTick.obj</file>
         <name>SysTick.obj</name>
      </input_file>
      <input_file id="fl-1c">
         <path>.\inc\</path>
         <kind>object</kind>
         <file>bumpSwitch.obj</file>
         <name>bumpSwitch.obj</name>
      </input_file>
      <input_file id="fl-1d">
         <path>.\inc\</path>
         <kind>object</kind>
         <file>dcMotor.obj</file>
         <name>dcMotor.obj</name>
      </input_file>
      <input_file id="fl-1e">
         <path>.\inc\</path>
         <kind>object</kind>
         <file>outputLED.obj</file>
         <name>outputLED.obj</name>
      </input_file>
      <input_file id="fl-1f">
         <path>.\inc\</path>
         <kind>object</kind>
         <file>songFile.obj</file>
         <name>songFile.obj</name>
      </input_file>
      <input_file id="fl-20">
         <path>.\system\CCS\</path>
         <kind>object</kind>
         <file>msp432_startup_ccs.obj</file>
         <name>msp432_startup_ccs.obj</name>
      </input_file>
      <input_file id="fl-21">
         <path>.\system\CCS\</path>
         <kind>object</kind>
         <file>printf-stdarg.obj</file>
         <name>printf-stdarg.obj</name>
      </input_file>
      <input_file id="fl-22">
         <path>.\system\CCS\</path>
         <kind>object</kind>
         <file>system_msp432p401r.obj</file>
         <name>system_msp432p401r.obj</name>
      </input_file>
      <input_file id="fl-26">
         <kind>object</kind>
         <file>&lt;internal&gt;</file>
         <name>&lt;internal&gt;</name>
      </input_file>
      <input_file id="fl-dc">
         <path>C:\TI\ccs\tools\compiler\ti-cgt-arm_20.2.5.LTS\lib\</path>
         <kind>archive</kind>
         <file>rtsv7M4_T_le_v4SPD16_eabi.lib</file>
         <name>memcpy_t2.asm.obj</name>
      </input_file>
      <input_file id="fl-dd">
         <path>C:\TI\ccs\tools\compiler\ti-cgt-arm_20.2.5.LTS\lib\</path>
         <kind>archive</kind>
         <file>rtsv7M4_T_le_v4SPD16_eabi.lib</file>
         <name>u_divt2.asm.obj</name>
      </input_file>
      <input_file id="fl-de">
         <path>C:\TI\ccs\tools\compiler\ti-cgt-arm_20.2.5.LTS\lib\</path>
         <kind>archive</kind>
         <file>rtsv7M4_T_le_v4SPD16_eabi.lib</file>
         <name>memset_t2.asm.obj</name>
      </input_file>
      <input_file id="fl-df">
         <path>C:\TI\ccs\tools\compiler\ti-cgt-arm_20.2.5.LTS\lib\</path>
         <kind>archive</kind>
         <file>rtsv7M4_T_le_v4SPD16_eabi.lib</file>
         <name>copy_zero_init.c.obj</name>
      </input_file>
      <input_file id="fl-e0">
         <path>C:\TI\ccs\tools\compiler\ti-cgt-arm_20.2.5.LTS\lib\</path>
         <kind>archive</kind>
         <file>rtsv7M4_T_le_v4SPD16_eabi.lib</file>
         <name>copy_decompress_none.c.obj</name>
      </input_file>
      <input_file id="fl-e1">
         <path>C:\TI\ccs\tools\compiler\ti-cgt-arm_20.2.5.LTS\lib\</path>
         <kind>archive</kind>
         <file>rtsv7M4_T_le_v4SPD16_eabi.lib</file>
         <name>copy_decompress_lzss.c.obj</name>
      </input_file>
      <input_file id="fl-e2">
         <path>C:\TI\ccs\tools\compiler\ti-cgt-arm_20.2.5.LTS\lib\</path>
         <kind>archive</kind>
         <file>rtsv7M4_T_le_v4SPD16_eabi.lib</file>
         <name>strcpy.c.obj</name>
      </input_file>
      <input_file id="fl-e3">
         <path>C:\TI\ccs\tools\compiler\ti-cgt-arm_20.2.5.LTS\lib\</path>
         <kind>archive</kind>
         <file>rtsv7M4_T_le_v4SPD16_eabi.lib</file>
         <name>strlen.c.obj</name>
      </input_file>
      <input_file id="fl-e4">
         <path>C:\TI\ccs\tools\compiler\ti-cgt-arm_20.2.5.LTS\lib\</path>
         <kind>archive</kind>
         <file>rtsv7M4_T_le_v4SPD16_eabi.lib</file>
         <name>boot_cortex_m.c.obj</name>
      </input_file>
      <input_file id="fl-e5">
         <path>C:\TI\ccs\tools\compiler\ti-cgt-arm_20.2.5.LTS\lib\</path>
         <kind>archive</kind>
         <file>rtsv7M4_T_le_v4SPD16_eabi.lib</file>
         <name>div0.asm.obj</name>
      </input_file>
      <input_file id="fl-e6">
         <path>C:\TI\ccs\tools\compiler\ti-cgt-arm_20.2.5.LTS\lib\</path>
         <kind>archive</kind>
         <file>rtsv7M4_T_le_v4SPD16_eabi.lib</file>
         <name>autoinit.c.obj</name>
      </input_file>
      <input_file id="fl-e7">
         <path>C:\TI\ccs\tools\compiler\ti-cgt-arm_20.2.5.LTS\lib\</path>
         <kind>archive</kind>
         <file>rtsv7M4_T_le_v4SPD16_eabi.lib</file>
         <name>pre_init.c.obj</name>
      </input_file>
      <input_file id="fl-e8">
         <path>C:\TI\ccs\tools\compiler\ti-cgt-arm_20.2.5.LTS\lib\</path>
         <kind>archive</kind>
         <file>rtsv7M4_T_le_v4SPD16_eabi.lib</file>
         <name>cpy_tbl.c.obj</name>
      </input_file>
      <input_file id="fl-e9">
         <path>C:\TI\ccs\tools\compiler\ti-cgt-arm_20.2.5.LTS\lib\</path>
         <kind>archive</kind>
         <file>rtsv7M4_T_le_v4SPD16_eabi.lib</file>
         <name>exit.c.obj</name>
      </input_file>
      <input_file id="fl-ea">
         <path>C:\TI\ccs\tools\compiler\ti-cgt-arm_20.2.5.LTS\lib\</path>
         <kind>archive</kind>
         <file>rtsv7M4_T_le_v4SPD16_eabi.lib</file>
         <name>_lock.c.obj</name>
      </input_file>
      <input_file id="fl-eb">
         <path>C:\TI\ccs\tools\compiler\ti-cgt-arm_20.2.5.LTS\lib\</path>
         <kind>archive</kind>
         <file>rtsv7M4_T_le_v4SPD16_eabi.lib</file>
         <name>args_main.c.obj</name>
      </input_file>
   </input_file_list>
   <object_component_list>
      <object_component id="oc-13">
         <name>.intvecs:retain</name>
         <load_address>0x0</load_address>
         <run_address>0x0</run_address>
         <size>0x138</size>
         <input_file_ref idref="fl-20"/>
      </object_component>
      <object_component id="oc-2cd">
         <name>.text:play_song</name>
         <load_address>0x138</load_address>
         <run_address>0x138</run_address>
         <size>0x308</size>
         <input_file_ref idref="fl-1f"/>
      </object_component>
      <object_component id="oc-54d">
         <name>.text:xQueueGenericSend</name>
         <load_address>0x440</load_address>
         <run_address>0x440</run_address>
         <size>0x194</size>
         <input_file_ref idref="fl-6"/>
      </object_component>
      <object_component id="oc-da">
         <name>.text:_system_pre_init</name>
         <load_address>0x5d4</load_address>
         <run_address>0x5d4</run_address>
         <size>0x4</size>
         <input_file_ref idref="fl-e7"/>
      </object_component>
      <object_component id="oc-504">
         <name>.text:xQueueReceive</name>
         <load_address>0x5d8</load_address>
         <run_address>0x5d8</run_address>
         <size>0x164</size>
         <input_file_ref idref="fl-6"/>
      </object_component>
      <object_component id="oc-151">
         <name>.text:abort:abort</name>
         <load_address>0x73c</load_address>
         <run_address>0x73c</run_address>
         <size>0x4</size>
         <input_file_ref idref="fl-e9"/>
      </object_component>
      <object_component id="oc-585">
         <name>.text:CS_getDCOFrequency</name>
         <load_address>0x740</load_address>
         <run_address>0x740</run_address>
         <size>0x148</size>
         <input_file_ref idref="fl-f"/>
      </object_component>
      <object_component id="oc-a2">
         <name>.text:xTaskIncrementTick</name>
         <load_address>0x888</load_address>
         <run_address>0x888</run_address>
         <size>0x148</size>
         <input_file_ref idref="fl-8"/>
      </object_component>
      <object_component id="oc-3a3">
         <name>.text:vPortSuppressTicksAndSleep</name>
         <load_address>0x9d0</load_address>
         <run_address>0x9d0</run_address>
         <size>0x134</size>
         <input_file_ref idref="fl-a"/>
      </object_component>
      <object_component id="oc-26e">
         <name>.text:pvPortMalloc</name>
         <load_address>0xb08</load_address>
         <run_address>0xb08</run_address>
         <size>0x12c</size>
         <input_file_ref idref="fl-c"/>
      </object_component>
      <object_component id="oc-265">
         <name>.text:CS_initClockSignal</name>
         <load_address>0xc38</load_address>
         <run_address>0xc38</run_address>
         <size>0x11c</size>
         <input_file_ref idref="fl-f"/>
      </object_component>
      <object_component id="oc-50b">
         <name>.text:_CSComputeCLKFrequency</name>
         <load_address>0xd58</load_address>
         <run_address>0xd58</run_address>
         <size>0x114</size>
         <input_file_ref idref="fl-f"/>
      </object_component>
      <object_component id="oc-34b">
         <name>.text:xTaskResumeAll</name>
         <load_address>0xe70</load_address>
         <run_address>0xe70</run_address>
         <size>0x10c</size>
         <input_file_ref idref="fl-8"/>
      </object_component>
      <object_component id="oc-4c8">
         <name>.text:__PCM_setPowerModeAdvanced</name>
         <load_address>0xf80</load_address>
         <run_address>0xf80</run_address>
         <size>0x108</size>
         <input_file_ref idref="fl-14"/>
      </object_component>
      <object_component id="oc-2da">
         <name>.text:dcMotor_response</name>
         <load_address>0x1088</load_address>
         <run_address>0x1088</run_address>
         <size>0x106</size>
         <input_file_ref idref="fl-1d"/>
      </object_component>
      <object_component id="oc-470">
         <name>.text:prvProcessReceivedCommands</name>
         <load_address>0x1190</load_address>
         <run_address>0x1190</run_address>
         <size>0x100</size>
         <input_file_ref idref="fl-9"/>
      </object_component>
      <object_component id="oc-2a6">
         <name>.text:vTaskSuspend</name>
         <load_address>0x1290</load_address>
         <run_address>0x1290</run_address>
         <size>0xf0</size>
         <input_file_ref idref="fl-8"/>
      </object_component>
      <object_component id="oc-14a">
         <name>.text:main_program</name>
         <load_address>0x1380</load_address>
         <run_address>0x1380</run_address>
         <size>0xec</size>
         <input_file_ref idref="fl-d"/>
      </object_component>
      <object_component id="oc-28d">
         <name>.text:xPortStartScheduler</name>
         <load_address>0x1470</load_address>
         <run_address>0x1470</run_address>
         <size>0xdc</size>
         <input_file_ref idref="fl-a"/>
      </object_component>
      <object_component id="oc-40">
         <name>.text</name>
         <load_address>0x154c</load_address>
         <run_address>0x154c</run_address>
         <size>0xda</size>
         <input_file_ref idref="fl-b"/>
      </object_component>
      <object_component id="oc-330">
         <name>.text:__PCM_setCoreVoltageLevelAdvanced</name>
         <load_address>0x1628</load_address>
         <run_address>0x1628</run_address>
         <size>0xd0</size>
         <input_file_ref idref="fl-14"/>
      </object_component>
      <object_component id="oc-553">
         <name>.text:xQueueGenericSendFromISR</name>
         <load_address>0x16f8</load_address>
         <run_address>0x16f8</run_address>
         <size>0xce</size>
         <input_file_ref idref="fl-6"/>
      </object_component>
      <object_component id="oc-5d1">
         <name>.text:xTaskPriorityDisinherit</name>
         <load_address>0x17c8</load_address>
         <run_address>0x17c8</run_address>
         <size>0xc8</size>
         <input_file_ref idref="fl-8"/>
      </object_component>
      <object_component id="oc-27a">
         <name>.text:prvInitialiseNewTask</name>
         <load_address>0x1890</load_address>
         <run_address>0x1890</run_address>
         <size>0xc6</size>
         <input_file_ref idref="fl-8"/>
      </object_component>
      <object_component id="oc-9b">
         <name>.text:vTaskSwitchContext</name>
         <load_address>0x1958</load_address>
         <run_address>0x1958</run_address>
         <size>0xb8</size>
         <input_file_ref idref="fl-8"/>
      </object_component>
      <object_component id="oc-280">
         <name>.text:prvAddNewTaskToReadyList</name>
         <load_address>0x1a10</load_address>
         <run_address>0x1a10</run_address>
         <size>0xb4</size>
         <input_file_ref idref="fl-8"/>
      </object_component>
      <object_component id="oc-59">
         <name>.text</name>
         <load_address>0x1ac4</load_address>
         <run_address>0x1ac4</run_address>
         <size>0x9c</size>
         <input_file_ref idref="fl-dc"/>
      </object_component>
      <object_component id="oc-578">
         <name>.text:xTaskRemoveFromEventList</name>
         <load_address>0x1b60</load_address>
         <run_address>0x1b60</run_address>
         <size>0x9c</size>
         <input_file_ref idref="fl-8"/>
      </object_component>
      <object_component id="oc-52c">
         <name>.text:prvSwitchTimerLists</name>
         <load_address>0x1c00</load_address>
         <run_address>0x1c00</run_address>
         <size>0x94</size>
         <input_file_ref idref="fl-9"/>
      </object_component>
      <object_component id="oc-56c">
         <name>.text:xTaskCheckForTimeOut</name>
         <load_address>0x1c98</load_address>
         <run_address>0x1c98</run_address>
         <size>0x94</size>
         <input_file_ref idref="fl-8"/>
      </object_component>
      <object_component id="oc-51f">
         <name>.text:xQueueGenericReset</name>
         <load_address>0x1d30</load_address>
         <run_address>0x1d30</run_address>
         <size>0x90</size>
         <input_file_ref idref="fl-6"/>
      </object_component>
      <object_component id="oc-2e1">
         <name>.text:vTaskResume</name>
         <load_address>0x1dc0</load_address>
         <run_address>0x1dc0</run_address>
         <size>0x8c</size>
         <input_file_ref idref="fl-8"/>
      </object_component>
      <object_component id="oc-517">
         <name>.text:prvAddCurrentTaskToDelayedList</name>
         <load_address>0x1e50</load_address>
         <run_address>0x1e50</run_address>
         <size>0x88</size>
         <input_file_ref idref="fl-8"/>
      </object_component>
      <object_component id="oc-1fa">
         <name>.text:vTaskStartScheduler</name>
         <load_address>0x1ed8</load_address>
         <run_address>0x1ed8</run_address>
         <size>0x84</size>
         <input_file_ref idref="fl-8"/>
      </object_component>
      <object_component id="oc-2e8">
         <name>.text:outputLED_response</name>
         <load_address>0x1f60</load_address>
         <run_address>0x1f60</run_address>
         <size>0x7c</size>
         <input_file_ref idref="fl-1e"/>
      </object_component>
      <object_component id="oc-293">
         <name>.text:prvIdleTask</name>
         <load_address>0x1fe0</load_address>
         <run_address>0x1fe0</run_address>
         <size>0x7c</size>
         <input_file_ref idref="fl-8"/>
      </object_component>
      <object_component id="oc-274">
         <name>.text:vPortFree</name>
         <load_address>0x2060</load_address>
         <run_address>0x2060</run_address>
         <size>0x7c</size>
         <input_file_ref idref="fl-c"/>
      </object_component>
      <object_component id="oc-d4">
         <name>.text</name>
         <load_address>0x20dc</load_address>
         <run_address>0x20dc</run_address>
         <size>0x7a</size>
         <input_file_ref idref="fl-de"/>
      </object_component>
      <object_component id="oc-4fe">
         <name>.text:xTimerGenericCommand</name>
         <load_address>0x2158</load_address>
         <run_address>0x2158</run_address>
         <size>0x74</size>
         <input_file_ref idref="fl-9"/>
      </object_component>
      <object_component id="oc-5a9">
         <name>.text:prvCopyDataToQueue</name>
         <load_address>0x21d0</load_address>
         <run_address>0x21d0</run_address>
         <size>0x70</size>
         <input_file_ref idref="fl-6"/>
      </object_component>
      <object_component id="oc-33f">
         <name>.text:prvHeapInit</name>
         <load_address>0x2240</load_address>
         <run_address>0x2240</run_address>
         <size>0x70</size>
         <input_file_ref idref="fl-c"/>
      </object_component>
      <object_component id="oc-373">
         <name>.text:prvInitialiseTaskLists</name>
         <load_address>0x22b0</load_address>
         <run_address>0x22b0</run_address>
         <size>0x70</size>
         <input_file_ref idref="fl-8"/>
      </object_component>
      <object_component id="oc-46a">
         <name>.text:prvProcessTimerOrBlockTask</name>
         <load_address>0x2320</load_address>
         <run_address>0x2320</run_address>
         <size>0x70</size>
         <input_file_ref idref="fl-9"/>
      </object_component>
      <object_component id="oc-538">
         <name>.text:prvUnlockQueue</name>
         <load_address>0x2390</load_address>
         <run_address>0x2390</run_address>
         <size>0x6c</size>
         <input_file_ref idref="fl-6"/>
      </object_component>
      <object_component id="oc-8b">
         <name>.text:SystemInit</name>
         <load_address>0x2400</load_address>
         <run_address>0x2400</run_address>
         <size>0x68</size>
         <input_file_ref idref="fl-22"/>
      </object_component>
      <object_component id="oc-16">
         <name>.text:decompress:lzss:__TI_decompress_lzss</name>
         <load_address>0x2468</load_address>
         <run_address>0x2468</run_address>
         <size>0x68</size>
         <input_file_ref idref="fl-e1"/>
      </object_component>
      <object_component id="oc-345">
         <name>.text:prvInsertBlockIntoFreeList</name>
         <load_address>0x24d0</load_address>
         <run_address>0x24d0</run_address>
         <size>0x68</size>
         <input_file_ref idref="fl-c"/>
      </object_component>
      <object_component id="oc-393">
         <name>.text:vPortSetupTimerInterrupt</name>
         <load_address>0x2538</load_address>
         <run_address>0x2538</run_address>
         <size>0x68</size>
         <input_file_ref idref="fl-a"/>
      </object_component>
      <object_component id="oc-1f4">
         <name>.text:xTaskCreate</name>
         <load_address>0x25a0</load_address>
         <run_address>0x25a0</run_address>
         <size>0x68</size>
         <input_file_ref idref="fl-8"/>
      </object_component>
      <object_component id="oc-21d">
         <name>.text:taskReadInputSwitch</name>
         <load_address>0x2608</load_address>
         <run_address>0x2608</run_address>
         <size>0x64</size>
         <input_file_ref idref="fl-d"/>
      </object_component>
      <object_component id="oc-5b0">
         <name>.text:vPortValidateInterruptPriority</name>
         <load_address>0x2670</load_address>
         <run_address>0x2670</run_address>
         <size>0x64</size>
         <input_file_ref idref="fl-a"/>
      </object_component>
      <object_component id="oc-4f1">
         <name>.text:prvProcessExpiredTimer</name>
         <load_address>0x26d8</load_address>
         <run_address>0x26d8</run_address>
         <size>0x60</size>
         <input_file_ref idref="fl-9"/>
      </object_component>
      <object_component id="oc-287">
         <name>.text:xTimerCreateTimerTask</name>
         <load_address>0x2738</load_address>
         <run_address>0x2738</run_address>
         <size>0x58</size>
         <input_file_ref idref="fl-9"/>
      </object_component>
      <object_component id="oc-5c4">
         <name>.text:SysCtl_getTLVInfo</name>
         <load_address>0x2790</load_address>
         <run_address>0x2790</run_address>
         <size>0x54</size>
         <input_file_ref idref="fl-15"/>
      </object_component>
      <object_component id="oc-3c0">
         <name>.text:beep</name>
         <load_address>0x27e8</load_address>
         <run_address>0x27e8</run_address>
         <size>0x54</size>
         <input_file_ref idref="fl-1f"/>
      </object_component>
      <object_component id="oc-3e6">
         <name>.text:dcMotor_Left</name>
         <load_address>0x2840</load_address>
         <run_address>0x2840</run_address>
         <size>0x54</size>
         <input_file_ref idref="fl-1d"/>
      </object_component>
      <object_component id="oc-3da">
         <name>.text:dcMotor_Right</name>
         <load_address>0x2898</load_address>
         <run_address>0x2898</run_address>
         <size>0x54</size>
         <input_file_ref idref="fl-1d"/>
      </object_component>
      <object_component id="oc-3a9">
         <name>.text:prvCheckTasksWaitingTermination</name>
         <load_address>0x28f0</load_address>
         <run_address>0x28f0</run_address>
         <size>0x54</size>
         <input_file_ref idref="fl-8"/>
      </object_component>
      <object_component id="oc-4f8">
         <name>.text:prvInsertTimerInActiveList</name>
         <load_address>0x2948</load_address>
         <run_address>0x2948</run_address>
         <size>0x54</size>
         <input_file_ref idref="fl-9"/>
      </object_component>
      <object_component id="oc-200">
         <name>.text:taskMasterThread</name>
         <load_address>0x29a0</load_address>
         <run_address>0x29a0</run_address>
         <size>0x54</size>
         <input_file_ref idref="fl-d"/>
      </object_component>
      <object_component id="oc-4b6">
         <name>.text:vTaskDelay</name>
         <load_address>0x29f8</load_address>
         <run_address>0x29f8</run_address>
         <size>0x54</size>
         <input_file_ref idref="fl-8"/>
      </object_component>
      <object_component id="oc-57f">
         <name>.text:_CSGetDividerValue</name>
         <load_address>0x2a50</load_address>
         <run_address>0x2a50</run_address>
         <size>0x52</size>
         <input_file_ref idref="fl-f"/>
      </object_component>
      <object_component id="oc-2b9">
         <name>.text:BumpSwitch_Init</name>
         <load_address>0x2aa8</load_address>
         <run_address>0x2aa8</run_address>
         <size>0x50</size>
         <input_file_ref idref="fl-1c"/>
      </object_component>
      <object_component id="oc-411">
         <name>.text:PCM_getCoreVoltageLevel</name>
         <load_address>0x2af8</load_address>
         <run_address>0x2af8</run_address>
         <size>0x50</size>
         <input_file_ref idref="fl-14"/>
      </object_component>
      <object_component id="oc-5be">
         <name>.text:_CSGetDOCFrequency</name>
         <load_address>0x2b48</load_address>
         <run_address>0x2b48</run_address>
         <size>0x50</size>
         <input_file_ref idref="fl-f"/>
      </object_component>
      <object_component id="oc-39d">
         <name>.text:prvGetExpectedIdleTime</name>
         <load_address>0x2b98</load_address>
         <run_address>0x2b98</run_address>
         <size>0x50</size>
         <input_file_ref idref="fl-8"/>
      </object_component>
      <object_component id="oc-3e0">
         <name>.text:dcMotor_Forward</name>
         <load_address>0x2be8</load_address>
         <run_address>0x2be8</run_address>
         <size>0x4c</size>
         <input_file_ref idref="fl-1d"/>
      </object_component>
      <object_component id="oc-2d4">
         <name>.text:dcMotor_Init</name>
         <load_address>0x2c38</load_address>
         <run_address>0x2c38</run_address>
         <size>0x4c</size>
         <input_file_ref idref="fl-1d"/>
      </object_component>
      <object_component id="oc-380">
         <name>.text:prvCheckForValidListAndQueue</name>
         <load_address>0x2c88</load_address>
         <run_address>0x2c88</run_address>
         <size>0x4c</size>
         <input_file_ref idref="fl-9"/>
      </object_component>
      <object_component id="oc-454">
         <name>.text:xQueueGenericCreate</name>
         <load_address>0x2cd8</load_address>
         <run_address>0x2cd8</run_address>
         <size>0x4c</size>
         <input_file_ref idref="fl-6"/>
      </object_component>
      <object_component id="oc-1e2">
         <name>.text:prvConfigureClocks</name>
         <load_address>0x2d28</load_address>
         <run_address>0x2d28</run_address>
         <size>0x4a</size>
         <input_file_ref idref="fl-d"/>
      </object_component>
      <object_component id="oc-3ce">
         <name>.text:dcMotor_Backward</name>
         <load_address>0x2d78</load_address>
         <run_address>0x2d78</run_address>
         <size>0x48</size>
         <input_file_ref idref="fl-1d"/>
      </object_component>
      <object_component id="oc-4eb">
         <name>.text:vQueueWaitForMessageRestricted</name>
         <load_address>0x2dc0</load_address>
         <run_address>0x2dc0</run_address>
         <size>0x48</size>
         <input_file_ref idref="fl-6"/>
      </object_component>
      <object_component id="oc-29a">
         <name>.text:ColorLED_Init</name>
         <load_address>0x2e08</load_address>
         <run_address>0x2e08</run_address>
         <size>0x44</size>
         <input_file_ref idref="fl-1e"/>
      </object_component>
      <object_component id="oc-15d">
         <name>.text:__TI_auto_init_nobinit_nopinit:__TI_auto_init_nobinit_nopinit</name>
         <load_address>0x2e4c</load_address>
         <run_address>0x2e4c</run_address>
         <size>0x44</size>
         <input_file_ref idref="fl-e6"/>
      </object_component>
      <object_component id="oc-532">
         <name>.text:vTaskPlaceOnEventListRestricted</name>
         <load_address>0x2e90</load_address>
         <run_address>0x2e90</run_address>
         <size>0x40</size>
         <input_file_ref idref="fl-8"/>
      </object_component>
      <object_component id="oc-1e8">
         <name>.text:Switch_Init</name>
         <load_address>0x2ed0</load_address>
         <run_address>0x2ed0</run_address>
         <size>0x3c</size>
         <input_file_ref idref="fl-d"/>
      </object_component>
      <object_component id="oc-485">
         <name>.text:eTaskConfirmSleepModeStatus</name>
         <load_address>0x2f10</load_address>
         <run_address>0x2f10</run_address>
         <size>0x3c</size>
         <input_file_ref idref="fl-8"/>
      </object_component>
      <object_component id="oc-3ed">
         <name>.text:prvTaskIsTaskSuspended</name>
         <load_address>0x2f50</load_address>
         <run_address>0x2f50</run_address>
         <size>0x3c</size>
         <input_file_ref idref="fl-8"/>
      </object_component>
      <object_component id="oc-36d">
         <name>.text:vPortEnterCritical</name>
         <load_address>0x2f90</load_address>
         <run_address>0x2f90</run_address>
         <size>0x3c</size>
         <input_file_ref idref="fl-a"/>
      </object_component>
      <object_component id="oc-40b">
         <name>.text:PCM_getPowerMode</name>
         <load_address>0x2fd0</load_address>
         <run_address>0x2fd0</run_address>
         <size>0x3a</size>
         <input_file_ref idref="fl-14"/>
      </object_component>
      <object_component id="oc-43b">
         <name>.text:prvTaskExitError</name>
         <load_address>0x3010</load_address>
         <run_address>0x3010</run_address>
         <size>0x38</size>
         <input_file_ref idref="fl-a"/>
      </object_component>
      <object_component id="oc-560">
         <name>.text:vTaskPlaceOnEventList</name>
         <load_address>0x3048</load_address>
         <run_address>0x3048</run_address>
         <size>0x38</size>
         <input_file_ref idref="fl-8"/>
      </object_component>
      <object_component id="oc-77">
         <name>.text:_c_int00_noargs:_c_int00_noargs</name>
         <load_address>0x3080</load_address>
         <run_address>0x3080</run_address>
         <size>0x34</size>
         <input_file_ref idref="fl-e4"/>
      </object_component>
      <object_component id="oc-540">
         <name>.text:vListInsert</name>
         <load_address>0x30b8</load_address>
         <run_address>0x30b8</run_address>
         <size>0x34</size>
         <input_file_ref idref="fl-5"/>
      </object_component>
      <object_component id="oc-491">
         <name>.text:vTaskStepTick</name>
         <load_address>0x30f0</load_address>
         <run_address>0x30f0</run_address>
         <size>0x34</size>
         <input_file_ref idref="fl-8"/>
      </object_component>
      <object_component id="oc-253">
         <name>.text:FlashCtl_setWaitState</name>
         <load_address>0x3128</load_address>
         <run_address>0x3128</run_address>
         <size>0x30</size>
         <input_file_ref idref="fl-10"/>
      </object_component>
      <object_component id="oc-10d">
         <name>.text:prvResetNextTaskUnblockTime</name>
         <load_address>0x3158</load_address>
         <run_address>0x3158</run_address>
         <size>0x30</size>
         <input_file_ref idref="fl-8"/>
      </object_component>
      <object_component id="oc-379">
         <name>.text:vPortExitCritical</name>
         <load_address>0x3188</load_address>
         <run_address>0x3188</run_address>
         <size>0x30</size>
         <input_file_ref idref="fl-a"/>
      </object_component>
      <object_component id="oc-25f">
         <name>.text:CS_setDCOCenteredFrequency</name>
         <load_address>0x31b8</load_address>
         <run_address>0x31b8</run_address>
         <size>0x2c</size>
         <input_file_ref idref="fl-f"/>
      </object_component>
      <object_component id="oc-4e9">
         <name>.text:prvSampleTimeNow</name>
         <load_address>0x31e8</load_address>
         <run_address>0x31e8</run_address>
         <size>0x2c</size>
         <input_file_ref idref="fl-9"/>
      </object_component>
      <object_component id="oc-366">
         <name>.text:pxPortInitialiseStack</name>
         <load_address>0x3218</load_address>
         <run_address>0x3218</run_address>
         <size>0x2c</size>
         <input_file_ref idref="fl-a"/>
      </object_component>
      <object_component id="oc-45">
         <name>.text:xPortSysTickHandler</name>
         <load_address>0x3248</load_address>
         <run_address>0x3248</run_address>
         <size>0x2c</size>
         <input_file_ref idref="fl-a"/>
      </object_component>
      <object_component id="oc-2a0">
         <name>.text:RedLED_Init</name>
         <load_address>0x3278</load_address>
         <run_address>0x3278</run_address>
         <size>0x28</size>
         <input_file_ref idref="fl-1e"/>
      </object_component>
      <object_component id="oc-572">
         <name>.text:prvCopyDataFromQueue</name>
         <load_address>0x32a0</load_address>
         <run_address>0x32a0</run_address>
         <size>0x28</size>
         <input_file_ref idref="fl-6"/>
      </object_component>
      <object_component id="oc-113">
         <name>.text:uxListRemove</name>
         <load_address>0x32c8</load_address>
         <run_address>0x32c8</run_address>
         <size>0x26</size>
         <input_file_ref idref="fl-5"/>
      </object_component>
      <object_component id="oc-58b">
         <name>.text:CS_clearInterruptFlag</name>
         <load_address>0x32f0</load_address>
         <run_address>0x32f0</run_address>
         <size>0x24</size>
         <input_file_ref idref="fl-f"/>
      </object_component>
      <object_component id="oc-3d4">
         <name>.text:dcMotor_Stop</name>
         <load_address>0x3318</load_address>
         <run_address>0x3318</run_address>
         <size>0x24</size>
         <input_file_ref idref="fl-1d"/>
      </object_component>
      <object_component id="oc-2c7">
         <name>.text:init_song_pwm</name>
         <load_address>0x3340</load_address>
         <run_address>0x3340</run_address>
         <size>0x24</size>
         <input_file_ref idref="fl-1f"/>
      </object_component>
      <object_component id="oc-464">
         <name>.text:prvGetNextExpireTime</name>
         <load_address>0x3368</load_address>
         <run_address>0x3368</run_address>
         <size>0x24</size>
         <input_file_ref idref="fl-9"/>
      </object_component>
      <object_component id="oc-547">
         <name>.text:xTaskGetSchedulerState</name>
         <load_address>0x3390</load_address>
         <run_address>0x3390</run_address>
         <size>0x20</size>
         <input_file_ref idref="fl-8"/>
      </object_component>
      <object_component id="oc-4db">
         <name>.text:prvInitialiseNewQueue</name>
         <load_address>0x33b0</load_address>
         <run_address>0x33b0</run_address>
         <size>0x1e</size>
         <input_file_ref idref="fl-6"/>
      </object_component>
      <object_component id="oc-5a3">
         <name>.text:prvIsQueueFull</name>
         <load_address>0x33d0</load_address>
         <run_address>0x33d0</run_address>
         <size>0x1e</size>
         <input_file_ref idref="fl-6"/>
      </object_component>
      <object_component id="oc-443">
         <name>.text:vListInitialise</name>
         <load_address>0x33f0</load_address>
         <run_address>0x33f0</run_address>
         <size>0x1e</size>
         <input_file_ref idref="fl-5"/>
      </object_component>
      <object_component id="oc-3c6">
         <name>.text:delay_ms</name>
         <load_address>0x3410</load_address>
         <run_address>0x3410</run_address>
         <size>0x1a</size>
         <input_file_ref idref="fl-1f"/>
      </object_component>
      <object_component id="oc-55a">
         <name>.text:prvIsQueueEmpty</name>
         <load_address>0x3430</load_address>
         <run_address>0x3430</run_address>
         <size>0x1a</size>
         <input_file_ref idref="fl-6"/>
      </object_component>
      <object_component id="oc-386">
         <name>.text:prvTimerTask</name>
         <load_address>0x3450</load_address>
         <run_address>0x3450</run_address>
         <size>0x1a</size>
         <input_file_ref idref="fl-9"/>
      </object_component>
      <object_component id="oc-47b">
         <name>.text:CS_getMCLK</name>
         <load_address>0x3470</load_address>
         <run_address>0x3470</run_address>
         <size>0x18</size>
         <input_file_ref idref="fl-f"/>
      </object_component>
      <object_component id="oc-1ee">
         <name>.text:SysTick_Init</name>
         <load_address>0x3488</load_address>
         <run_address>0x3488</run_address>
         <size>0x18</size>
         <input_file_ref idref="fl-1b"/>
      </object_component>
      <object_component id="oc-28">
         <name>.text:resetISR</name>
         <load_address>0x34a0</load_address>
         <run_address>0x34a0</run_address>
         <size>0x18</size>
         <input_file_ref idref="fl-20"/>
      </object_component>
      <object_component id="oc-119">
         <name>.text:vListInsertEnd</name>
         <load_address>0x34b8</load_address>
         <run_address>0x34b8</run_address>
         <size>0x18</size>
         <input_file_ref idref="fl-5"/>
      </object_component>
      <object_component id="oc-566">
         <name>.text:vTaskInternalSetTimeOutState</name>
         <load_address>0x34d0</load_address>
         <run_address>0x34d0</run_address>
         <size>0x18</size>
         <input_file_ref idref="fl-8"/>
      </object_component>
      <object_component id="oc-3f4">
         <name>.text:Port2_Output2</name>
         <load_address>0x34e8</load_address>
         <run_address>0x34e8</run_address>
         <size>0x14</size>
         <input_file_ref idref="fl-1e"/>
      </object_component>
      <object_component id="oc-4ae">
         <name>.text:delay_us</name>
         <load_address>0x3500</load_address>
         <run_address>0x3500</run_address>
         <size>0x14</size>
         <input_file_ref idref="fl-1f"/>
      </object_component>
      <object_component id="oc-144">
         <name>.text:prvSetupHardware</name>
         <load_address>0x3518</load_address>
         <run_address>0x3518</run_address>
         <size>0x14</size>
         <input_file_ref idref="fl-2"/>
      </object_component>
      <object_component id="oc-209">
         <name>.text:taskBumpSwitch</name>
         <load_address>0x3530</load_address>
         <run_address>0x3530</run_address>
         <size>0x14</size>
         <input_file_ref idref="fl-d"/>
      </object_component>
      <object_component id="oc-224">
         <name>.text:taskDisplayOutputLED</name>
         <load_address>0x3548</load_address>
         <run_address>0x3548</run_address>
         <size>0x14</size>
         <input_file_ref idref="fl-d"/>
      </object_component>
      <object_component id="oc-216">
         <name>.text:taskdcMotor</name>
         <load_address>0x3560</load_address>
         <run_address>0x3560</run_address>
         <size>0x14</size>
         <input_file_ref idref="fl-d"/>
      </object_component>
      <object_component id="oc-498">
         <name>.text:prvDeleteTCB</name>
         <load_address>0x3578</load_address>
         <run_address>0x3578</run_address>
         <size>0x12</size>
         <input_file_ref idref="fl-8"/>
      </object_component>
      <object_component id="oc-351">
         <name>.text:vApplicationMallocFailedHook</name>
         <load_address>0x3590</load_address>
         <run_address>0x3590</run_address>
         <size>0x12</size>
         <input_file_ref idref="fl-2"/>
      </object_component>
      <object_component id="oc-103">
         <name>.text:vApplicationStackOverflowHook</name>
         <load_address>0x35a8</load_address>
         <run_address>0x35a8</run_address>
         <size>0x12</size>
         <input_file_ref idref="fl-2"/>
      </object_component>
      <object_component id="oc-2bf">
         <name>.text:Bump_Read_Input</name>
         <load_address>0x35c0</load_address>
         <run_address>0x35c0</run_address>
         <size>0x10</size>
         <input_file_ref idref="fl-1c"/>
      </object_component>
      <object_component id="oc-1db">
         <name>.text:FPU_enableModule</name>
         <load_address>0x35d0</load_address>
         <run_address>0x35d0</run_address>
         <size>0x10</size>
         <input_file_ref idref="fl-11"/>
      </object_component>
      <object_component id="oc-339">
         <name>.text:vTaskSuspendAll</name>
         <load_address>0x35e0</load_address>
         <run_address>0x35e0</run_address>
         <size>0x10</size>
         <input_file_ref idref="fl-8"/>
      </object_component>
      <object_component id="oc-1c">
         <name>.text:decompress:none:__TI_decompress_none</name>
         <load_address>0x35f0</load_address>
         <run_address>0x35f0</run_address>
         <size>0xe</size>
         <input_file_ref idref="fl-e0"/>
      </object_component>
      <object_component id="oc-e0">
         <name>.text:main</name>
         <load_address>0x3600</load_address>
         <run_address>0x3600</run_address>
         <size>0xe</size>
         <input_file_ref idref="fl-2"/>
      </object_component>
      <object_component id="oc-20f">
         <name>.text:taskPlaySong</name>
         <load_address>0x3610</load_address>
         <run_address>0x3610</run_address>
         <size>0xe</size>
         <input_file_ref idref="fl-d"/>
      </object_component>
      <object_component id="oc-417">
         <name>.text:PCM_getPowerState</name>
         <load_address>0x3620</load_address>
         <run_address>0x3620</run_address>
         <size>0xc</size>
         <input_file_ref idref="fl-14"/>
      </object_component>
      <object_component id="oc-6b">
         <name>.text:decompress:ZI:__TI_zero_init</name>
         <load_address>0x362c</load_address>
         <run_address>0x362c</run_address>
         <size>0xc</size>
         <input_file_ref idref="fl-df"/>
      </object_component>
      <object_component id="oc-59a">
         <name>.text:vTaskMissedYield</name>
         <load_address>0x3638</load_address>
         <run_address>0x3638</run_address>
         <size>0xc</size>
         <input_file_ref idref="fl-8"/>
      </object_component>
      <object_component id="oc-526">
         <name>.text:xTaskGetTickCount</name>
         <load_address>0x3648</load_address>
         <run_address>0x3648</run_address>
         <size>0xc</size>
         <input_file_ref idref="fl-8"/>
      </object_component>
      <object_component id="oc-259">
         <name>.text:PCM_setCoreVoltageLevel</name>
         <load_address>0x3658</load_address>
         <run_address>0x3658</run_address>
         <size>0x8</size>
         <input_file_ref idref="fl-14"/>
      </object_component>
      <object_component id="oc-41d">
         <name>.text:PCM_setPowerMode</name>
         <load_address>0x3660</load_address>
         <run_address>0x3660</run_address>
         <size>0x8</size>
         <input_file_ref idref="fl-14"/>
      </object_component>
      <object_component id="oc-360">
         <name>.text:vListInitialiseItem</name>
         <load_address>0x3668</load_address>
         <run_address>0x3668</run_address>
         <size>0x6</size>
         <input_file_ref idref="fl-5"/>
      </object_component>
      <object_component id="oc-3a">
         <name>.text:defaultISR</name>
         <load_address>0x3670</load_address>
         <run_address>0x3670</run_address>
         <size>0x2</size>
         <input_file_ref idref="fl-20"/>
      </object_component>
      <object_component id="oc-34">
         <name>.text:faultISR</name>
         <load_address>0x3678</load_address>
         <run_address>0x3678</run_address>
         <size>0x2</size>
         <input_file_ref idref="fl-20"/>
      </object_component>
      <object_component id="oc-2e">
         <name>.text:nmiISR</name>
         <load_address>0x3680</load_address>
         <run_address>0x3680</run_address>
         <size>0x2</size>
         <input_file_ref idref="fl-20"/>
      </object_component>
      <object_component id="oc-3af">
         <name>.text:vApplicationIdleHook</name>
         <load_address>0x3688</load_address>
         <run_address>0x3688</run_address>
         <size>0x2</size>
         <input_file_ref idref="fl-2"/>
      </object_component>
      <object_component id="oc-11f">
         <name>.text:vApplicationTickHook</name>
         <load_address>0x3690</load_address>
         <run_address>0x3690</run_address>
         <size>0x2</size>
         <input_file_ref idref="fl-d"/>
      </object_component>
      <object_component id="oc-48b">
         <name>.text:vPreSleepProcessing</name>
         <load_address>0x3698</load_address>
         <run_address>0x3698</run_address>
         <size>0x2</size>
         <input_file_ref idref="fl-d"/>
      </object_component>
      <object_component id="oc-98">
         <name>.const</name>
         <load_address>0x369c</load_address>
         <run_address>0x369c</run_address>
         <size>0x8</size>
         <input_file_ref idref="fl-a"/>
      </object_component>
      <object_component id="oc-611">
         <name>.cinit..data.load</name>
         <load_address>0x36a8</load_address>
         <run_address>0x36a8</run_address>
         <size>0x14</size>
      </object_component>
      <object_component id="oc-60f">
         <name>__TI_handler_table</name>
         <load_address>0x36bc</load_address>
         <run_address>0x36bc</run_address>
         <size>0xc</size>
      </object_component>
      <object_component id="oc-612">
         <name>.cinit..bss.load</name>
         <load_address>0x36c8</load_address>
         <run_address>0x36c8</run_address>
         <size>0x8</size>
      </object_component>
      <object_component id="oc-610">
         <name>__TI_cinit_table</name>
         <load_address>0x36d0</load_address>
         <run_address>0x36d0</run_address>
         <size>0x10</size>
      </object_component>
      <object_component id="oc-95">
         <name>.data</name>
         <load_address>0x2000c92c</load_address>
         <run_address>0x2000c92c</run_address>
         <size>0x34</size>
         <input_file_ref idref="fl-8"/>
      </object_component>
      <object_component id="oc-38c">
         <name>.data</name>
         <load_address>0x2000c988</load_address>
         <run_address>0x2000c988</run_address>
         <size>0xc</size>
         <input_file_ref idref="fl-9"/>
      </object_component>
      <object_component id="oc-399">
         <name>.data</name>
         <load_address>0x2000c960</load_address>
         <run_address>0x2000c960</run_address>
         <size>0x18</size>
         <input_file_ref idref="fl-a"/>
      </object_component>
      <object_component id="oc-357">
         <name>.data</name>
         <load_address>0x2000c978</load_address>
         <run_address>0x2000c978</run_address>
         <size>0x10</size>
         <input_file_ref idref="fl-c"/>
      </object_component>
      <object_component id="oc-109">
         <name>.bss:pxReadyTasksLists</name>
         <uninitialized>true</uninitialized>
         <run_address>0x2000c800</run_address>
         <size>0x64</size>
         <input_file_ref idref="fl-8"/>
      </object_component>
      <object_component id="oc-449">
         <name>.bss:xDelayedTaskList1</name>
         <uninitialized>true</uninitialized>
         <run_address>0x2000c88c</run_address>
         <size>0x14</size>
         <input_file_ref idref="fl-8"/>
      </object_component>
      <object_component id="oc-44c">
         <name>.bss:xDelayedTaskList2</name>
         <uninitialized>true</uninitialized>
         <run_address>0x2000c8a0</run_address>
         <size>0x14</size>
         <input_file_ref idref="fl-8"/>
      </object_component>
      <object_component id="oc-125">
         <name>.bss</name>
         <uninitialized>true</uninitialized>
         <run_address>0x2000c8f8</run_address>
         <size>0x8</size>
         <input_file_ref idref="fl-8"/>
      </object_component>
      <object_component id="oc-42a">
         <name>.bss:xPendingReadyList</name>
         <uninitialized>true</uninitialized>
         <run_address>0x2000c8b4</run_address>
         <size>0x14</size>
         <input_file_ref idref="fl-8"/>
      </object_component>
      <object_component id="oc-44f">
         <name>.bss:xTasksWaitingTermination</name>
         <uninitialized>true</uninitialized>
         <run_address>0x2000c8dc</run_address>
         <size>0x14</size>
         <input_file_ref idref="fl-8"/>
      </object_component>
      <object_component id="oc-3b8">
         <name>.bss:xSuspendedTaskList</name>
         <uninitialized>true</uninitialized>
         <run_address>0x2000c8c8</run_address>
         <size>0x14</size>
         <input_file_ref idref="fl-8"/>
      </object_component>
      <object_component id="oc-45a">
         <name>.bss:xActiveTimerList1</name>
         <uninitialized>true</uninitialized>
         <run_address>0x2000c864</run_address>
         <size>0x14</size>
         <input_file_ref idref="fl-9"/>
      </object_component>
      <object_component id="oc-45d">
         <name>.bss:xActiveTimerList2</name>
         <uninitialized>true</uninitialized>
         <run_address>0x2000c878</run_address>
         <size>0x14</size>
         <input_file_ref idref="fl-9"/>
      </object_component>
      <object_component id="oc-460">
         <name>.bss</name>
         <uninitialized>true</uninitialized>
         <run_address>0x2000c900</run_address>
         <size>0x8</size>
         <input_file_ref idref="fl-9"/>
      </object_component>
      <object_component id="oc-425">
         <name>.bss:ucHeap</name>
         <uninitialized>true</uninitialized>
         <run_address>0x20000000</run_address>
         <size>0xc800</size>
         <input_file_ref idref="fl-c"/>
      </object_component>
      <object_component id="oc-35a">
         <name>.bss:xStart</name>
         <uninitialized>true</uninitialized>
         <run_address>0x2000c908</run_address>
         <size>0x8</size>
         <input_file_ref idref="fl-c"/>
      </object_component>
      <object_component id="oc-591">
         <name>.bss</name>
         <uninitialized>true</uninitialized>
         <run_address>0x2000c8f0</run_address>
         <size>0x8</size>
         <input_file_ref idref="fl-f"/>
      </object_component>
      <object_component id="oc-2c5">
         <name>.common:bumpSwitch_status</name>
         <uninitialized>true</uninitialized>
         <run_address>0x2000c928</run_address>
         <size>0x1</size>
      </object_component>
      <object_component id="oc-22a">
         <name>.common:taskHandle_BlinkRedLED</name>
         <uninitialized>true</uninitialized>
         <run_address>0x2000c910</run_address>
         <size>0x4</size>
      </object_component>
      <object_component id="oc-206">
         <name>.common:taskHandle_BumpSwitch</name>
         <uninitialized>true</uninitialized>
         <run_address>0x2000c914</run_address>
         <size>0x4</size>
      </object_component>
      <object_component id="oc-22b">
         <name>.common:taskHandle_PlaySong</name>
         <uninitialized>true</uninitialized>
         <run_address>0x2000c920</run_address>
         <size>0x4</size>
      </object_component>
      <object_component id="oc-215">
         <name>.common:taskHandle_dcMotor</name>
         <uninitialized>true</uninitialized>
         <run_address>0x2000c924</run_address>
         <size>0x4</size>
      </object_component>
      <object_component id="oc-21c">
         <name>.common:taskHandle_InputSwitch</name>
         <uninitialized>true</uninitialized>
         <run_address>0x2000c918</run_address>
         <size>0x4</size>
      </object_component>
      <object_component id="oc-223">
         <name>.common:taskHandle_OutputLED</name>
         <uninitialized>true</uninitialized>
         <run_address>0x2000c91c</run_address>
         <size>0x4</size>
      </object_component>
      <object_component id="oc-25">
         <name>.stack</name>
         <uninitialized>true</uninitialized>
         <run_address>0x2000fce0</run_address>
         <size>0x4</size>
         <input_file_ref idref="fl-e4"/>
      </object_component>
      <object_component id="oc-614">
         <name>.stack</name>
         <uninitialized>true</uninitialized>
         <run_address>0x2000fce0</run_address>
         <size>0x0</size>
      </object_component>
      <object_component id="oc-129">
         <name>.debug_info</name>
         <load_address>0x0</load_address>
         <run_address>0x0</run_address>
         <size>0x736</size>
         <input_file_ref idref="fl-2"/>
      </object_component>
      <object_component id="oc-104">
         <name>.debug_info</name>
         <load_address>0x736</load_address>
         <run_address>0x736</run_address>
         <size>0x18a</size>
         <input_file_ref idref="fl-2"/>
      </object_component>
      <object_component id="oc-352">
         <name>.debug_info</name>
         <load_address>0x8c0</load_address>
         <run_address>0x8c0</run_address>
         <size>0x151</size>
         <input_file_ref idref="fl-2"/>
      </object_component>
      <object_component id="oc-3b0">
         <name>.debug_info</name>
         <load_address>0xa11</load_address>
         <run_address>0xa11</run_address>
         <size>0x14c</size>
         <input_file_ref idref="fl-2"/>
      </object_component>
      <object_component id="oc-145">
         <name>.debug_info</name>
         <load_address>0xb5d</load_address>
         <run_address>0xb5d</run_address>
         <size>0x161</size>
         <input_file_ref idref="fl-2"/>
      </object_component>
      <object_component id="oc-e1">
         <name>.debug_info</name>
         <load_address>0xcbe</load_address>
         <run_address>0xcbe</run_address>
         <size>0x15a</size>
         <input_file_ref idref="fl-2"/>
      </object_component>
      <object_component id="oc-1b6">
         <name>.debug_info</name>
         <load_address>0xe18</load_address>
         <run_address>0xe18</run_address>
         <size>0x315</size>
         <input_file_ref idref="fl-2"/>
      </object_component>
      <object_component id="oc-ba">
         <name>.debug_info</name>
         <load_address>0x112d</load_address>
         <run_address>0x112d</run_address>
         <size>0x26b</size>
         <input_file_ref idref="fl-2"/>
      </object_component>
      <object_component id="oc-b0">
         <name>.debug_info</name>
         <load_address>0x1398</load_address>
         <run_address>0x1398</run_address>
         <size>0x1055</size>
         <input_file_ref idref="fl-2"/>
      </object_component>
      <object_component id="oc-ab">
         <name>.debug_info</name>
         <load_address>0x23ed</load_address>
         <run_address>0x23ed</run_address>
         <size>0x37e2</size>
         <input_file_ref idref="fl-2"/>
      </object_component>
      <object_component id="oc-5de">
         <name>.debug_info</name>
         <load_address>0x5bcf</load_address>
         <run_address>0x5bcf</run_address>
         <size>0x1b5</size>
         <input_file_ref idref="fl-2"/>
      </object_component>
      <object_component id="oc-1d6">
         <name>.debug_info</name>
         <load_address>0x5d84</load_address>
         <run_address>0x5d84</run_address>
         <size>0x461</size>
         <input_file_ref idref="fl-2"/>
      </object_component>
      <object_component id="oc-12f">
         <name>.debug_info</name>
         <load_address>0x61e5</load_address>
         <run_address>0x61e5</run_address>
         <size>0x8b</size>
         <input_file_ref idref="fl-2"/>
      </object_component>
      <object_component id="oc-1af">
         <name>.debug_info</name>
         <load_address>0x6270</load_address>
         <run_address>0x6270</run_address>
         <size>0x2c</size>
         <input_file_ref idref="fl-2"/>
      </object_component>
      <object_component id="oc-12a">
         <name>.debug_info</name>
         <load_address>0x629c</load_address>
         <run_address>0x629c</run_address>
         <size>0x2a4</size>
         <input_file_ref idref="fl-2"/>
      </object_component>
      <object_component id="oc-2b4">
         <name>.debug_info</name>
         <load_address>0x6540</load_address>
         <run_address>0x6540</run_address>
         <size>0xef</size>
         <input_file_ref idref="fl-2"/>
      </object_component>
      <object_component id="oc-b5">
         <name>.debug_info</name>
         <load_address>0x662f</load_address>
         <run_address>0x662f</run_address>
         <size>0xbb</size>
         <input_file_ref idref="fl-2"/>
      </object_component>
      <object_component id="oc-f6">
         <name>.debug_info</name>
         <load_address>0x66ea</load_address>
         <run_address>0x66ea</run_address>
         <size>0x53</size>
         <input_file_ref idref="fl-2"/>
      </object_component>
      <object_component id="oc-1d1">
         <name>.debug_info</name>
         <load_address>0x673d</load_address>
         <run_address>0x673d</run_address>
         <size>0xcc</size>
         <input_file_ref idref="fl-2"/>
      </object_component>
      <object_component id="oc-1a5">
         <name>.debug_info</name>
         <load_address>0x6809</load_address>
         <run_address>0x6809</run_address>
         <size>0x14c</size>
         <input_file_ref idref="fl-2"/>
      </object_component>
      <object_component id="oc-24f">
         <name>.debug_info</name>
         <load_address>0x6955</load_address>
         <run_address>0x6955</run_address>
         <size>0x543</size>
         <input_file_ref idref="fl-3"/>
      </object_component>
      <object_component id="oc-1c0">
         <name>.debug_info</name>
         <load_address>0x6e98</load_address>
         <run_address>0x6e98</run_address>
         <size>0x461</size>
         <input_file_ref idref="fl-3"/>
      </object_component>
      <object_component id="oc-54">
         <name>.debug_info</name>
         <load_address>0x72f9</load_address>
         <run_address>0x72f9</run_address>
         <size>0x84</size>
         <input_file_ref idref="fl-3"/>
      </object_component>
      <object_component id="oc-32a">
         <name>.debug_info</name>
         <load_address>0x737d</load_address>
         <run_address>0x737d</run_address>
         <size>0xcc</size>
         <input_file_ref idref="fl-3"/>
      </object_component>
      <object_component id="oc-1bb">
         <name>.debug_info</name>
         <load_address>0x7449</load_address>
         <run_address>0x7449</run_address>
         <size>0x53</size>
         <input_file_ref idref="fl-3"/>
      </object_component>
      <object_component id="oc-24d">
         <name>.debug_info</name>
         <load_address>0x749c</load_address>
         <run_address>0x749c</run_address>
         <size>0xa6e</size>
         <input_file_ref idref="fl-4"/>
      </object_component>
      <object_component id="oc-191">
         <name>.debug_info</name>
         <load_address>0x7f0a</load_address>
         <run_address>0x7f0a</run_address>
         <size>0x110</size>
         <input_file_ref idref="fl-4"/>
      </object_component>
      <object_component id="oc-1aa">
         <name>.debug_info</name>
         <load_address>0x801a</load_address>
         <run_address>0x801a</run_address>
         <size>0x461</size>
         <input_file_ref idref="fl-4"/>
      </object_component>
      <object_component id="oc-312">
         <name>.debug_info</name>
         <load_address>0x847b</load_address>
         <run_address>0x847b</run_address>
         <size>0x76</size>
         <input_file_ref idref="fl-4"/>
      </object_component>
      <object_component id="oc-317">
         <name>.debug_info</name>
         <load_address>0x84f1</load_address>
         <run_address>0x84f1</run_address>
         <size>0x39</size>
         <input_file_ref idref="fl-4"/>
      </object_component>
      <object_component id="oc-196">
         <name>.debug_info</name>
         <load_address>0x852a</load_address>
         <run_address>0x852a</run_address>
         <size>0x4f</size>
         <input_file_ref idref="fl-4"/>
      </object_component>
      <object_component id="oc-1ca">
         <name>.debug_info</name>
         <load_address>0x8579</load_address>
         <run_address>0x8579</run_address>
         <size>0x6c5</size>
         <input_file_ref idref="fl-5"/>
      </object_component>
      <object_component id="oc-11a">
         <name>.debug_info</name>
         <load_address>0x8c3e</load_address>
         <run_address>0x8c3e</run_address>
         <size>0x2d8</size>
         <input_file_ref idref="fl-5"/>
      </object_component>
      <object_component id="oc-541">
         <name>.debug_info</name>
         <load_address>0x8f16</load_address>
         <run_address>0x8f16</run_address>
         <size>0x303</size>
         <input_file_ref idref="fl-5"/>
      </object_component>
      <object_component id="oc-361">
         <name>.debug_info</name>
         <load_address>0x9219</load_address>
         <run_address>0x9219</run_address>
         <size>0x285</size>
         <input_file_ref idref="fl-5"/>
      </object_component>
      <object_component id="oc-445">
         <name>.debug_info</name>
         <load_address>0x949e</load_address>
         <run_address>0x949e</run_address>
         <size>0x27d</size>
         <input_file_ref idref="fl-5"/>
      </object_component>
      <object_component id="oc-114">
         <name>.debug_info</name>
         <load_address>0x971b</load_address>
         <run_address>0x971b</run_address>
         <size>0x2b0</size>
         <input_file_ref idref="fl-5"/>
      </object_component>
      <object_component id="oc-24e">
         <name>.debug_info</name>
         <load_address>0x99cb</load_address>
         <run_address>0x99cb</run_address>
         <size>0xc72</size>
         <input_file_ref idref="fl-6"/>
      </object_component>
      <object_component id="oc-55b">
         <name>.debug_info</name>
         <load_address>0xa63d</load_address>
         <run_address>0xa63d</run_address>
         <size>0x2d2</size>
         <input_file_ref idref="fl-6"/>
      </object_component>
      <object_component id="oc-539">
         <name>.debug_info</name>
         <load_address>0xa90f</load_address>
         <run_address>0xa90f</run_address>
         <size>0x380</size>
         <input_file_ref idref="fl-6"/>
      </object_component>
      <object_component id="oc-573">
         <name>.debug_info</name>
         <load_address>0xac8f</load_address>
         <run_address>0xac8f</run_address>
         <size>0x2cf</size>
         <input_file_ref idref="fl-6"/>
      </object_component>
      <object_component id="oc-505">
         <name>.debug_info</name>
         <load_address>0xaf5e</load_address>
         <run_address>0xaf5e</run_address>
         <size>0x57a</size>
         <input_file_ref idref="fl-6"/>
      </object_component>
      <object_component id="oc-5a4">
         <name>.debug_info</name>
         <load_address>0xb4d8</load_address>
         <run_address>0xb4d8</run_address>
         <size>0x2d0</size>
         <input_file_ref idref="fl-6"/>
      </object_component>
      <object_component id="oc-5aa">
         <name>.debug_info</name>
         <load_address>0xb7a8</load_address>
         <run_address>0xb7a8</run_address>
         <size>0x363</size>
         <input_file_ref idref="fl-6"/>
      </object_component>
      <object_component id="oc-54e">
         <name>.debug_info</name>
         <load_address>0xbb0b</load_address>
         <run_address>0xbb0b</run_address>
         <size>0x5bd</size>
         <input_file_ref idref="fl-6"/>
      </object_component>
      <object_component id="oc-554">
         <name>.debug_info</name>
         <load_address>0xc0c8</load_address>
         <run_address>0xc0c8</run_address>
         <size>0x472</size>
         <input_file_ref idref="fl-6"/>
      </object_component>
      <object_component id="oc-520">
         <name>.debug_info</name>
         <load_address>0xc53a</load_address>
         <run_address>0xc53a</run_address>
         <size>0x354</size>
         <input_file_ref idref="fl-6"/>
      </object_component>
      <object_component id="oc-4dc">
         <name>.debug_info</name>
         <load_address>0xc88e</load_address>
         <run_address>0xc88e</run_address>
         <size>0x39d</size>
         <input_file_ref idref="fl-6"/>
      </object_component>
      <object_component id="oc-455">
         <name>.debug_info</name>
         <load_address>0xcc2b</load_address>
         <run_address>0xcc2b</run_address>
         <size>0x3c1</size>
         <input_file_ref idref="fl-6"/>
      </object_component>
      <object_component id="oc-4ec">
         <name>.debug_info</name>
         <load_address>0xcfec</load_address>
         <run_address>0xcfec</run_address>
         <size>0x3bc</size>
         <input_file_ref idref="fl-6"/>
      </object_component>
      <object_component id="oc-31e">
         <name>.debug_info</name>
         <load_address>0xd3a8</load_address>
         <run_address>0xd3a8</run_address>
         <size>0x1ef</size>
         <input_file_ref idref="fl-6"/>
      </object_component>
      <object_component id="oc-323">
         <name>.debug_info</name>
         <load_address>0xd597</load_address>
         <run_address>0xd597</run_address>
         <size>0x46</size>
         <input_file_ref idref="fl-6"/>
      </object_component>
      <object_component id="oc-19b">
         <name>.debug_info</name>
         <load_address>0xd5dd</load_address>
         <run_address>0xd5dd</run_address>
         <size>0x35</size>
         <input_file_ref idref="fl-6"/>
      </object_component>
      <object_component id="oc-13b">
         <name>.debug_info</name>
         <load_address>0xd612</load_address>
         <run_address>0xd612</run_address>
         <size>0x2c</size>
         <input_file_ref idref="fl-7"/>
      </object_component>
      <object_component id="oc-f5">
         <name>.debug_info</name>
         <load_address>0xd63e</load_address>
         <run_address>0xd63e</run_address>
         <size>0xccc</size>
         <input_file_ref idref="fl-8"/>
      </object_component>
      <object_component id="oc-96">
         <name>.debug_info</name>
         <load_address>0xe30a</load_address>
         <run_address>0xe30a</run_address>
         <size>0x3d1</size>
         <input_file_ref idref="fl-8"/>
      </object_component>
      <object_component id="oc-10a">
         <name>.debug_info</name>
         <load_address>0xe6db</load_address>
         <run_address>0xe6db</run_address>
         <size>0x178</size>
         <input_file_ref idref="fl-8"/>
      </object_component>
      <object_component id="oc-44a">
         <name>.debug_info</name>
         <load_address>0xe853</load_address>
         <run_address>0xe853</run_address>
         <size>0x178</size>
         <input_file_ref idref="fl-8"/>
      </object_component>
      <object_component id="oc-44d">
         <name>.debug_info</name>
         <load_address>0xe9cb</load_address>
         <run_address>0xe9cb</run_address>
         <size>0x178</size>
         <input_file_ref idref="fl-8"/>
      </object_component>
      <object_component id="oc-126">
         <name>.debug_info</name>
         <load_address>0xeb43</load_address>
         <run_address>0xeb43</run_address>
         <size>0x1bb</size>
         <input_file_ref idref="fl-8"/>
      </object_component>
      <object_component id="oc-42b">
         <name>.debug_info</name>
         <load_address>0xecfe</load_address>
         <run_address>0xecfe</run_address>
         <size>0x178</size>
         <input_file_ref idref="fl-8"/>
      </object_component>
      <object_component id="oc-450">
         <name>.debug_info</name>
         <load_address>0xee76</load_address>
         <run_address>0xee76</run_address>
         <size>0x186</size>
         <input_file_ref idref="fl-8"/>
      </object_component>
      <object_component id="oc-3b9">
         <name>.debug_info</name>
         <load_address>0xeffc</load_address>
         <run_address>0xeffc</run_address>
         <size>0x17a</size>
         <input_file_ref idref="fl-8"/>
      </object_component>
      <object_component id="oc-10e">
         <name>.debug_info</name>
         <load_address>0xf176</load_address>
         <run_address>0xf176</run_address>
         <size>0x283</size>
         <input_file_ref idref="fl-8"/>
      </object_component>
      <object_component id="oc-a3">
         <name>.debug_info</name>
         <load_address>0xf3f9</load_address>
         <run_address>0xf3f9</run_address>
         <size>0x389</size>
         <input_file_ref idref="fl-8"/>
      </object_component>
      <object_component id="oc-34c">
         <name>.debug_info</name>
         <load_address>0xf782</load_address>
         <run_address>0xf782</run_address>
         <size>0x361</size>
         <input_file_ref idref="fl-8"/>
      </object_component>
      <object_component id="oc-579">
         <name>.debug_info</name>
         <load_address>0xfae3</load_address>
         <run_address>0xfae3</run_address>
         <size>0x35b</size>
         <input_file_ref idref="fl-8"/>
      </object_component>
      <object_component id="oc-5d2">
         <name>.debug_info</name>
         <load_address>0xfe3e</load_address>
         <run_address>0xfe3e</run_address>
         <size>0x305</size>
         <input_file_ref idref="fl-8"/>
      </object_component>
      <object_component id="oc-518">
         <name>.debug_info</name>
         <load_address>0x10143</load_address>
         <run_address>0x10143</run_address>
         <size>0x3b0</size>
         <input_file_ref idref="fl-8"/>
      </object_component>
      <object_component id="oc-527">
         <name>.debug_info</name>
         <load_address>0x104f3</load_address>
         <run_address>0x104f3</run_address>
         <size>0x276</size>
         <input_file_ref idref="fl-8"/>
      </object_component>
      <object_component id="oc-548">
         <name>.debug_info</name>
         <load_address>0x10769</load_address>
         <run_address>0x10769</run_address>
         <size>0x282</size>
         <input_file_ref idref="fl-8"/>
      </object_component>
      <object_component id="oc-27b">
         <name>.debug_info</name>
         <load_address>0x109eb</load_address>
         <run_address>0x109eb</run_address>
         <size>0x4a2</size>
         <input_file_ref idref="fl-8"/>
      </object_component>
      <object_component id="oc-374">
         <name>.debug_info</name>
         <load_address>0x10e8d</load_address>
         <run_address>0x10e8d</run_address>
         <size>0x307</size>
         <input_file_ref idref="fl-8"/>
      </object_component>
      <object_component id="oc-281">
         <name>.debug_info</name>
         <load_address>0x11194</load_address>
         <run_address>0x11194</run_address>
         <size>0x2ff</size>
         <input_file_ref idref="fl-8"/>
      </object_component>
      <object_component id="oc-1f5">
         <name>.debug_info</name>
         <load_address>0x11493</load_address>
         <run_address>0x11493</run_address>
         <size>0x436</size>
         <input_file_ref idref="fl-8"/>
      </object_component>
      <object_component id="oc-567">
         <name>.debug_info</name>
         <load_address>0x118c9</load_address>
         <run_address>0x118c9</run_address>
         <size>0x2a9</size>
         <input_file_ref idref="fl-8"/>
      </object_component>
      <object_component id="oc-56d">
         <name>.debug_info</name>
         <load_address>0x11b72</load_address>
         <run_address>0x11b72</run_address>
         <size>0x396</size>
         <input_file_ref idref="fl-8"/>
      </object_component>
      <object_component id="oc-9c">
         <name>.debug_info</name>
         <load_address>0x11f08</load_address>
         <run_address>0x11f08</run_address>
         <size>0x2de</size>
         <input_file_ref idref="fl-8"/>
      </object_component>
      <object_component id="oc-33a">
         <name>.debug_info</name>
         <load_address>0x121e6</load_address>
         <run_address>0x121e6</run_address>
         <size>0x259</size>
         <input_file_ref idref="fl-8"/>
      </object_component>
      <object_component id="oc-2a7">
         <name>.debug_info</name>
         <load_address>0x1243f</load_address>
         <run_address>0x1243f</run_address>
         <size>0x388</size>
         <input_file_ref idref="fl-8"/>
      </object_component>
      <object_component id="oc-492">
         <name>.debug_info</name>
         <load_address>0x127c7</load_address>
         <run_address>0x127c7</run_address>
         <size>0x297</size>
         <input_file_ref idref="fl-8"/>
      </object_component>
      <object_component id="oc-1fb">
         <name>.debug_info</name>
         <load_address>0x12a5e</load_address>
         <run_address>0x12a5e</run_address>
         <size>0x2c0</size>
         <input_file_ref idref="fl-8"/>
      </object_component>
      <object_component id="oc-3ee">
         <name>.debug_info</name>
         <load_address>0x12d1e</load_address>
         <run_address>0x12d1e</run_address>
         <size>0x2ba</size>
         <input_file_ref idref="fl-8"/>
      </object_component>
      <object_component id="oc-2e2">
         <name>.debug_info</name>
         <load_address>0x12fd8</load_address>
         <run_address>0x12fd8</run_address>
         <size>0x320</size>
         <input_file_ref idref="fl-8"/>
      </object_component>
      <object_component id="oc-533">
         <name>.debug_info</name>
         <load_address>0x132f8</load_address>
         <run_address>0x132f8</run_address>
         <size>0x389</size>
         <input_file_ref idref="fl-8"/>
      </object_component>
      <object_component id="oc-561">
         <name>.debug_info</name>
         <load_address>0x13681</load_address>
         <run_address>0x13681</run_address>
         <size>0x31c</size>
         <input_file_ref idref="fl-8"/>
      </object_component>
      <object_component id="oc-59b">
         <name>.debug_info</name>
         <load_address>0x1399d</load_address>
         <run_address>0x1399d</run_address>
         <size>0x25b</size>
         <input_file_ref idref="fl-8"/>
      </object_component>
      <object_component id="oc-499">
         <name>.debug_info</name>
         <load_address>0x13bf8</load_address>
         <run_address>0x13bf8</run_address>
         <size>0x298</size>
         <input_file_ref idref="fl-8"/>
      </object_component>
      <object_component id="oc-4b7">
         <name>.debug_info</name>
         <load_address>0x13e90</load_address>
         <run_address>0x13e90</run_address>
         <size>0x30c</size>
         <input_file_ref idref="fl-8"/>
      </object_component>
      <object_component id="oc-3aa">
         <name>.debug_info</name>
         <load_address>0x1419c</load_address>
         <run_address>0x1419c</run_address>
         <size>0x2e2</size>
         <input_file_ref idref="fl-8"/>
      </object_component>
      <object_component id="oc-39e">
         <name>.debug_info</name>
         <load_address>0x1447e</load_address>
         <run_address>0x1447e</run_address>
         <size>0x2be</size>
         <input_file_ref idref="fl-8"/>
      </object_component>
      <object_component id="oc-294">
         <name>.debug_info</name>
         <load_address>0x1473c</load_address>
         <run_address>0x1473c</run_address>
         <size>0x35d</size>
         <input_file_ref idref="fl-8"/>
      </object_component>
      <object_component id="oc-486">
         <name>.debug_info</name>
         <load_address>0x14a99</load_address>
         <run_address>0x14a99</run_address>
         <size>0x28c</size>
         <input_file_ref idref="fl-8"/>
      </object_component>
      <object_component id="oc-fb">
         <name>.debug_info</name>
         <load_address>0x14d25</load_address>
         <run_address>0x14d25</run_address>
         <size>0x30c</size>
         <input_file_ref idref="fl-8"/>
      </object_component>
      <object_component id="oc-1a0">
         <name>.debug_info</name>
         <load_address>0x15031</load_address>
         <run_address>0x15031</run_address>
         <size>0x146</size>
         <input_file_ref idref="fl-8"/>
      </object_component>
      <object_component id="oc-3bc">
         <name>.debug_info</name>
         <load_address>0x15177</load_address>
         <run_address>0x15177</run_address>
         <size>0xbb2</size>
         <input_file_ref idref="fl-9"/>
      </object_component>
      <object_component id="oc-45b">
         <name>.debug_info</name>
         <load_address>0x15d29</load_address>
         <run_address>0x15d29</run_address>
         <size>0x178</size>
         <input_file_ref idref="fl-9"/>
      </object_component>
      <object_component id="oc-45e">
         <name>.debug_info</name>
         <load_address>0x15ea1</load_address>
[...]
         <name>binit</name>
         <value>0xffffffff</value>
      </symbol>
      <symbol id="sm-9">
         <name>__binit__</name>
         <value>0xffffffff</value>
      </symbol>
      <symbol id="sm-a">
         <name>__STACK_SIZE</name>
         <value>0x320</value>
      </symbol>
      <symbol id="sm-b">
         <name>__STACK_END</name>
         <value>0x20010000</value>
      </symbol>
      <symbol id="sm-c">
         <name>__c_args__</name>
         <value>0xffffffff</value>
      </symbol>
      <symbol id="sm-d">
         <name>__TI_pprof_out_hndl</name>
         <value>0xffffffff</value>
      </symbol>
      <symbol id="sm-e">
         <name>__TI_prof_data_start</name>
         <value>0xffffffff</value>
      </symbol>
      <symbol id="sm-f">
         <name>__TI_prof_data_size</name>
         <value>0xffffffff</value>
      </symbol>
      <symbol id="sm-9e">
         <name>vApplicationStackOverflowHook</name>
         <value>0x35a9</value>
         <object_component_ref idref="oc-103"/>
      </symbol>
      <symbol id="sm-9f">
         <name>vApplicationIdleHook</name>
         <value>0x3689</value>
         <object_component_ref idref="oc-3af"/>
      </symbol>
      <symbol id="sm-a0">
         <name>main</name>
         <value>0x3601</value>
         <object_component_ref idref="oc-e0"/>
      </symbol>
      <symbol id="sm-a1">
         <name>vApplicationMallocFailedHook</name>
         <value>0x3591</value>
         <object_component_ref idref="oc-351"/>
      </symbol>
      <symbol id="sm-107">
         <name>uxListRemove</name>
         <value>0x32c9</value>
         <object_component_ref idref="oc-113"/>
      </symbol>
      <symbol id="sm-108">
         <name>vListInsert</name>
         <value>0x30b9</value>
         <object_component_ref idref="oc-540"/>
      </symbol>
      <symbol id="sm-109">
         <name>vListInitialiseItem</name>
         <value>0x3669</value>
         <object_component_ref idref="oc-360"/>
      </symbol>
      <symbol id="sm-10a">
         <name>vListInsertEnd</name>
         <value>0x34b9</value>
         <object_component_ref idref="oc-119"/>
      </symbol>
      <symbol id="sm-10b">
         <name>vListInitialise</name>
         <value>0x33f1</value>
         <object_component_ref idref="oc-443"/>
      </symbol>
      <symbol id="sm-1e1">
         <name>xQueueGenericSendFromISR</name>
         <value>0x16f9</value>
         <object_component_ref idref="oc-553"/>
      </symbol>
      <symbol id="sm-1e2">
         <name>xQueueGenericCreate</name>
         <value>0x2cd9</value>
         <object_component_ref idref="oc-454"/>
      </symbol>
      <symbol id="sm-1e3">
         <name>xQueueGenericSend</name>
         <value>0x441</value>
         <object_component_ref idref="oc-54d"/>
      </symbol>
      <symbol id="sm-1e4">
         <name>xQueueGenericReset</name>
         <value>0x1d31</value>
         <object_component_ref idref="oc-51f"/>
      </symbol>
      <symbol id="sm-1e5">
         <name>vQueueWaitForMessageRestricted</name>
         <value>0x2dc1</value>
         <object_component_ref idref="oc-4eb"/>
      </symbol>
      <symbol id="sm-1e6">
         <name>xQueueReceive</name>
         <value>0x5d9</value>
         <object_component_ref idref="oc-504"/>
      </symbol>
      <symbol id="sm-449">
         <name>vTaskDelay</name>
         <value>0x29f9</value>
         <object_component_ref idref="oc-4b6"/>
      </symbol>
      <symbol id="sm-44a">
         <name>vTaskSuspendAll</name>
         <value>0x35e1</value>
         <object_component_ref idref="oc-339"/>
      </symbol>
      <symbol id="sm-44b">
         <name>vTaskPlaceOnEventList</name>
         <value>0x3049</value>
         <object_component_ref idref="oc-560"/>
      </symbol>
      <symbol id="sm-44c">
         <name>xTaskCheckForTimeOut</name>
         <value>0x1c99</value>
         <object_component_ref idref="oc-56c"/>
      </symbol>
      <symbol id="sm-44d">
         <name>xTaskPriorityDisinherit</name>
         <value>0x17c9</value>
         <object_component_ref idref="oc-5d1"/>
      </symbol>
      <symbol id="sm-44e">
         <name>vTaskStartScheduler</name>
         <value>0x1ed9</value>
         <object_component_ref idref="oc-1fa"/>
      </symbol>
      <symbol id="sm-44f">
         <name>vTaskInternalSetTimeOutState</name>
         <value>0x34d1</value>
         <object_component_ref idref="oc-566"/>
      </symbol>
      <symbol id="sm-450">
         <name>xTaskCreate</name>
         <value>0x25a1</value>
         <object_component_ref idref="oc-1f4"/>
      </symbol>
      <symbol id="sm-451">
         <name>vTaskMissedYield</name>
         <value>0x3639</value>
         <object_component_ref idref="oc-59a"/>
      </symbol>
      <symbol id="sm-452">
         <name>vTaskStepTick</name>
         <value>0x30f1</value>
         <object_component_ref idref="oc-491"/>
      </symbol>
      <symbol id="sm-453">
         <name>xTaskResumeAll</name>
         <value>0xe71</value>
         <object_component_ref idref="oc-34b"/>
      </symbol>
      <symbol id="sm-454">
         <name>xTaskGetTickCount</name>
         <value>0x3649</value>
         <object_component_ref idref="oc-526"/>
      </symbol>
      <symbol id="sm-455">
         <name>pxCurrentTCB</name>
         <value>0x2000c92c</value>
         <object_component_ref idref="oc-95"/>
      </symbol>
      <symbol id="sm-456">
         <name>vTaskSuspend</name>
         <value>0x1291</value>
         <object_component_ref idref="oc-2a6"/>
      </symbol>
      <symbol id="sm-457">
         <name>vTaskResume</name>
         <value>0x1dc1</value>
         <object_component_ref idref="oc-2e1"/>
      </symbol>
      <symbol id="sm-458">
         <name>vTaskPlaceOnEventListRestricted</name>
         <value>0x2e91</value>
         <object_component_ref idref="oc-532"/>
      </symbol>
      <symbol id="sm-459">
         <name>xTaskIncrementTick</name>
         <value>0x889</value>
         <object_component_ref idref="oc-a2"/>
      </symbol>
      <symbol id="sm-45a">
         <name>vTaskSwitchContext</name>
         <value>0x1959</value>
         <object_component_ref idref="oc-9b"/>
      </symbol>
      <symbol id="sm-45b">
         <name>xTaskGetSchedulerState</name>
         <value>0x3391</value>
         <object_component_ref idref="oc-547"/>
      </symbol>
      <symbol id="sm-45c">
         <name>xTaskRemoveFromEventList</name>
         <value>0x1b61</value>
         <object_component_ref idref="oc-578"/>
      </symbol>
      <symbol id="sm-45d">
         <name>eTaskConfirmSleepModeStatus</name>
         <value>0x2f11</value>
         <object_component_ref idref="oc-485"/>
      </symbol>
      <symbol id="sm-53e">
         <name>xTimerCreateTimerTask</name>
         <value>0x2739</value>
         <object_component_ref idref="oc-287"/>
      </symbol>
      <symbol id="sm-53f">
         <name>xTimerGenericCommand</name>
         <value>0x2159</value>
         <object_component_ref idref="oc-4fe"/>
      </symbol>
      <symbol id="sm-5e6">
         <name>ulMaxSyscallInterruptPriority</name>
         <value>0x369c</value>
         <object_component_ref idref="oc-98"/>
      </symbol>
      <symbol id="sm-5e7">
         <name>vPortSetupTimerInterrupt</name>
         <value>0x2539</value>
         <object_component_ref idref="oc-393"/>
      </symbol>
      <symbol id="sm-5e8">
         <name>vPortSuppressTicksAndSleep</name>
         <value>0x9d1</value>
         <object_component_ref idref="oc-3a3"/>
      </symbol>
      <symbol id="sm-5e9">
         <name>xPortSysTickHandler</name>
         <value>0x3249</value>
         <object_component_ref idref="oc-45"/>
      </symbol>
      <symbol id="sm-5ea">
         <name>vPortValidateInterruptPriority</name>
         <value>0x2671</value>
         <object_component_ref idref="oc-5b0"/>
      </symbol>
      <symbol id="sm-5eb">
         <name>pxPortInitialiseStack</name>
         <value>0x3219</value>
         <object_component_ref idref="oc-366"/>
      </symbol>
      <symbol id="sm-5ec">
         <name>vPortExitCritical</name>
         <value>0x3189</value>
         <object_component_ref idref="oc-379"/>
      </symbol>
      <symbol id="sm-5ed">
         <name>xPortStartScheduler</name>
         <value>0x1471</value>
         <object_component_ref idref="oc-28d"/>
      </symbol>
      <symbol id="sm-5ee">
         <name>vPortEnterCritical</name>
         <value>0x2f91</value>
         <object_component_ref idref="oc-36d"/>
      </symbol>
      <symbol id="sm-5fd">
         <name>vPortStartFirstTask</name>
         <value>0x15f5</value>
         <object_component_ref idref="oc-40"/>
      </symbol>
      <symbol id="sm-5fe">
         <name>ulPortGetIPSR</name>
         <value>0x155d</value>
         <object_component_ref idref="oc-40"/>
      </symbol>
      <symbol id="sm-5ff">
         <name>vPortEnableVFP</name>
         <value>0x1619</value>
         <object_component_ref idref="oc-40"/>
      </symbol>
      <symbol id="sm-600">
         <name>xPortPendSVHandler</name>
         <value>0x1575</value>
         <object_component_ref idref="oc-40"/>
      </symbol>
      <symbol id="sm-601">
         <name>vPortSVCHandler</name>
         <value>0x15d5</value>
         <object_component_ref idref="oc-40"/>
      </symbol>
      <symbol id="sm-676">
         <name>pvPortMalloc</name>
         <value>0xb09</value>
         <object_component_ref idref="oc-26e"/>
      </symbol>
      <symbol id="sm-677">
         <name>vPortFree</name>
         <value>0x2061</value>
         <object_component_ref idref="oc-274"/>
      </symbol>
      <symbol id="sm-710">
         <name>bumpSwitch_status</name>
         <value>0x2000c928</value>
      </symbol>
      <symbol id="sm-711">
         <name>taskHandle_BlinkRedLED</name>
         <value>0x2000c910</value>
      </symbol>
      <symbol id="sm-712">
         <name>taskHandle_BumpSwitch</name>
         <value>0x2000c914</value>
      </symbol>
      <symbol id="sm-713">
         <name>taskHandle_PlaySong</name>
         <value>0x2000c920</value>
      </symbol>
      <symbol id="sm-714">
         <name>taskHandle_dcMotor</name>
         <value>0x2000c924</value>
      </symbol>
      <symbol id="sm-715">
         <name>taskHandle_InputSwitch</name>
         <value>0x2000c918</value>
      </symbol>
      <symbol id="sm-716">
         <name>taskHandle_OutputLED</name>
         <value>0x2000c91c</value>
      </symbol>
      <symbol id="sm-717">
         <name>vPreSleepProcessing</name>
         <value>0x3699</value>
         <object_component_ref idref="oc-48b"/>
      </symbol>
      <symbol id="sm-718">
         <name>main_program</name>
         <value>0x1381</value>
         <object_component_ref idref="oc-14a"/>
      </symbol>
      <symbol id="sm-719">
         <name>vApplicationTickHook</name>
         <value>0x3691</value>
         <object_component_ref idref="oc-11f"/>
      </symbol>
      <symbol id="sm-7c9">
         <name>CS_getMCLK</name>
         <value>0x3471</value>
         <object_component_ref idref="oc-47b"/>
      </symbol>
      <symbol id="sm-7ca">
         <name>CS_clearInterruptFlag</name>
         <value>0x32f1</value>
         <object_component_ref idref="oc-58b"/>
      </symbol>
      <symbol id="sm-7cb">
         <name>CS_getDCOFrequency</name>
         <value>0x741</value>
         <object_component_ref idref="oc-585"/>
      </symbol>
      <symbol id="sm-7cc">
         <name>CS_setDCOCenteredFrequency</name>
         <value>0x31b9</value>
         <object_component_ref idref="oc-25f"/>
      </symbol>
      <symbol id="sm-7cd">
         <name>CS_initClockSignal</name>
         <value>0xc39</value>
         <object_component_ref idref="oc-265"/>
      </symbol>
      <symbol id="sm-7dc">
         <name>FlashCtl_setWaitState</name>
         <value>0x3129</value>
         <object_component_ref idref="oc-253"/>
      </symbol>
      <symbol id="sm-7e8">
         <name>FPU_enableModule</name>
         <value>0x35d1</value>
         <object_component_ref idref="oc-1db"/>
      </symbol>
      <symbol id="sm-857">
         <name>PCM_setCoreVoltageLevel</name>
         <value>0x3659</value>
         <object_component_ref idref="oc-259"/>
      </symbol>
      <symbol id="sm-858">
         <name>PCM_getCoreVoltageLevel</name>
         <value>0x2af9</value>
         <object_component_ref idref="oc-411"/>
      </symbol>
      <symbol id="sm-859">
         <name>PCM_getPowerMode</name>
         <value>0x2fd1</value>
         <object_component_ref idref="oc-40b"/>
      </symbol>
      <symbol id="sm-85a">
         <name>PCM_getPowerState</name>
         <value>0x3621</value>
         <object_component_ref idref="oc-417"/>
      </symbol>
      <symbol id="sm-85b">
         <name>PCM_setPowerMode</name>
         <value>0x3661</value>
         <object_component_ref idref="oc-41d"/>
      </symbol>
      <symbol id="sm-871">
         <name>SysCtl_getTLVInfo</name>
         <value>0x2791</value>
         <object_component_ref idref="oc-5c4"/>
      </symbol>
      <symbol id="sm-882">
         <name>SysTick_Init</name>
         <value>0x3489</value>
         <object_component_ref idref="oc-1ee"/>
      </symbol>
      <symbol id="sm-898">
         <name>Bump_Read_Input</name>
         <value>0x35c1</value>
         <object_component_ref idref="oc-2bf"/>
      </symbol>
      <symbol id="sm-899">
         <name>BumpSwitch_Init</name>
         <value>0x2aa9</value>
         <object_component_ref idref="oc-2b9"/>
      </symbol>
      <symbol id="sm-8f4">
         <name>dcMotor_Forward</name>
         <value>0x2be9</value>
         <object_component_ref idref="oc-3e0"/>
      </symbol>
      <symbol id="sm-8f5">
         <name>dcMotor_Left</name>
         <value>0x2841</value>
         <object_component_ref idref="oc-3e6"/>
      </symbol>
      <symbol id="sm-8f6">
         <name>dcMotor_Init</name>
         <value>0x2c39</value>
         <object_component_ref idref="oc-2d4"/>
      </symbol>
      <symbol id="sm-8f7">
         <name>dcMotor_Right</name>
         <value>0x2899</value>
         <object_component_ref idref="oc-3da"/>
      </symbol>
      <symbol id="sm-8f8">
         <name>dcMotor_Stop</name>
         <value>0x3319</value>
         <object_component_ref idref="oc-3d4"/>
      </symbol>
      <symbol id="sm-8f9">
         <name>dcMotor_Backward</name>
         <value>0x2d79</value>
         <object_component_ref idref="oc-3ce"/>
      </symbol>
      <symbol id="sm-8fa">
         <name>dcMotor_response</name>
         <value>0x1089</value>
         <object_component_ref idref="oc-2da"/>
      </symbol>
      <symbol id="sm-932">
         <name>Port2_Output2</name>
         <value>0x34e9</value>
         <object_component_ref idref="oc-3f4"/>
      </symbol>
      <symbol id="sm-933">
         <name>RedLED_Init</name>
         <value>0x3279</value>
         <object_component_ref idref="oc-2a0"/>
      </symbol>
      <symbol id="sm-934">
         <name>ColorLED_Init</name>
         <value>0x2e09</value>
         <object_component_ref idref="oc-29a"/>
      </symbol>
      <symbol id="sm-935">
         <name>outputLED_response</name>
         <value>0x1f61</value>
         <object_component_ref idref="oc-2e8"/>
      </symbol>
      <symbol id="sm-96b">
         <name>delay_us</name>
         <value>0x3501</value>
         <object_component_ref idref="oc-4ae"/>
      </symbol>
      <symbol id="sm-96c">
         <name>play_song</name>
         <value>0x139</value>
         <object_component_ref idref="oc-2cd"/>
      </symbol>
      <symbol id="sm-96d">
         <name>beep</name>
         <value>0x27e9</value>
         <object_component_ref idref="oc-3c0"/>
      </symbol>
      <symbol id="sm-96e">
         <name>init_song_pwm</name>
         <value>0x3341</value>
         <object_component_ref idref="oc-2c7"/>
      </symbol>
      <symbol id="sm-96f">
         <name>delay_ms</name>
         <value>0x3411</value>
         <object_component_ref idref="oc-3c6"/>
      </symbol>
      <symbol id="sm-9a3">
         <name>interruptVectors</name>
         <value>0x0</value>
         <object_component_ref idref="oc-13"/>
      </symbol>
      <symbol id="sm-9b5">
         <name>SystemInit</name>
         <value>0x2401</value>
         <object_component_ref idref="oc-8b"/>
      </symbol>
      <symbol id="sm-9d0">
         <name>memcpy</name>
         <value>0x1ac5</value>
         <object_component_ref idref="oc-59"/>
      </symbol>
      <symbol id="sm-9d1">
         <name>__aeabi_memcpy</name>
         <value>0x1ac5</value>
         <object_component_ref idref="oc-59"/>
      </symbol>
      <symbol id="sm-9d2">
         <name>__aeabi_memcpy8</name>
         <value>0x1ac5</value>
         <object_component_ref idref="oc-59"/>
      </symbol>
      <symbol id="sm-9d3">
         <name>__aeabi_memcpy4</name>
         <value>0x1ac5</value>
         <object_component_ref idref="oc-59"/>
      </symbol>
      <symbol id="sm-9e3">
         <name>__aeabi_memset</name>
         <value>0x20df</value>
         <object_component_ref idref="oc-d4"/>
      </symbol>
      <symbol id="sm-9e4">
         <name>memset</name>
         <value>0x20e5</value>
         <object_component_ref idref="oc-d4"/>
      </symbol>
      <symbol id="sm-9e5">
         <name>__aeabi_memset8</name>
         <value>0x20df</value>
         <object_component_ref idref="oc-d4"/>
      </symbol>
      <symbol id="sm-9e6">
         <name>__aeabi_memset4</name>
         <value>0x20df</value>
         <object_component_ref idref="oc-d4"/>
      </symbol>
      <symbol id="sm-9e7">
         <name>__aeabi_memclr8</name>
         <value>0x20dd</value>
         <object_component_ref idref="oc-d4"/>
      </symbol>
      <symbol id="sm-9e8">
         <name>__aeabi_memclr4</name>
         <value>0x20dd</value>
         <object_component_ref idref="oc-d4"/>
      </symbol>
      <symbol id="sm-9e9">
         <name>__aeabi_memclr</name>
         <value>0x20dd</value>
         <object_component_ref idref="oc-d4"/>
      </symbol>
      <symbol id="sm-9fb">
         <name>__TI_zero_init</name>
         <value>0x362d</value>
         <object_component_ref idref="oc-6b"/>
      </symbol>
      <symbol id="sm-a12">
         <name>__TI_decompress_none</name>
         <value>0x35f1</value>
         <object_component_ref idref="oc-1c"/>
      </symbol>
      <symbol id="sm-a35">
         <name>__TI_decompress_lzss</name>
         <value>0x2469</value>
         <object_component_ref idref="oc-16"/>
      </symbol>
      <symbol id="sm-a4a">
         <name>__stack</name>
         <value>0x2000fce0</value>
         <object_component_ref idref="oc-25"/>
      </symbol>
      <symbol id="sm-a4b">
         <name>_c_int00_noargs</name>
         <value>0x3081</value>
         <object_component_ref idref="oc-77"/>
      </symbol>
      <symbol id="sm-a74">
         <name>__TI_auto_init_nobinit_nopinit</name>
         <value>0x2e4d</value>
         <object_component_ref idref="oc-15d"/>
      </symbol>
      <symbol id="sm-a7e">
         <name>_system_pre_init</name>
         <value>0x5d5</value>
         <object_component_ref idref="oc-da"/>
      </symbol>
      <symbol id="sm-a8a">
         <name>C$$EXIT</name>
         <value>0x73d</value>
         <object_component_ref idref="oc-151"/>
      </symbol>
      <symbol id="sm-a8b">
         <name>abort</name>
         <value>0x73d</value>
         <object_component_ref idref="oc-151"/>
      </symbol>
      <symbol id="sm-a8e">
         <name>__TI_static_base__</name>
         <value>0x0</value>
      </symbol>
      <symbol id="sm-a91">
         <name>__mpu_init</name>
         <value>0x0</value>
      </symbol>
      <symbol id="sm-a92">
         <name>_system_post_cinit</name>
         <value>0x0</value>
      </symbol>
   </symbol_table>
   <title>Link successful</title>
</link_info>
