******************************************************************************
                  TI ARM Linker PC v20.2.5                     
******************************************************************************
>> Linked Fri Dec  9 14:57:05 2022

OUTPUT FILE NAME:   <RTOSDemo.out>
ENTRY POINT SYMBOL: "_c_int00_noargs"  address: 000034b1


MEMORY CONFIGURATION

         name            origin    length      used     unused   attr    fill
----------------------  --------  ---------  --------  --------  ----  --------
  MAIN                  00000000   00040000  00003aee  0003c512  R  X
  INFO                  00200000   00004000  00000000  00004000  R  X
  SRAM_CODE             01000000   00010000  00000000  00010000  RW X
  SRAM_DATA             20000000   00010000  0000ccbe  00003342  RW  


SEGMENT ALLOCATION MAP

run origin  load origin   length   init length attrs members
----------  ----------- ---------- ----------- ----- -------
00000000    00000000    00003af8   00003af8    r-x
  00000000    00000000    00000144   00000144    r-- .intvecs
  00000148    00000148    0000396a   0000396a    r-x .text
  00003ab4    00003ab4    00000008   00000008    r-- .const
  00003ac0    00003ac0    00000038   00000038    r-- .cinit
20000000    20000000    0000c9a0   00000000    rw-
  20000000    20000000    0000c936   00000000    rw- .bss
  2000c938    2000c938    00000068   00000000    rw- .data
2000fce0    2000fce0    00000320   00000000    rw-
  2000fce0    2000fce0    00000320   00000000    rw- .stack


SECTION ALLOCATION MAP

 output                                  attributes/
section   page    origin      length       input sections
--------  ----  ----------  ----------   ----------------
.intvecs   0    00000000    00000144     
                  00000000    00000144     msp432_startup_ccs.obj (.intvecs:retain)

.text      0    00000148    0000396a     
                  00000148    000002de     songFile.obj (.text:play_song)
                  00000426    00000002     --HOLE-- [fill = 0]
                  00000428    00000194     queue.obj (.text:xQueueGenericSend)
                  000005bc    00000004     rtsv7M4_T_le_v4SPD16_eabi.lib : pre_init.c.obj (.text:_system_pre_init)
                  000005c0    00000164     queue.obj (.text:xQueueReceive)
                  00000724    00000004     rtsv7M4_T_le_v4SPD16_eabi.lib : exit.c.obj (.text:abort:abort)
                  00000728    00000148     cs.obj (.text:CS_getDCOFrequency)
                  00000870    00000148     tasks.obj (.text:xTaskIncrementTick)
                  000009b8    00000134     port.obj (.text:vPortSuppressTicksAndSleep)
                  00000aec    00000004     --HOLE-- [fill = 0]
                  00000af0    0000012c     heap_4.obj (.text:pvPortMalloc)
                  00000c1c    00000004     --HOLE-- [fill = 0]
                  00000c20    0000011c     cs.obj (.text:CS_initClockSignal)
                  00000d3c    00000004     --HOLE-- [fill = 0]
                  00000d40    00000114     cs.obj (.text:_CSComputeCLKFrequency)
                  00000e54    00000004     --HOLE-- [fill = 0]
                  00000e58    0000010c     tasks.obj (.text:xTaskResumeAll)
                  00000f64    00000004     --HOLE-- [fill = 0]
                  00000f68    00000108     pcm.obj (.text:__PCM_setPowerModeAdvanced)
                  00001070    00000106     dcMotor.obj (.text:dcMotor_response)
                  00001176    00000002     --HOLE-- [fill = 0]
                  00001178    00000100     timers.obj (.text:prvProcessReceivedCommands)
                  00001278    000000f0     tasks.obj (.text:vTaskSuspend)
                  00001368    000000ec     main_program.obj (.text:main_program)
                  00001454    00000004     --HOLE-- [fill = 0]
                  00001458    000000e6     dcMotor.obj (.text:interrupt_response)
                  0000153e    00000002     --HOLE-- [fill = 0]
                  00001540    000000dc     port.obj (.text:xPortStartScheduler)
                  0000161c    000000da     portasm.obj (.text)
                  000016f6    00000002     --HOLE-- [fill = 0]
                  000016f8    000000d0     pcm.obj (.text:__PCM_setCoreVoltageLevelAdvanced)
                  000017c8    000000ce     queue.obj (.text:xQueueGenericSendFromISR)
                  00001896    00000002     --HOLE-- [fill = 0]
                  00001898    000000c8     tasks.obj (.text:xTaskPriorityDisinherit)
                  00001960    000000c6     tasks.obj (.text:prvInitialiseNewTask)
                  00001a26    00000002     --HOLE-- [fill = 0]
                  00001a28    000000b8     tasks.obj (.text:vTaskSwitchContext)
                  00001ae0    000000b4     tasks.obj (.text:prvAddNewTaskToReadyList)
                  00001b94    00000004     --HOLE-- [fill = 0]
                  00001b98    000000b4     queue.obj (.text:xQueueGiveFromISR)
                  00001c4c    00000004     --HOLE-- [fill = 0]
                  00001c50    000000a0     main_program.obj (.text:taskMasterThread)
                  00001cf0    0000009e     queue.obj (.text:xQueueReceiveFromISR)
                  00001d8e    0000009c     rtsv7M4_T_le_v4SPD16_eabi.lib : memcpy_t2.asm.obj (.text)
                  00001e2a    00000006     --HOLE-- [fill = 0]
                  00001e30    0000009c     tasks.obj (.text:xTaskRemoveFromEventList)
                  00001ecc    00000004     --HOLE-- [fill = 0]
                  00001ed0    00000094     timers.obj (.text:prvSwitchTimerLists)
                  00001f64    00000004     --HOLE-- [fill = 0]
                  00001f68    00000094     tasks.obj (.text:xTaskCheckForTimeOut)
                  00001ffc    00000004     --HOLE-- [fill = 0]
                  00002000    00000090     queue.obj (.text:xQueueGenericReset)
                  00002090    0000008c     tasks.obj (.text:vTaskResume)
                  0000211c    00000004     --HOLE-- [fill = 0]
                  00002120    00000088     tasks.obj (.text:prvAddCurrentTaskToDelayedList)
                  000021a8    00000084     tasks.obj (.text:vTaskStartScheduler)
                  0000222c    00000004     --HOLE-- [fill = 0]
                  00002230    0000007c     outputLED.obj (.text:outputLED_response)
                  000022ac    00000004     --HOLE-- [fill = 0]
                  000022b0    0000007c     tasks.obj (.text:prvIdleTask)
                  0000232c    00000004     --HOLE-- [fill = 0]
                  00002330    0000007c     heap_4.obj (.text:vPortFree)
                  000023ac    0000007a     rtsv7M4_T_le_v4SPD16_eabi.lib : memset_t2.asm.obj (.text)
                  00002426    00000002     --HOLE-- [fill = 0]
                  00002428    00000074     main_program.obj (.text:BumpEdgeTrigger_Init)
                  0000249c    00000004     --HOLE-- [fill = 0]
                  000024a0    00000074     outputLED.obj (.text:outputLED_response_interrupt)
                  00002514    00000004     --HOLE-- [fill = 0]
                  00002518    00000074     timers.obj (.text:xTimerGenericCommand)
                  0000258c    00000004     --HOLE-- [fill = 0]
                  00002590    00000070     queue.obj (.text:prvCopyDataToQueue)
                  00002600    00000070     heap_4.obj (.text:prvHeapInit)
                  00002670    00000070     tasks.obj (.text:prvInitialiseTaskLists)
                  000026e0    00000070     timers.obj (.text:prvProcessTimerOrBlockTask)
                  00002750    0000006c     queue.obj (.text:prvUnlockQueue)
                  000027bc    00000004     --HOLE-- [fill = 0]
                  000027c0    00000068     system_msp432p401r.obj (.text:SystemInit)
                  00002828    00000068     rtsv7M4_T_le_v4SPD16_eabi.lib : copy_decompress_lzss.c.obj (.text:decompress:lzss:__TI_decompress_lzss)
                  00002890    00000068     heap_4.obj (.text:prvInsertBlockIntoFreeList)
                  000028f8    00000068     port.obj (.text:vPortSetupTimerInterrupt)
                  00002960    00000068     tasks.obj (.text:xTaskCreate)
                  000029c8    00000064     main_program.obj (.text:taskReadInputSwitch)
                  00002a2c    00000004     --HOLE-- [fill = 0]
                  00002a30    00000064     port.obj (.text:vPortValidateInterruptPriority)
                  00002a94    00000004     --HOLE-- [fill = 0]
                  00002a98    00000060     timers.obj (.text:prvProcessExpiredTimer)
                  00002af8    0000005c     main_program.obj (.text:taskBumpSwitch)
                  00002b54    00000004     --HOLE-- [fill = 0]
                  00002b58    00000058     timers.obj (.text:xTimerCreateTimerTask)
                  00002bb0    00000054     sysctl.obj (.text:SysCtl_getTLVInfo)
                  00002c04    00000004     --HOLE-- [fill = 0]
                  00002c08    00000054     songFile.obj (.text:beep)
                  00002c5c    00000004     --HOLE-- [fill = 0]
                  00002c60    00000054     dcMotor.obj (.text:dcMotor_Backward)
                  00002cb4    00000004     --HOLE-- [fill = 0]
                  00002cb8    00000054     dcMotor.obj (.text:dcMotor_Left)
                  00002d0c    00000004     --HOLE-- [fill = 0]
                  00002d10    00000054     dcMotor.obj (.text:dcMotor_Right)
                  00002d64    00000004     --HOLE-- [fill = 0]
                  00002d68    00000054     tasks.obj (.text:prvCheckTasksWaitingTermination)
                  00002dbc    00000004     --HOLE-- [fill = 0]
                  00002dc0    00000054     timers.obj (.text:prvInsertTimerInActiveList)
                  00002e14    00000004     --HOLE-- [fill = 0]
                  00002e18    00000054     tasks.obj (.text:vTaskDelay)
                  00002e6c    00000004     --HOLE-- [fill = 0]
                  00002e70    00000052     cs.obj (.text:_CSGetDividerValue)
                  00002ec2    00000006     --HOLE-- [fill = 0]
                  00002ec8    00000050     bumpSwitch.obj (.text:BumpSwitch_Init)
                  00002f18    00000050     pcm.obj (.text:PCM_getCoreVoltageLevel)
                  00002f68    00000050     cs.obj (.text:_CSGetDOCFrequency)
                  00002fb8    00000050     tasks.obj (.text:prvGetExpectedIdleTime)
                  00003008    0000004c     timers.obj (.text:prvCheckForValidListAndQueue)
                  00003054    00000004     --HOLE-- [fill = 0]
                  00003058    0000004c     queue.obj (.text:xQueueGenericCreate)
                  000030a4    00000004     --HOLE-- [fill = 0]
                  000030a8    0000004a     main_program.obj (.text:prvConfigureClocks)
                  000030f2    00000006     --HOLE-- [fill = 0]
                  000030f8    00000048     queue.obj (.text:vQueueWaitForMessageRestricted)
                  00003140    00000044     main_program.obj (.text:Switch_Init)
                  00003184    00000044     rtsv7M4_T_le_v4SPD16_eabi.lib : autoinit.c.obj (.text:__TI_auto_init_nobinit_nopinit:__TI_auto_init_nobinit_nopinit)
                  000031c8    00000044     dcMotor.obj (.text:dcMotor_Init)
                  0000320c    00000004     --HOLE-- [fill = 0]
                  00003210    00000040     outputLED.obj (.text:ColorLED_Init)
                  00003250    00000040     dcMotor.obj (.text:dcMotor_Forward)
                  00003290    00000040     tasks.obj (.text:vTaskPlaceOnEventListRestricted)
                  000032d0    0000003c     tasks.obj (.text:eTaskConfirmSleepModeStatus)
                  0000330c    00000004     --HOLE-- [fill = 0]
                  00003310    0000003c     tasks.obj (.text:prvTaskIsTaskSuspended)
                  0000334c    00000004     --HOLE-- [fill = 0]
                  00003350    0000003c     port.obj (.text:vPortEnterCritical)
                  0000338c    00000004     --HOLE-- [fill = 0]
                  00003390    0000003a     pcm.obj (.text:PCM_getPowerMode)
                  000033ca    00000006     --HOLE-- [fill = 0]
                  000033d0    00000038     port.obj (.text:prvTaskExitError)
                  00003408    00000038     main_program.obj (.text:taskDisplayOutputLED)
                  00003440    00000038     main_program.obj (.text:taskdcMotor)
                  00003478    00000038     tasks.obj (.text:vTaskPlaceOnEventList)
                  000034b0    00000034     rtsv7M4_T_le_v4SPD16_eabi.lib : boot_cortex_m.c.obj (.text:_c_int00_noargs:_c_int00_noargs)
                  000034e4    00000004     --HOLE-- [fill = 0]
                  000034e8    00000034     list.obj (.text:vListInsert)
                  0000351c    00000004     --HOLE-- [fill = 0]
                  00003520    00000034     tasks.obj (.text:vTaskStepTick)
                  00003554    00000004     --HOLE-- [fill = 0]
                  00003558    00000030     flash.obj (.text:FlashCtl_setWaitState)
                  00003588    00000030     main_program.obj (.text:PORT4_IRQHandler)
                  000035b8    00000030     tasks.obj (.text:prvResetNextTaskUnblockTime)
                  000035e8    00000030     port.obj (.text:vPortExitCritical)
                  00003618    0000002c     cs.obj (.text:CS_setDCOCenteredFrequency)
                  00003644    00000004     --HOLE-- [fill = 0]
                  00003648    0000002c     timers.obj (.text:prvSampleTimeNow)
                  00003674    00000004     --HOLE-- [fill = 0]
                  00003678    0000002c     port.obj (.text:pxPortInitialiseStack)
                  000036a4    00000004     --HOLE-- [fill = 0]
                  000036a8    0000002c     port.obj (.text:xPortSysTickHandler)
                  000036d4    00000004     --HOLE-- [fill = 0]
                  000036d8    00000028     outputLED.obj (.text:RedLED_Init)
                  00003700    00000028     queue.obj (.text:prvCopyDataFromQueue)
                  00003728    00000026     list.obj (.text:uxListRemove)
                  0000374e    00000002     --HOLE-- [fill = 0]
                  00003750    00000024     cs.obj (.text:CS_clearInterruptFlag)
                  00003774    00000004     --HOLE-- [fill = 0]
                  00003778    00000024     dcMotor.obj (.text:dcMotor_Stop)
                  0000379c    00000004     --HOLE-- [fill = 0]
                  000037a0    00000024     songFile.obj (.text:init_song_pwm)
                  000037c4    00000004     --HOLE-- [fill = 0]
                  000037c8    00000024     timers.obj (.text:prvGetNextExpireTime)
                  000037ec    00000004     --HOLE-- [fill = 0]
                  000037f0    00000020     tasks.obj (.text:xTaskGetSchedulerState)
                  00003810    0000001e     queue.obj (.text:prvInitialiseNewQueue)
                  0000382e    00000002     --HOLE-- [fill = 0]
                  00003830    0000001e     queue.obj (.text:prvIsQueueFull)
                  0000384e    00000002     --HOLE-- [fill = 0]
                  00003850    0000001e     list.obj (.text:vListInitialise)
                  0000386e    00000002     --HOLE-- [fill = 0]
                  00003870    0000001a     songFile.obj (.text:delay_ms)
                  0000388a    00000006     --HOLE-- [fill = 0]
                  00003890    0000001a     queue.obj (.text:prvIsQueueEmpty)
                  000038aa    00000006     --HOLE-- [fill = 0]
                  000038b0    0000001a     timers.obj (.text:prvTimerTask)
                  000038ca    00000006     --HOLE-- [fill = 0]
                  000038d0    00000018     cs.obj (.text:CS_getMCLK)
                  000038e8    00000018     SysTick.obj (.text:SysTick_Init)
                  00003900    00000018     msp432_startup_ccs.obj (.text:resetISR)
                  00003918    00000018     list.obj (.text:vListInsertEnd)
                  00003930    00000018     tasks.obj (.text:vTaskInternalSetTimeOutState)
                  00003948    00000014     outputLED.obj (.text:Port2_Output2)
                  0000395c    00000004     --HOLE-- [fill = 0]
                  00003960    00000014     songFile.obj (.text:delay_us)
                  00003974    00000004     --HOLE-- [fill = 0]
                  00003978    00000014     main.obj (.text:prvSetupHardware)
                  0000398c    00000004     --HOLE-- [fill = 0]
                  00003990    00000012     tasks.obj (.text:prvDeleteTCB)
                  000039a2    00000006     --HOLE-- [fill = 0]
                  000039a8    00000012     main.obj (.text:vApplicationMallocFailedHook)
                  000039ba    00000006     --HOLE-- [fill = 0]
                  000039c0    00000012     main.obj (.text:vApplicationStackOverflowHook)
                  000039d2    00000006     --HOLE-- [fill = 0]
                  000039d8    00000010     bumpSwitch.obj (.text:Bump_Read_Input)
                  000039e8    00000010     fpu.obj (.text:FPU_enableModule)
                  000039f8    00000010     tasks.obj (.text:vTaskSuspendAll)
                  00003a08    0000000e     rtsv7M4_T_le_v4SPD16_eabi.lib : copy_decompress_none.c.obj (.text:decompress:none:__TI_decompress_none)
                  00003a16    00000002     --HOLE-- [fill = 0]
                  00003a18    0000000e     main.obj (.text:main)
                  00003a26    00000002     --HOLE-- [fill = 0]
                  00003a28    0000000e     main_program.obj (.text:taskPlaySong)
                  00003a36    00000002     --HOLE-- [fill = 0]
                  00003a38    0000000c     pcm.obj (.text:PCM_getPowerState)
                  00003a44    0000000c     rtsv7M4_T_le_v4SPD16_eabi.lib : copy_zero_init.c.obj (.text:decompress:ZI:__TI_zero_init)
                  00003a50    0000000c     tasks.obj (.text:vTaskMissedYield)
                  00003a5c    00000004     --HOLE-- [fill = 0]
                  00003a60    0000000c     tasks.obj (.text:xTaskGetTickCount)
                  00003a6c    00000004     --HOLE-- [fill = 0]
                  00003a70    00000008     pcm.obj (.text:PCM_setCoreVoltageLevel)
                  00003a78    00000008     pcm.obj (.text:PCM_setPowerMode)
                  00003a80    00000006     list.obj (.text:vListInitialiseItem)
                  00003a86    00000002     --HOLE-- [fill = 0]
                  00003a88    00000002     msp432_startup_ccs.obj (.text:defaultISR)
                  00003a8a    00000006     --HOLE-- [fill = 0]
                  00003a90    00000002     msp432_startup_ccs.obj (.text:faultISR)
                  00003a92    00000006     --HOLE-- [fill = 0]
                  00003a98    00000002     msp432_startup_ccs.obj (.text:nmiISR)
                  00003a9a    00000006     --HOLE-- [fill = 0]
                  00003aa0    00000002     main.obj (.text:vApplicationIdleHook)
                  00003aa2    00000006     --HOLE-- [fill = 0]
                  00003aa8    00000002     main_program.obj (.text:vApplicationTickHook)
                  00003aaa    00000006     --HOLE-- [fill = 0]
                  00003ab0    00000002     main_program.obj (.text:vPreSleepProcessing)

.const     0    00003ab4    00000008     
                  00003ab4    00000008     port.obj (.const)

.cinit     0    00003ac0    00000038     
                  00003ac0    00000014     (.cinit..data.load) [load image, compression = lzss]
                  00003ad4    0000000c     (__TI_handler_table)
                  00003ae0    00000008     (.cinit..bss.load) [load image, compression = zero_init]
                  00003ae8    00000010     (__TI_cinit_table)

.bss       0    20000000    0000c936     UNINITIALIZED
                  20000000    0000c800     heap_4.obj (.bss:ucHeap)
                  2000c800    00000064     tasks.obj (.bss:pxReadyTasksLists)
                  2000c864    00000014     timers.obj (.bss:xActiveTimerList1)
                  2000c878    00000014     timers.obj (.bss:xActiveTimerList2)
                  2000c88c    00000014     tasks.obj (.bss:xDelayedTaskList1)
                  2000c8a0    00000014     tasks.obj (.bss:xDelayedTaskList2)
                  2000c8b4    00000014     tasks.obj (.bss:xPendingReadyList)
                  2000c8c8    00000014     tasks.obj (.bss:xSuspendedTaskList)
                  2000c8dc    00000014     tasks.obj (.bss:xTasksWaitingTermination)
                  2000c8f0    00000008     cs.obj (.bss)
                  2000c8f8    00000008     tasks.obj (.bss)
                  2000c900    00000008     timers.obj (.bss)
                  2000c908    00000008     heap_4.obj (.bss:xStart)
                  2000c910    00000004     (.common:mode)
                  2000c914    00000004     (.common:taskHandle_BlinkRedLED)
                  2000c918    00000004     (.common:taskHandle_BumpSwitch)
                  2000c91c    00000004     (.common:taskHandle_InputSwitch)
                  2000c920    00000004     (.common:taskHandle_OutputLED)
                  2000c924    00000004     (.common:taskHandle_PlaySong)
                  2000c928    00000004     (.common:taskHandle_dcMotor)
                  2000c92c    00000004     (.common:xHigherPriorityTaskWoken)
                  2000c930    00000004     (.common:xSemaphore)
                  2000c934    00000001     (.common:bumpSwitch_status)
                  2000c935    00000001     (.common:status)

.data      0    2000c938    00000068     UNINITIALIZED
                  2000c938    00000034     tasks.obj (.data)
                  2000c96c    00000018     port.obj (.data)
                  2000c984    00000010     heap_4.obj (.data)
                  2000c994    0000000c     timers.obj (.data)

.stack     0    2000fce0    00000320     UNINITIALIZED
                  2000fce0    00000004     rtsv7M4_T_le_v4SPD16_eabi.lib : boot_cortex_m.c.obj (.stack)
                  2000fce4    0000031c     --HOLE--

__llvm_prf_cnts 
*          0    20000000    00000000     UNINITIALIZED

MODULE SUMMARY

       Module                       code    ro data   rw data
       ------                       ----    -------   -------
    .\
       main.obj                     72      0         0      
    +--+----------------------------+-------+---------+---------+
       Total:                       72      0         0      
                                                             
    .\FreeRTOS_Source\
       tasks.obj                    3352    0         260    
       queue.obj                    1942    0         0      
       timers.obj                   1082    0         60     
       list.obj                     150     0         0      
    +--+----------------------------+-------+---------+---------+
       Total:                       6526    0         320    
                                                             
    .\FreeRTOS_Source\portable\CCS\ARM_CM4F\
       port.obj                     984     8         24     
       portasm.obj                  218     0         0      
    +--+----------------------------+-------+---------+---------+
       Total:                       1202    8         24     
                                                             
    .\FreeRTOS_Source\portable\MemMang\
       heap_4.obj                   640     0         51224  
    +--+----------------------------+-------+---------+---------+
       Total:                       640     0         51224  
                                                             
    .\MainProgram\
       main_program.obj             1024    0         38     
    +--+----------------------------+-------+---------+---------+
       Total:                       1024    0         38     
                                                             
    .\driverlib\
       cs.obj                       1154    0         8      
       pcm.obj                      638     0         0      
       sysctl.obj                   84      0         0      
       flash.obj                    48      0         0      
       fpu.obj                      16      0         0      
    +--+----------------------------+-------+---------+---------+
       Total:                       1940    0         8      
                                                             
    .\inc\
       dcMotor.obj                  912     0         0      
       songFile.obj                 900     0         0      
       outputLED.obj                364     0         0      
       bumpSwitch.obj               96      0         0      
       SysTick.obj                  24      0         0      
    +--+----------------------------+-------+---------+---------+
       Total:                       2296    0         0      
                                                             
    .\system\CCS\
       msp432_startup_ccs.obj       30      324       0      
       system_msp432p401r.obj       104     0         0      
    +--+----------------------------+-------+---------+---------+
       Total:                       134     324       0      
                                                             
    C:\TI\ccs\tools\compiler\ti-cgt-arm_20.2.5.LTS\lib\rtsv7M4_T_le_v4SPD16_eabi.lib
       memcpy_t2.asm.obj            156     0         0      
       memset_t2.asm.obj            122     0         0      
       copy_decompress_lzss.c.obj   104     0         0      
       autoinit.c.obj               68      0         0      
       boot_cortex_m.c.obj          52      0         0      
       copy_decompress_none.c.obj   14      0         0      
       copy_zero_init.c.obj         12      0         0      
       exit.c.obj                   4       0         0      
       pre_init.c.obj               4       0         0      
    +--+----------------------------+-------+---------+---------+
       Total:                       536     0         0      
                                                             
       Stack:                       0       0         800    
       Linker Generated:            0       56        0      
    +--+----------------------------+-------+---------+---------+
       Grand Total:                 14370   388       52414  


LINKER GENERATED COPY TABLES

__TI_cinit_table @ 00003ae8 records: 2, size/record: 8, table size: 16
	.data: load addr=00003ac0, load size=00000014 bytes, run addr=2000c938, run size=00000068 bytes, compression=lzss
	.bss: load addr=00003ae0, load size=00000008 bytes, run addr=20000000, run size=0000c936 bytes, compression=zero_init


LINKER GENERATED HANDLER TABLE

__TI_handler_table @ 00003ad4 records: 3, size/record: 4, table size: 12
	index: 0, handler: __TI_decompress_lzss
	index: 1, handler: __TI_decompress_none
	index: 2, handler: __TI_zero_init


GLOBAL SYMBOLS: SORTED ALPHABETICALLY BY Name 

address   name                           
-------   ----                           
00002429  BumpEdgeTrigger_Init           
00002ec9  BumpSwitch_Init                
000039d9  Bump_Read_Input                
00000725  C$$EXIT                        
00003751  CS_clearInterruptFlag          
00000729  CS_getDCOFrequency             
000038d1  CS_getMCLK                     
00000c21  CS_initClockSignal             
00003619  CS_setDCOCenteredFrequency     
00003211  ColorLED_Init                  
000039e9  FPU_enableModule               
00003559  FlashCtl_setWaitState          
00002f19  PCM_getCoreVoltageLevel        
00003391  PCM_getPowerMode               
00003a39  PCM_getPowerState              
00003a71  PCM_setCoreVoltageLevel        
00003a79  PCM_setPowerMode               
00003589  PORT4_IRQHandler               
00003949  Port2_Output2                  
000036d9  RedLED_Init                    
00002bb1  SysCtl_getTLVInfo              
000038e9  SysTick_Init                   
000027c1  SystemInit                     
4000480c  WDTCTL_SYM                     
20010000  __STACK_END                    
00000320  __STACK_SIZE                   
00003ae8  __TI_CINIT_Base                
00003af8  __TI_CINIT_Limit               
00003ad4  __TI_Handler_Table_Base        
00003ae0  __TI_Handler_Table_Limit       
00003185  __TI_auto_init_nobinit_nopinit 
00002829  __TI_decompress_lzss           
00003a09  __TI_decompress_none           
ffffffff  __TI_pprof_out_hndl            
ffffffff  __TI_prof_data_size            
ffffffff  __TI_prof_data_start           
00000000  __TI_static_base__             
00003a45  __TI_zero_init                 
000023ad  __aeabi_memclr                 
000023ad  __aeabi_memclr4                
000023ad  __aeabi_memclr8                
00001d8f  __aeabi_memcpy                 
00001d8f  __aeabi_memcpy4                
00001d8f  __aeabi_memcpy8                
000023af  __aeabi_memset                 
000023af  __aeabi_memset4                
000023af  __aeabi_memset8                
ffffffff  __binit__                      
ffffffff  __c_args__                     
UNDEFED   __mpu_init                     
2000fce0  __stack                        
20000000  __start___llvm_prf_cnts        
20000000  __stop___llvm_prf_cnts         
000034b1  _c_int00_noargs                
UNDEFED   _system_post_cinit             
000005bd  _system_pre_init               
00000725  abort                          
00002c09  beep                           
ffffffff  binit                          
2000c934  bumpSwitch_status              
00002c61  dcMotor_Backward               
00003251  dcMotor_Forward                
000031c9  dcMotor_Init                   
00002cb9  dcMotor_Left                   
00002d11  dcMotor_Right                  
00003779  dcMotor_Stop                   
00001071  dcMotor_response               
00003871  delay_ms                       
00003961  delay_us                       
000032d1  eTaskConfirmSleepModeStatus    
000037a1  init_song_pwm                  
00000000  interruptVectors               
00001459  interrupt_response             
00003a19  main                           
00001369  main_program                   
00001d8f  memcpy                         
000023b5  memset                         
2000c910  mode                           
00002231  outputLED_response             
000024a1  outputLED_response_interrupt   
00000149  play_song                      
00000af1  pvPortMalloc                   
2000c938  pxCurrentTCB                   
00003679  pxPortInitialiseStack          
2000c935  status                         
2000c914  taskHandle_BlinkRedLED         
2000c918  taskHandle_BumpSwitch          
2000c91c  taskHandle_InputSwitch         
2000c920  taskHandle_OutputLED           
2000c924  taskHandle_PlaySong            
2000c928  taskHandle_dcMotor             
00003ab4  ulMaxSyscallInterruptPriority  
0000162d  ulPortGetIPSR                  
00003729  uxListRemove                   
00003aa1  vApplicationIdleHook           
000039a9  vApplicationMallocFailedHook   
000039c1  vApplicationStackOverflowHook  
00003aa9  vApplicationTickHook           
00003851  vListInitialise                
00003a81  vListInitialiseItem            
000034e9  vListInsert                    
00003919  vListInsertEnd                 
000016e9  vPortEnableVFP                 
00003351  vPortEnterCritical             
000035e9  vPortExitCritical              
00002331  vPortFree                      
000016a5  vPortSVCHandler                
000028f9  vPortSetupTimerInterrupt       
000016c5  vPortStartFirstTask            
000009b9  vPortSuppressTicksAndSleep     
00002a31  vPortValidateInterruptPriority 
00003ab1  vPreSleepProcessing            
000030f9  vQueueWaitForMessageRestricted 
00002e19  vTaskDelay                     
00003931  vTaskInternalSetTimeOutState   
00003a51  vTaskMissedYield               
00003479  vTaskPlaceOnEventList          
00003291  vTaskPlaceOnEventListRestricted
00002091  vTaskResume                    
000021a9  vTaskStartScheduler            
00003521  vTaskStepTick                  
00001279  vTaskSuspend                   
000039f9  vTaskSuspendAll                
00001a29  vTaskSwitchContext             
2000c92c  xHigherPriorityTaskWoken       
00001645  xPortPendSVHandler             
00001541  xPortStartScheduler            
000036a9  xPortSysTickHandler            
00003059  xQueueGenericCreate            
00002001  xQueueGenericReset             
00000429  xQueueGenericSend              
000017c9  xQueueGenericSendFromISR       
00001b99  xQueueGiveFromISR              
000005c1  xQueueReceive                  
00001cf1  xQueueReceiveFromISR           
2000c930  xSemaphore                     
00001f69  xTaskCheckForTimeOut           
00002961  xTaskCreate                    
000037f1  xTaskGetSchedulerState         
00003a61  xTaskGetTickCount              
00000871  xTaskIncrementTick             
00001899  xTaskPriorityDisinherit        
00001e31  xTaskRemoveFromEventList       
00000e59  xTaskResumeAll                 
00002b59  xTimerCreateTimerTask          
00002519  xTimerGenericCommand           


GLOBAL SYMBOLS: SORTED BY Symbol Address 

address   name                           
-------   ----                           
00000000  __TI_static_base__             
00000000  interruptVectors               
00000149  play_song                      
00000320  __STACK_SIZE                   
00000429  xQueueGenericSend              
000005bd  _system_pre_init               
000005c1  xQueueReceive                  
00000725  C$$EXIT                        
00000725  abort                          
00000729  CS_getDCOFrequency             
00000871  xTaskIncrementTick             
000009b9  vPortSuppressTicksAndSleep     
00000af1  pvPortMalloc                   
00000c21  CS_initClockSignal             
00000e59  xTaskResumeAll                 
00001071  dcMotor_response               
00001279  vTaskSuspend                   
00001369  main_program                   
00001459  interrupt_response             
00001541  xPortStartScheduler            
0000162d  ulPortGetIPSR                  
00001645  xPortPendSVHandler             
000016a5  vPortSVCHandler                
000016c5  vPortStartFirstTask            
000016e9  vPortEnableVFP                 
000017c9  xQueueGenericSendFromISR       
00001899  xTaskPriorityDisinherit        
00001a29  vTaskSwitchContext             
00001b99  xQueueGiveFromISR              
00001cf1  xQueueReceiveFromISR           
00001d8f  __aeabi_memcpy                 
00001d8f  __aeabi_memcpy4                
00001d8f  __aeabi_memcpy8                
00001d8f  memcpy                         
00001e31  xTaskRemoveFromEventList       
00001f69  xTaskCheckForTimeOut           
00002001  xQueueGenericReset             
00002091  vTaskResume                    
000021a9  vTaskStartScheduler            
00002231  outputLED_response             
00002331  vPortFree                      
000023ad  __aeabi_memclr                 
000023ad  __aeabi_memclr4                
000023ad  __aeabi_memclr8                
000023af  __aeabi_memset                 
000023af  __aeabi_memset4                
000023af  __aeabi_memset8                
000023b5  memset                         
00002429  BumpEdgeTrigger_Init           
000024a1  outputLED_response_interrupt   
00002519  xTimerGenericCommand           
000027c1  SystemInit                     
00002829  __TI_decompress_lzss           
000028f9  vPortSetupTimerInterrupt       
00002961  xTaskCreate                    
00002a31  vPortValidateInterruptPriority 
00002b59  xTimerCreateTimerTask          
00002bb1  SysCtl_getTLVInfo              
00002c09  beep                           
00002c61  dcMotor_Backward               
00002cb9  dcMotor_Left                   
00002d11  dcMotor_Right                  
00002e19  vTaskDelay                     
00002ec9  BumpSwitch_Init                
00002f19  PCM_getCoreVoltageLevel        
00003059  xQueueGenericCreate            
000030f9  vQueueWaitForMessageRestricted 
00003185  __TI_auto_init_nobinit_nopinit 
000031c9  dcMotor_Init                   
00003211  ColorLED_Init                  
00003251  dcMotor_Forward                
00003291  vTaskPlaceOnEventListRestricted
000032d1  eTaskConfirmSleepModeStatus    
00003351  vPortEnterCritical             
00003391  PCM_getPowerMode               
00003479  vTaskPlaceOnEventList          
000034b1  _c_int00_noargs                
000034e9  vListInsert                    
00003521  vTaskStepTick                  
00003559  FlashCtl_setWaitState          
00003589  PORT4_IRQHandler               
000035e9  vPortExitCritical              
00003619  CS_setDCOCenteredFrequency     
00003679  pxPortInitialiseStack          
000036a9  xPortSysTickHandler            
000036d9  RedLED_Init                    
00003729  uxListRemove                   
00003751  CS_clearInterruptFlag          
00003779  dcMotor_Stop                   
000037a1  init_song_pwm                  
000037f1  xTaskGetSchedulerState         
00003851  vListInitialise                
00003871  delay_ms                       
000038d1  CS_getMCLK                     
000038e9  SysTick_Init                   
00003919  vListInsertEnd                 
00003931  vTaskInternalSetTimeOutState   
00003949  Port2_Output2                  
00003961  delay_us                       
000039a9  vApplicationMallocFailedHook   
000039c1  vApplicationStackOverflowHook  
000039d9  Bump_Read_Input                
000039e9  FPU_enableModule               
000039f9  vTaskSuspendAll                
00003a09  __TI_decompress_none           
00003a19  main                           
00003a39  PCM_getPowerState              
00003a45  __TI_zero_init                 
00003a51  vTaskMissedYield               
00003a61  xTaskGetTickCount              
00003a71  PCM_setCoreVoltageLevel        
00003a79  PCM_setPowerMode               
00003a81  vListInitialiseItem            
00003aa1  vApplicationIdleHook           
00003aa9  vApplicationTickHook           
00003ab1  vPreSleepProcessing            
00003ab4  ulMaxSyscallInterruptPriority  
00003ad4  __TI_Handler_Table_Base        
00003ae0  __TI_Handler_Table_Limit       
00003ae8  __TI_CINIT_Base                
00003af8  __TI_CINIT_Limit               
20000000  __start___llvm_prf_cnts        
20000000  __stop___llvm_prf_cnts         
2000c910  mode                           
2000c914  taskHandle_BlinkRedLED         
2000c918  taskHandle_BumpSwitch          
2000c91c  taskHandle_InputSwitch         
2000c920  taskHandle_OutputLED           
2000c924  taskHandle_PlaySong            
2000c928  taskHandle_dcMotor             
2000c92c  xHigherPriorityTaskWoken       
2000c930  xSemaphore                     
2000c934  bumpSwitch_status              
2000c935  status                         
2000c938  pxCurrentTCB                   
2000fce0  __stack                        
20010000  __STACK_END                    
4000480c  WDTCTL_SYM                     
ffffffff  __TI_pprof_out_hndl            
ffffffff  __TI_prof_data_size            
ffffffff  __TI_prof_data_start           
ffffffff  __binit__                      
ffffffff  __c_args__                     
ffffffff  binit                          
UNDEFED   __mpu_init                     
UNDEFED   _system_post_cinit             

[146 symbols]
